Archive member included to satisfy reference by file (symbol)

d:/programme/cubeide/stm32cubeide_1.3.0/stm32cubeide/plugins/com.st.stm32cube.ide.mcu.externaltools.gnu-tools-for-stm32.7-2018-q2-update.win32_1.0.0.201904181610/tools/bin/../lib/gcc/arm-none-eabi/7.3.1/../../../../arm-none-eabi/lib/thumb/v7e-m/fpv4-sp/hard\libc_nano.a(lib_a-errno.o)
                              Core/Src/syscalls.o (__errno)
d:/programme/cubeide/stm32cubeide_1.3.0/stm32cubeide/plugins/com.st.stm32cube.ide.mcu.externaltools.gnu-tools-for-stm32.7-2018-q2-update.win32_1.0.0.201904181610/tools/bin/../lib/gcc/arm-none-eabi/7.3.1/../../../../arm-none-eabi/lib/thumb/v7e-m/fpv4-sp/hard\libc_nano.a(lib_a-exit.o)
                              d:/programme/cubeide/stm32cubeide_1.3.0/stm32cubeide/plugins/com.st.stm32cube.ide.mcu.externaltools.gnu-tools-for-stm32.7-2018-q2-update.win32_1.0.0.201904181610/tools/bin/../lib/gcc/arm-none-eabi/7.3.1/../../../../arm-none-eabi/lib/thumb/v7e-m/fpv4-sp/hard/crt0.o (exit)
d:/programme/cubeide/stm32cubeide_1.3.0/stm32cubeide/plugins/com.st.stm32cube.ide.mcu.externaltools.gnu-tools-for-stm32.7-2018-q2-update.win32_1.0.0.201904181610/tools/bin/../lib/gcc/arm-none-eabi/7.3.1/../../../../arm-none-eabi/lib/thumb/v7e-m/fpv4-sp/hard\libc_nano.a(lib_a-impure.o)
                              d:/programme/cubeide/stm32cubeide_1.3.0/stm32cubeide/plugins/com.st.stm32cube.ide.mcu.externaltools.gnu-tools-for-stm32.7-2018-q2-update.win32_1.0.0.201904181610/tools/bin/../lib/gcc/arm-none-eabi/7.3.1/../../../../arm-none-eabi/lib/thumb/v7e-m/fpv4-sp/hard\libc_nano.a(lib_a-exit.o) (_global_impure_ptr)
d:/programme/cubeide/stm32cubeide_1.3.0/stm32cubeide/plugins/com.st.stm32cube.ide.mcu.externaltools.gnu-tools-for-stm32.7-2018-q2-update.win32_1.0.0.201904181610/tools/bin/../lib/gcc/arm-none-eabi/7.3.1/../../../../arm-none-eabi/lib/thumb/v7e-m/fpv4-sp/hard\libc_nano.a(lib_a-init.o)
                              d:/programme/cubeide/stm32cubeide_1.3.0/stm32cubeide/plugins/com.st.stm32cube.ide.mcu.externaltools.gnu-tools-for-stm32.7-2018-q2-update.win32_1.0.0.201904181610/tools/bin/../lib/gcc/arm-none-eabi/7.3.1/../../../../arm-none-eabi/lib/thumb/v7e-m/fpv4-sp/hard/crt0.o (__libc_init_array)
d:/programme/cubeide/stm32cubeide_1.3.0/stm32cubeide/plugins/com.st.stm32cube.ide.mcu.externaltools.gnu-tools-for-stm32.7-2018-q2-update.win32_1.0.0.201904181610/tools/bin/../lib/gcc/arm-none-eabi/7.3.1/../../../../arm-none-eabi/lib/thumb/v7e-m/fpv4-sp/hard\libc_nano.a(lib_a-memset.o)
                              d:/programme/cubeide/stm32cubeide_1.3.0/stm32cubeide/plugins/com.st.stm32cube.ide.mcu.externaltools.gnu-tools-for-stm32.7-2018-q2-update.win32_1.0.0.201904181610/tools/bin/../lib/gcc/arm-none-eabi/7.3.1/../../../../arm-none-eabi/lib/thumb/v7e-m/fpv4-sp/hard/crt0.o (memset)

Allocating common symbols
Common symbol       size              file

hdma_uart4_rx       0x44              Core/Src/main.o
_hspi1              0x4               Core/Src/spi_handler/spi_handler.o
hi2c1               0x4c              Core/Src/main.o
hiwdg               0x10              Core/Src/main.o
hcrc                0x24              Core/Src/main.o
_huart              0x4               Core/Src/command_parser/commands_parser.o
uwTick              0x4               Drivers/STM32F3xx_HAL_Driver/Src/stm32f3xx_hal.o
pFlash              0x20              Drivers/STM32F3xx_HAL_Driver/Src/stm32f3xx_hal_flash.o
fpga_data           0x10              Core/Src/spi_handler/spi_handler.o
huart5              0x80              Core/Src/main.o
hadc1               0x50              Core/Src/main.o
_hcrc               0x4               Core/Src/command_parser/commands_parser.o
acc_data            0x10              Core/Src/spi_handler/spi_handler.o
Tx_buffer           0x20              Core/Src/command_parser/commands_parser.o
huart4              0x80              Core/Src/main.o
hspi1               0x64              Core/Src/main.o
hpcd_USB_FS         0x2ec             Core/Src/main.o
CMDs_buffer         0x18              Core/Src/command_parser/commands_parser.o

Discarded input sections

 .text          0x0000000000000000        0x0 d:/programme/cubeide/stm32cubeide_1.3.0/stm32cubeide/plugins/com.st.stm32cube.ide.mcu.externaltools.gnu-tools-for-stm32.7-2018-q2-update.win32_1.0.0.201904181610/tools/bin/../lib/gcc/arm-none-eabi/7.3.1/thumb/v7e-m/fpv4-sp/hard/crti.o
 .data          0x0000000000000000        0x0 d:/programme/cubeide/stm32cubeide_1.3.0/stm32cubeide/plugins/com.st.stm32cube.ide.mcu.externaltools.gnu-tools-for-stm32.7-2018-q2-update.win32_1.0.0.201904181610/tools/bin/../lib/gcc/arm-none-eabi/7.3.1/thumb/v7e-m/fpv4-sp/hard/crti.o
 .bss           0x0000000000000000        0x0 d:/programme/cubeide/stm32cubeide_1.3.0/stm32cubeide/plugins/com.st.stm32cube.ide.mcu.externaltools.gnu-tools-for-stm32.7-2018-q2-update.win32_1.0.0.201904181610/tools/bin/../lib/gcc/arm-none-eabi/7.3.1/thumb/v7e-m/fpv4-sp/hard/crti.o
[...]
Memory Configuration

Name             Origin             Length             Attributes
CCMRAM           0x0000000010000000 0x0000000000002000 xrw
RAM              0x0000000020000000 0x000000000000a000 xrw
FLASH            0x0000000008000000 0x0000000000040000 xr
*default*        0x0000000000000000 0xffffffffffffffff

Linker script and memory map

LOAD d:/programme/cubeide/stm32cubeide_1.3.0/stm32cubeide/plugins/com.st.stm32cube.ide.mcu.externaltools.gnu-tools-for-stm32.7-2018-q2-update.win32_1.0.0.201904181610/tools/bin/../lib/gcc/arm-none-eabi/7.3.1/thumb/v7e-m/fpv4-sp/hard/crti.o
LOAD d:/programme/cubeide/stm32cubeide_1.3.0/stm32cubeide/plugins/com.st.stm32cube.ide.mcu.externaltools.gnu-tools-for-stm32.7-2018-q2-update.win32_1.0.0.201904181610/tools/bin/../lib/gcc/arm-none-eabi/7.3.1/thumb/v7e-m/fpv4-sp/hard/crtbegin.o
LOAD d:/programme/cubeide/stm32cubeide_1.3.0/stm32cubeide/plugins/com.st.stm32cube.ide.mcu.externaltools.gnu-tools-for-stm32.7-2018-q2-update.win32_1.0.0.201904181610/tools/bin/../lib/gcc/arm-none-eabi/7.3.1/../../../../arm-none-eabi/lib/thumb/v7e-m/fpv4-sp/hard/crt0.o
LOAD Core/Src/command_parser/commands.o
LOAD Core/Src/command_parser/commands_parser.o
LOAD Core/Src/main.o
LOAD Core/Src/stm32f3xx_hal_msp.o
LOAD Core/Src/stm32f3xx_it.o
LOAD Core/Src/syscalls.o
LOAD Core/Src/sysmem.o
LOAD Core/Src/system_stm32f3xx.o
LOAD Core/Src/spi_handler/spi_handler.o
LOAD Core/Startup/startup_stm32f303vctx.o
LOAD Drivers/STM32F3xx_HAL_Driver/Src/stm32f3xx_hal.o
LOAD Drivers/STM32F3xx_HAL_Driver/Src/stm32f3xx_hal_adc.o
LOAD Drivers/STM32F3xx_HAL_Driver/Src/stm32f3xx_hal_adc_ex.o
LOAD Drivers/STM32F3xx_HAL_Driver/Src/stm32f3xx_hal_cortex.o
LOAD Drivers/STM32F3xx_HAL_Driver/Src/stm32f3xx_hal_crc.o
LOAD Drivers/STM32F3xx_HAL_Driver/Src/stm32f3xx_hal_crc_ex.o
LOAD Drivers/STM32F3xx_HAL_Driver/Src/stm32f3xx_hal_dma.o
LOAD Drivers/STM32F3xx_HAL_Driver/Src/stm32f3xx_hal_exti.o
LOAD Drivers/STM32F3xx_HAL_Driver/Src/stm32f3xx_hal_flash.o
LOAD Drivers/STM32F3xx_HAL_Driver/Src/stm32f3xx_hal_flash_ex.o
LOAD Drivers/STM32F3xx_HAL_Driver/Src/stm32f3xx_hal_gpio.o
LOAD Drivers/STM32F3xx_HAL_Driver/Src/stm32f3xx_hal_i2c.o
LOAD Drivers/STM32F3xx_HAL_Driver/Src/stm32f3xx_hal_i2c_ex.o
LOAD Drivers/STM32F3xx_HAL_Driver/Src/stm32f3xx_hal_iwdg.o
LOAD Drivers/STM32F3xx_HAL_Driver/Src/stm32f3xx_hal_pcd.o
LOAD Drivers/STM32F3xx_HAL_Driver/Src/stm32f3xx_hal_pcd_ex.o
LOAD Drivers/STM32F3xx_HAL_Driver/Src/stm32f3xx_hal_pwr.o
LOAD Drivers/STM32F3xx_HAL_Driver/Src/stm32f3xx_hal_pwr_ex.o
LOAD Drivers/STM32F3xx_HAL_Driver/Src/stm32f3xx_hal_rcc.o
LOAD Drivers/STM32F3xx_HAL_Driver/Src/stm32f3xx_hal_rcc_ex.o
LOAD Drivers/STM32F3xx_HAL_Driver/Src/stm32f3xx_hal_spi.o
LOAD Drivers/STM32F3xx_HAL_Driver/Src/stm32f3xx_hal_spi_ex.o
LOAD Drivers/STM32F3xx_HAL_Driver/Src/stm32f3xx_hal_tim.o
LOAD Drivers/STM32F3xx_HAL_Driver/Src/stm32f3xx_hal_tim_ex.o
LOAD Drivers/STM32F3xx_HAL_Driver/Src/stm32f3xx_hal_uart.o
LOAD Drivers/STM32F3xx_HAL_Driver/Src/stm32f3xx_hal_uart_ex.o
LOAD Drivers/STM32F3xx_HAL_Driver/Src/stm32f3xx_ll_usb.o
START GROUP
LOAD d:/programme/cubeide/stm32cubeide_1.3.0/stm32cubeide/plugins/com.st.stm32cube.ide.mcu.externaltools.gnu-tools-for-stm32.7-2018-q2-update.win32_1.0.0.201904181610/tools/bin/../lib/gcc/arm-none-eabi/7.3.1/../../../../arm-none-eabi/lib/thumb/v7e-m/fpv4-sp/hard\libc_nano.a
LOAD d:/programme/cubeide/stm32cubeide_1.3.0/stm32cubeide/plugins/com.st.stm32cube.ide.mcu.externaltools.gnu-tools-for-stm32.7-2018-q2-update.win32_1.0.0.201904181610/tools/bin/../lib/gcc/arm-none-eabi/7.3.1/../../../../arm-none-eabi/lib/thumb/v7e-m/fpv4-sp/hard\libm.a
END GROUP
START GROUP
LOAD d:/programme/cubeide/stm32cubeide_1.3.0/stm32cubeide/plugins/com.st.stm32cube.ide.mcu.externaltools.gnu-tools-for-stm32.7-2018-q2-update.win32_1.0.0.201904181610/tools/bin/../lib/gcc/arm-none-eabi/7.3.1/thumb/v7e-m/fpv4-sp/hard\libgcc.a
LOAD d:/programme/cubeide/stm32cubeide_1.3.0/stm32cubeide/plugins/com.st.stm32cube.ide.mcu.externaltools.gnu-tools-for-stm32.7-2018-q2-update.win32_1.0.0.201904181610/tools/bin/../lib/gcc/arm-none-eabi/7.3.1/../../../../arm-none-eabi/lib/thumb/v7e-m/fpv4-sp/hard\libc_nano.a
END GROUP
START GROUP
LOAD d:/programme/cubeide/stm32cubeide_1.3.0/stm32cubeide/plugins/com.st.stm32cube.ide.mcu.externaltools.gnu-tools-for-stm32.7-2018-q2-update.win32_1.0.0.201904181610/tools/bin/../lib/gcc/arm-none-eabi/7.3.1/thumb/v7e-m/fpv4-sp/hard\libgcc.a
LOAD d:/programme/cubeide/stm32cubeide_1.3.0/stm32cubeide/plugins/com.st.stm32cube.ide.mcu.externaltools.gnu-tools-for-stm32.7-2018-q2-update.win32_1.0.0.201904181610/tools/bin/../lib/gcc/arm-none-eabi/7.3.1/../../../../arm-none-eabi/lib/thumb/v7e-m/fpv4-sp/hard\libc_nano.a
LOAD d:/programme/cubeide/stm32cubeide_1.3.0/stm32cubeide/plugins/com.st.stm32cube.ide.mcu.externaltools.gnu-tools-for-stm32.7-2018-q2-update.win32_1.0.0.201904181610/tools/bin/../lib/gcc/arm-none-eabi/7.3.1/../../../../arm-none-eabi/lib/thumb/v7e-m/fpv4-sp/hard\libnosys.a
END GROUP
START GROUP
LOAD d:/programme/cubeide/stm32cubeide_1.3.0/stm32cubeide/plugins/com.st.stm32cube.ide.mcu.externaltools.gnu-tools-for-stm32.7-2018-q2-update.win32_1.0.0.201904181610/tools/bin/../lib/gcc/arm-none-eabi/7.3.1/thumb/v7e-m/fpv4-sp/hard\libgcc.a
LOAD d:/programme/cubeide/stm32cubeide_1.3.0/stm32cubeide/plugins/com.st.stm32cube.ide.mcu.externaltools.gnu-tools-for-stm32.7-2018-q2-update.win32_1.0.0.201904181610/tools/bin/../lib/gcc/arm-none-eabi/7.3.1/../../../../arm-none-eabi/lib/thumb/v7e-m/fpv4-sp/hard\libc_nano.a
LOAD d:/programme/cubeide/stm32cubeide_1.3.0/stm32cubeide/plugins/com.st.stm32cube.ide.mcu.externaltools.gnu-tools-for-stm32.7-2018-q2-update.win32_1.0.0.201904181610/tools/bin/../lib/gcc/arm-none-eabi/7.3.1/../../../../arm-none-eabi/lib/thumb/v7e-m/fpv4-sp/hard\libnosys.a
END GROUP
LOAD d:/programme/cubeide/stm32cubeide_1.3.0/stm32cubeide/plugins/com.st.stm32cube.ide.mcu.externaltools.gnu-tools-for-stm32.7-2018-q2-update.win32_1.0.0.201904181610/tools/bin/../lib/gcc/arm-none-eabi/7.3.1/thumb/v7e-m/fpv4-sp/hard/crtend.o
LOAD d:/programme/cubeide/stm32cubeide_1.3.0/stm32cubeide/plugins/com.st.stm32cube.ide.mcu.externaltools.gnu-tools-for-stm32.7-2018-q2-update.win32_1.0.0.201904181610/tools/bin/../lib/gcc/arm-none-eabi/7.3.1/thumb/v7e-m/fpv4-sp/hard/crtn.o
                0x000000002000a000                _estack = (ORIGIN (RAM) + LENGTH (RAM))
                0x0000000000000200                _Min_Heap_Size = 0x200
                0x0000000000000400                _Min_Stack_Size = 0x400

.isr_vector     0x0000000008000000      0x188
                0x0000000008000000                . = ALIGN (0x4)
 *(.isr_vector)
 .isr_vector    0x0000000008000000      0x188 Core/Startup/startup_stm32f303vctx.o
                0x0000000008000000                g_pfnVectors
                0x0000000008000188                . = ALIGN (0x4)

.text           0x0000000008000188     0x573c
                0x0000000008000188                . = ALIGN (0x4)
 *(.text)
 .text          0x0000000008000188       0x40 d:/programme/cubeide/stm32cubeide_1.3.0/stm32cubeide/plugins/com.st.stm32cube.ide.mcu.externaltools.gnu-tools-for-stm32.7-2018-q2-update.win32_1.0.0.201904181610/tools/bin/../lib/gcc/arm-none-eabi/7.3.1/thumb/v7e-m/fpv4-sp/hard/crtbegin.o
 *(.text*)
 .text.default_process
                0x00000000080001c8       0x18 Core/Src/command_parser/commands.o
                0x00000000080001c8                default_process
 .text.check_serial
                0x00000000080001e0       0x24 Core/Src/command_parser/commands.o
                0x00000000080001e0                check_serial
 .text.NVIC_command_parser_INT
                0x0000000008000204       0x60 Core/Src/command_parser/commands_parser.o
                0x0000000008000204                NVIC_command_parser_INT
 .text.uart_init
                0x0000000008000264       0x38 Core/Src/command_parser/commands_parser.o
                0x0000000008000264                uart_init
 .text.cmd_parser_process
                0x000000000800029c       0x8c Core/Src/command_parser/commands_parser.o
                0x000000000800029c                cmd_parser_process
 .text.get_command
                0x0000000008000328       0x94 Core/Src/command_parser/commands_parser.o
                0x0000000008000328                get_command
 .text.command_integrity
                0x00000000080003bc       0x88 Core/Src/command_parser/commands_parser.o
                0x00000000080003bc                command_integrity
 .text.update_pipeline
                0x0000000008000444       0x7c Core/Src/command_parser/commands_parser.o
                0x0000000008000444                update_pipeline
 .text.wait     0x00000000080004c0       0x1c Core/Src/command_parser/commands_parser.o
                0x00000000080004c0                wait
 .text.parser_return
                0x00000000080004dc       0x54 Core/Src/command_parser/commands_parser.o
                0x00000000080004dc                parser_return
 .text.generate_parser_flag
                0x0000000008000530       0xc4 Core/Src/command_parser/commands_parser.o
                0x0000000008000530                generate_parser_flag
 .text.HAL_UART_RxCpltCallback
                0x00000000080005f4       0x24 Core/Src/main.o
                0x00000000080005f4                HAL_UART_RxCpltCallback
 .text.update_LEDs
                0x0000000008000618       0x70 Core/Src/main.o
                0x0000000008000618                update_LEDs
 .text.main     0x0000000008000688       0x74 Core/Src/main.o
                0x0000000008000688                main
 .text.SystemClock_Config
                0x00000000080006fc       0xd4 Core/Src/main.o
                0x00000000080006fc                SystemClock_Config
 .text.MX_ADC1_Init
                0x00000000080007d0       0xe0 Core/Src/main.o
 .text.MX_CRC_Init
                0x00000000080008b0       0x58 Core/Src/main.o
 .text.MX_I2C1_Init
                0x0000000008000908       0x80 Core/Src/main.o
 .text.MX_SPI1_Init
                0x0000000008000988       0x7c Core/Src/main.o
 .text.MX_UART4_Init
                0x0000000008000a04       0x60 Core/Src/main.o
 .text.MX_UART5_Init
                0x0000000008000a64       0x68 Core/Src/main.o
 .text.MX_USB_PCD_Init
                0x0000000008000acc       0x44 Core/Src/main.o
 .text.MX_DMA_Init
                0x0000000008000b10       0x3c Core/Src/main.o
 .text.MX_GPIO_Init
                0x0000000008000b4c      0x174 Core/Src/main.o
 .text.Error_Handler
                0x0000000008000cc0        0xe Core/Src/main.o
                0x0000000008000cc0                Error_Handler
 *fill*         0x0000000008000cce        0x2 
 .text.HAL_MspInit
                0x0000000008000cd0       0x48 Core/Src/stm32f3xx_hal_msp.o
                0x0000000008000cd0                HAL_MspInit
 .text.HAL_ADC_MspInit
                0x0000000008000d18       0x78 Core/Src/stm32f3xx_hal_msp.o
                0x0000000008000d18                HAL_ADC_MspInit
 .text.HAL_CRC_MspInit
                0x0000000008000d90       0x40 Core/Src/stm32f3xx_hal_msp.o
                0x0000000008000d90                HAL_CRC_MspInit
 .text.HAL_I2C_MspInit
                0x0000000008000dd0       0x88 Core/Src/stm32f3xx_hal_msp.o
                0x0000000008000dd0                HAL_I2C_MspInit
 .text.HAL_SPI_MspInit
                0x0000000008000e58       0x94 Core/Src/stm32f3xx_hal_msp.o
                0x0000000008000e58                HAL_SPI_MspInit
 .text.HAL_UART_MspInit
                0x0000000008000eec      0x18c Core/Src/stm32f3xx_hal_msp.o
                0x0000000008000eec                HAL_UART_MspInit
 .text.HAL_PCD_MspInit
                0x0000000008001078       0x88 Core/Src/stm32f3xx_hal_msp.o
                0x0000000008001078                HAL_PCD_MspInit
 .text.NMI_Handler
                0x0000000008001100        0xe Core/Src/stm32f3xx_it.o
                0x0000000008001100                NMI_Handler
 .text.HardFault_Handler
                0x000000000800110e        0x6 Core/Src/stm32f3xx_it.o
                0x000000000800110e                HardFault_Handler
 .text.MemManage_Handler
                0x0000000008001114        0x6 Core/Src/stm32f3xx_it.o
                0x0000000008001114                MemManage_Handler
 .text.BusFault_Handler
                0x000000000800111a        0x6 Core/Src/stm32f3xx_it.o
                0x000000000800111a                BusFault_Handler
 .text.UsageFault_Handler
                0x0000000008001120        0x6 Core/Src/stm32f3xx_it.o
                0x0000000008001120                UsageFault_Handler
 .text.SVC_Handler
                0x0000000008001126        0xe Core/Src/stm32f3xx_it.o
                0x0000000008001126                SVC_Handler
 .text.DebugMon_Handler
                0x0000000008001134        0xe Core/Src/stm32f3xx_it.o
                0x0000000008001134                DebugMon_Handler
 .text.PendSV_Handler
                0x0000000008001142        0xe Core/Src/stm32f3xx_it.o
                0x0000000008001142                PendSV_Handler
 .text.SysTick_Handler
                0x0000000008001150        0xc Core/Src/stm32f3xx_it.o
                0x0000000008001150                SysTick_Handler
 .text.SPI1_IRQHandler
                0x000000000800115c       0x14 Core/Src/stm32f3xx_it.o
                0x000000000800115c                SPI1_IRQHandler
 .text.UART5_IRQHandler
                0x0000000008001170       0x14 Core/Src/stm32f3xx_it.o
                0x0000000008001170                UART5_IRQHandler
 .text.DMA2_Channel3_IRQHandler
                0x0000000008001184       0x14 Core/Src/stm32f3xx_it.o
                0x0000000008001184                DMA2_Channel3_IRQHandler
 .text.SystemInit
                0x0000000008001198       0x2c Core/Src/system_stm32f3xx.o
                0x0000000008001198                SystemInit
 .text.Reset_Handler
                0x00000000080011c4       0x50 Core/Startup/startup_stm32f303vctx.o
                0x00000000080011c4                Reset_Handler
 .text.Default_Handler
                0x0000000008001214        0x2 Core/Startup/startup_stm32f303vctx.o
                0x0000000008001214                RTC_Alarm_IRQHandler
                0x0000000008001214                TIM8_TRG_COM_IRQHandler
                0x0000000008001214                TIM8_CC_IRQHandler
                0x0000000008001214                TIM1_CC_IRQHandler
                0x0000000008001214                USB_HP_IRQHandler
                0x0000000008001214                PVD_IRQHandler
                0x0000000008001214                TAMP_STAMP_IRQHandler
                0x0000000008001214                EXTI3_IRQHandler
                0x0000000008001214                USB_HP_CAN_TX_IRQHandler
                0x0000000008001214                EXTI0_IRQHandler
                0x0000000008001214                I2C2_EV_IRQHandler
                0x0000000008001214                FPU_IRQHandler
                0x0000000008001214                TIM1_UP_TIM16_IRQHandler
                0x0000000008001214                ADC1_2_IRQHandler
                0x0000000008001214                CAN_SCE_IRQHandler
                0x0000000008001214                TIM6_DAC_IRQHandler
                0x0000000008001214                TIM8_UP_IRQHandler
                0x0000000008001214                DMA2_Channel2_IRQHandler
                0x0000000008001214                DMA1_Channel4_IRQHandler
                0x0000000008001214                USART3_IRQHandler
                0x0000000008001214                DMA1_Channel7_IRQHandler
                0x0000000008001214                ADC3_IRQHandler
                0x0000000008001214                TIM4_IRQHandler
                0x0000000008001214                CAN_RX1_IRQHandler
                0x0000000008001214                DMA2_Channel1_IRQHandler
                0x0000000008001214                I2C1_EV_IRQHandler
                0x0000000008001214                DMA1_Channel6_IRQHandler
                0x0000000008001214                UART4_IRQHandler
                0x0000000008001214                DMA2_Channel4_IRQHandler
                0x0000000008001214                TIM3_IRQHandler
                0x0000000008001214                RCC_IRQHandler
                0x0000000008001214                DMA1_Channel1_IRQHandler
                0x0000000008001214                Default_Handler
                0x0000000008001214                USBWakeUp_RMP_IRQHandler
                0x0000000008001214                EXTI15_10_IRQHandler
                0x0000000008001214                TIM7_IRQHandler
                0x0000000008001214                EXTI9_5_IRQHandler
                0x0000000008001214                RTC_WKUP_IRQHandler
                0x0000000008001214                SPI2_IRQHandler
                0x0000000008001214                USB_LP_CAN_RX0_IRQHandler
                0x0000000008001214                DMA2_Channel5_IRQHandler
                0x0000000008001214                DMA1_Channel5_IRQHandler
                0x0000000008001214                USB_LP_IRQHandler
                0x0000000008001214                EXTI4_IRQHandler
                0x0000000008001214                TIM1_TRG_COM_TIM17_IRQHandler
                0x0000000008001214                DMA1_Channel3_IRQHandler
                0x0000000008001214                ADC4_IRQHandler
                0x0000000008001214                WWDG_IRQHandler
                0x0000000008001214                TIM2_IRQHandler
                0x0000000008001214                COMP7_IRQHandler
                0x0000000008001214                COMP1_2_3_IRQHandler
                0x0000000008001214                EXTI1_IRQHandler
                0x0000000008001214                USART2_IRQHandler
                0x0000000008001214                COMP4_5_6_IRQHandler
                0x0000000008001214                I2C2_ER_IRQHandler
                0x0000000008001214                DMA1_Channel2_IRQHandler
                0x0000000008001214                TIM8_BRK_IRQHandler
                0x0000000008001214                FLASH_IRQHandler
                0x0000000008001214                USART1_IRQHandler
                0x0000000008001214                SPI3_IRQHandler
                0x0000000008001214                I2C1_ER_IRQHandler
                0x0000000008001214                USBWakeUp_IRQHandler
                0x0000000008001214                EXTI2_TSC_IRQHandler
                0x0000000008001214                TIM1_BRK_TIM15_IRQHandler
 *fill*         0x0000000008001216        0x2 
 .text.HAL_Init
                0x0000000008001218       0x2c Drivers/STM32F3xx_HAL_Driver/Src/stm32f3xx_hal.o
                0x0000000008001218                HAL_Init
 .text.HAL_InitTick
                0x0000000008001244       0x60 Drivers/STM32F3xx_HAL_Driver/Src/stm32f3xx_hal.o
                0x0000000008001244                HAL_InitTick
 .text.HAL_IncTick
                0x00000000080012a4       0x28 Drivers/STM32F3xx_HAL_Driver/Src/stm32f3xx_hal.o
                0x00000000080012a4                HAL_IncTick
 .text.HAL_GetTick
                0x00000000080012cc       0x18 Drivers/STM32F3xx_HAL_Driver/Src/stm32f3xx_hal.o
                0x00000000080012cc                HAL_GetTick
 .text.HAL_ADC_Init
                0x00000000080012e4      0x3c0 Drivers/STM32F3xx_HAL_Driver/Src/stm32f3xx_hal_adc_ex.o
                0x00000000080012e4                HAL_ADC_Init
 .text.HAL_ADC_ConfigChannel
                0x00000000080016a4      0x5d8 Drivers/STM32F3xx_HAL_Driver/Src/stm32f3xx_hal_adc_ex.o
                0x00000000080016a4                HAL_ADC_ConfigChannel
 .text.HAL_ADCEx_MultiModeConfigChannel
                0x0000000008001c7c      0x1e4 Drivers/STM32F3xx_HAL_Driver/Src/stm32f3xx_hal_adc_ex.o
                0x0000000008001c7c                HAL_ADCEx_MultiModeConfigChannel
 .text.ADC_Disable
                0x0000000008001e60       0xbe Drivers/STM32F3xx_HAL_Driver/Src/stm32f3xx_hal_adc_ex.o
 *fill*         0x0000000008001f1e        0x2 
 .text.__NVIC_SetPriorityGrouping
                0x0000000008001f20       0x48 Drivers/STM32F3xx_HAL_Driver/Src/stm32f3xx_hal_cortex.o
 .text.__NVIC_GetPriorityGrouping
                0x0000000008001f68       0x1c Drivers/STM32F3xx_HAL_Driver/Src/stm32f3xx_hal_cortex.o
 .text.__NVIC_EnableIRQ
                0x0000000008001f84       0x3c Drivers/STM32F3xx_HAL_Driver/Src/stm32f3xx_hal_cortex.o
 .text.__NVIC_DisableIRQ
                0x0000000008001fc0       0x44 Drivers/STM32F3xx_HAL_Driver/Src/stm32f3xx_hal_cortex.o
 .text.__NVIC_SetPriority
                0x0000000008002004       0x54 Drivers/STM32F3xx_HAL_Driver/Src/stm32f3xx_hal_cortex.o
 .text.NVIC_EncodePriority
                0x0000000008002058       0x66 Drivers/STM32F3xx_HAL_Driver/Src/stm32f3xx_hal_cortex.o
 *fill*         0x00000000080020be        0x2 
 .text.SysTick_Config
                0x00000000080020c0       0x44 Drivers/STM32F3xx_HAL_Driver/Src/stm32f3xx_hal_cortex.o
 .text.HAL_NVIC_SetPriorityGrouping
                0x0000000008002104       0x16 Drivers/STM32F3xx_HAL_Driver/Src/stm32f3xx_hal_cortex.o
                0x0000000008002104                HAL_NVIC_SetPriorityGrouping
 .text.HAL_NVIC_SetPriority
                0x000000000800211a       0x38 Drivers/STM32F3xx_HAL_Driver/Src/stm32f3xx_hal_cortex.o
                0x000000000800211a                HAL_NVIC_SetPriority
 .text.HAL_NVIC_EnableIRQ
                0x0000000008002152       0x1c Drivers/STM32F3xx_HAL_Driver/Src/stm32f3xx_hal_cortex.o
                0x0000000008002152                HAL_NVIC_EnableIRQ
 .text.HAL_NVIC_DisableIRQ
                0x000000000800216e       0x1c Drivers/STM32F3xx_HAL_Driver/Src/stm32f3xx_hal_cortex.o
                0x000000000800216e                HAL_NVIC_DisableIRQ
 .text.HAL_SYSTICK_Config
                0x000000000800218a       0x18 Drivers/STM32F3xx_HAL_Driver/Src/stm32f3xx_hal_cortex.o
                0x000000000800218a                HAL_SYSTICK_Config
 *fill*         0x00000000080021a2        0x2 
 .text.HAL_CRC_Init
                0x00000000080021a4       0xc8 Drivers/STM32F3xx_HAL_Driver/Src/stm32f3xx_hal_crc.o
                0x00000000080021a4                HAL_CRC_Init
 .text.HAL_CRC_Calculate
                0x000000000800226c       0x92 Drivers/STM32F3xx_HAL_Driver/Src/stm32f3xx_hal_crc.o
                0x000000000800226c                HAL_CRC_Calculate
 .text.CRC_Handle_8
                0x00000000080022fe      0x11c Drivers/STM32F3xx_HAL_Driver/Src/stm32f3xx_hal_crc.o
 .text.CRC_Handle_16
                0x000000000800241a       0x74 Drivers/STM32F3xx_HAL_Driver/Src/stm32f3xx_hal_crc.o
 *fill*         0x000000000800248e        0x2 
 .text.HAL_CRCEx_Polynomial_Set
                0x0000000008002490      0x10c Drivers/STM32F3xx_HAL_Driver/Src/stm32f3xx_hal_crc_ex.o
                0x0000000008002490                HAL_CRCEx_Polynomial_Set
 .text.HAL_DMA_Init
                0x000000000800259c       0x8e Drivers/STM32F3xx_HAL_Driver/Src/stm32f3xx_hal_dma.o
                0x000000000800259c                HAL_DMA_Init
 .text.HAL_DMA_Abort_IT
                0x000000000800262a       0x7c Drivers/STM32F3xx_HAL_Driver/Src/stm32f3xx_hal_dma.o
                0x000000000800262a                HAL_DMA_Abort_IT
 .text.HAL_DMA_IRQHandler
                0x00000000080026a6      0x146 Drivers/STM32F3xx_HAL_Driver/Src/stm32f3xx_hal_dma.o
                0x00000000080026a6                HAL_DMA_IRQHandler
 .text.DMA_CalcBaseAndBitshift
                0x00000000080027ec       0x78 Drivers/STM32F3xx_HAL_Driver/Src/stm32f3xx_hal_dma.o
 .text.HAL_GPIO_Init
                0x0000000008002864      0x2f4 Drivers/STM32F3xx_HAL_Driver/Src/stm32f3xx_hal_gpio.o
                0x0000000008002864                HAL_GPIO_Init
 .text.HAL_GPIO_WritePin
                0x0000000008002b58       0x30 Drivers/STM32F3xx_HAL_Driver/Src/stm32f3xx_hal_gpio.o
                0x0000000008002b58                HAL_GPIO_WritePin
 .text.HAL_I2C_Init
                0x0000000008002b88      0x11e Drivers/STM32F3xx_HAL_Driver/Src/stm32f3xx_hal_i2c.o
                0x0000000008002b88                HAL_I2C_Init
 .text.HAL_I2CEx_ConfigAnalogFilter
                0x0000000008002ca6       0x96 Drivers/STM32F3xx_HAL_Driver/Src/stm32f3xx_hal_i2c_ex.o
                0x0000000008002ca6                HAL_I2CEx_ConfigAnalogFilter
 .text.HAL_I2CEx_ConfigDigitalFilter
                0x0000000008002d3c       0x98 Drivers/STM32F3xx_HAL_Driver/Src/stm32f3xx_hal_i2c_ex.o
                0x0000000008002d3c                HAL_I2CEx_ConfigDigitalFilter
 .text.HAL_PCD_Init
                0x0000000008002dd4      0x1bc Drivers/STM32F3xx_HAL_Driver/Src/stm32f3xx_hal_pcd.o
                0x0000000008002dd4                HAL_PCD_Init
 .text.HAL_RCC_OscConfig
                0x0000000008002f90      0xe10 Drivers/STM32F3xx_HAL_Driver/Src/stm32f3xx_hal_rcc.o
                0x0000000008002f90                HAL_RCC_OscConfig
 .text.HAL_RCC_ClockConfig
                0x0000000008003da0      0x2f8 Drivers/STM32F3xx_HAL_Driver/Src/stm32f3xx_hal_rcc.o
                0x0000000008003da0                HAL_RCC_ClockConfig
 .text.HAL_RCC_GetSysClockFreq
                0x0000000008004098       0xd4 Drivers/STM32F3xx_HAL_Driver/Src/stm32f3xx_hal_rcc.o
                0x0000000008004098                HAL_RCC_GetSysClockFreq
 .text.HAL_RCC_GetHCLKFreq
                0x000000000800416c       0x18 Drivers/STM32F3xx_HAL_Driver/Src/stm32f3xx_hal_rcc.o
                0x000000000800416c                HAL_RCC_GetHCLKFreq
 .text.HAL_RCC_GetPCLK1Freq
                0x0000000008004184       0x44 Drivers/STM32F3xx_HAL_Driver/Src/stm32f3xx_hal_rcc.o
                0x0000000008004184                HAL_RCC_GetPCLK1Freq
 .text.HAL_RCC_GetPCLK2Freq
                0x00000000080041c8       0x44 Drivers/STM32F3xx_HAL_Driver/Src/stm32f3xx_hal_rcc.o
                0x00000000080041c8                HAL_RCC_GetPCLK2Freq
 .text.HAL_RCCEx_PeriphCLKConfig
                0x000000000800420c      0x360 Drivers/STM32F3xx_HAL_Driver/Src/stm32f3xx_hal_rcc_ex.o
                0x000000000800420c                HAL_RCCEx_PeriphCLKConfig
 .text.HAL_SPI_Init
                0x000000000800456c      0x124 Drivers/STM32F3xx_HAL_Driver/Src/stm32f3xx_hal_spi.o
                0x000000000800456c                HAL_SPI_Init
 .text.HAL_SPI_IRQHandler
                0x0000000008004690      0x200 Drivers/STM32F3xx_HAL_Driver/Src/stm32f3xx_hal_spi.o
                0x0000000008004690                HAL_SPI_IRQHandler
 .text.HAL_SPI_ErrorCallback
                0x0000000008004890       0x14 Drivers/STM32F3xx_HAL_Driver/Src/stm32f3xx_hal_spi.o
                0x0000000008004890                HAL_SPI_ErrorCallback
 .text.SPI_DMAAbortOnError
                0x00000000080048a4       0x2a Drivers/STM32F3xx_HAL_Driver/Src/stm32f3xx_hal_spi.o
 .text.HAL_UART_Init
                0x00000000080048ce       0x9c Drivers/STM32F3xx_HAL_Driver/Src/stm32f3xx_hal_uart.o
                0x00000000080048ce                HAL_UART_Init
 *fill*         0x000000000800496a        0x2 
 .text.HAL_UART_Transmit_IT
                0x000000000800496c       0xb8 Drivers/STM32F3xx_HAL_Driver/Src/stm32f3xx_hal_uart.o
                0x000000000800496c                HAL_UART_Transmit_IT
 .text.HAL_UART_Receive_IT
                0x0000000008004a24      0x11c Drivers/STM32F3xx_HAL_Driver/Src/stm32f3xx_hal_uart.o
                0x0000000008004a24                HAL_UART_Receive_IT
 .text.HAL_UART_IRQHandler
                0x0000000008004b40      0x28c Drivers/STM32F3xx_HAL_Driver/Src/stm32f3xx_hal_uart.o
                0x0000000008004b40                HAL_UART_IRQHandler
 .text.HAL_UART_TxCpltCallback
                0x0000000008004dcc       0x14 Drivers/STM32F3xx_HAL_Driver/Src/stm32f3xx_hal_uart.o
                0x0000000008004dcc                HAL_UART_TxCpltCallback
 .text.HAL_UART_ErrorCallback
                0x0000000008004de0       0x14 Drivers/STM32F3xx_HAL_Driver/Src/stm32f3xx_hal_uart.o
                0x0000000008004de0                HAL_UART_ErrorCallback
 .text.UART_SetConfig
                0x0000000008004df4      0x434 Drivers/STM32F3xx_HAL_Driver/Src/stm32f3xx_hal_uart.o
                0x0000000008004df4                UART_SetConfig
 .text.UART_AdvFeatureConfig
                0x0000000008005228      0x144 Drivers/STM32F3xx_HAL_Driver/Src/stm32f3xx_hal_uart.o
                0x0000000008005228                UART_AdvFeatureConfig
 .text.UART_CheckIdleState
                0x000000000800536c       0x8a Drivers/STM32F3xx_HAL_Driver/Src/stm32f3xx_hal_uart.o
                0x000000000800536c                UART_CheckIdleState
 .text.UART_WaitOnFlagUntilTimeout
                0x00000000080053f6       0xf6 Drivers/STM32F3xx_HAL_Driver/Src/stm32f3xx_hal_uart.o
                0x00000000080053f6                UART_WaitOnFlagUntilTimeout
 .text.UART_EndRxTransfer
                0x00000000080054ec       0x40 Drivers/STM32F3xx_HAL_Driver/Src/stm32f3xx_hal_uart.o
 .text.UART_DMAAbortOnError
                0x000000000800552c       0x2c Drivers/STM32F3xx_HAL_Driver/Src/stm32f3xx_hal_uart.o
 .text.UART_TxISR_8BIT
                0x0000000008005558       0x74 Drivers/STM32F3xx_HAL_Driver/Src/stm32f3xx_hal_uart.o
 .text.UART_TxISR_16BIT
                0x00000000080055cc       0x7c Drivers/STM32F3xx_HAL_Driver/Src/stm32f3xx_hal_uart.o
 .text.UART_EndTransmit_IT
                0x0000000008005648       0x32 Drivers/STM32F3xx_HAL_Driver/Src/stm32f3xx_hal_uart.o
 .text.UART_RxISR_8BIT
                0x000000000800567a       0xa6 Drivers/STM32F3xx_HAL_Driver/Src/stm32f3xx_hal_uart.o
 .text.UART_RxISR_16BIT
                0x0000000008005720       0xa6 Drivers/STM32F3xx_HAL_Driver/Src/stm32f3xx_hal_uart.o
 .text.HAL_UARTEx_WakeupCallback
                0x00000000080057c6       0x14 Drivers/STM32F3xx_HAL_Driver/Src/stm32f3xx_hal_uart_ex.o
                0x00000000080057c6                HAL_UARTEx_WakeupCallback
 .text.USB_DisableGlobalInt
                0x00000000080057da       0x36 Drivers/STM32F3xx_HAL_Driver/Src/stm32f3xx_ll_usb.o
                0x00000000080057da                USB_DisableGlobalInt
 .text.USB_DevInit
                0x0000000008005810       0x42 Drivers/STM32F3xx_HAL_Driver/Src/stm32f3xx_ll_usb.o
                0x0000000008005810                USB_DevInit
 *fill*         0x0000000008005852        0x2 
 .text.__libc_init_array
                0x0000000008005854       0x48 d:/programme/cubeide/stm32cubeide_1.3.0/stm32cubeide/plugins/com.st.stm32cube.ide.mcu.externaltools.gnu-tools-for-stm32.7-2018-q2-update.win32_1.0.0.201904181610/tools/bin/../lib/gcc/arm-none-eabi/7.3.1/../../../../arm-none-eabi/lib/thumb/v7e-m/fpv4-sp/hard\libc_nano.a(lib_a-init.o)
                0x0000000008005854                __libc_init_array
 .text.memset   0x000000000800589c       0x10 d:/programme/cubeide/stm32cubeide_1.3.0/stm32cubeide/plugins/com.st.stm32cube.ide.mcu.externaltools.gnu-tools-for-stm32.7-2018-q2-update.win32_1.0.0.201904181610/tools/bin/../lib/gcc/arm-none-eabi/7.3.1/../../../../arm-none-eabi/lib/thumb/v7e-m/fpv4-sp/hard\libc_nano.a(lib_a-memset.o)
                0x000000000800589c                memset
 *(.glue_7)
 .glue_7        0x00000000080058ac        0x0 linker stubs
 *(.glue_7t)
 .glue_7t       0x00000000080058ac        0x0 linker stubs
 *(.eh_frame)
 .eh_frame      0x00000000080058ac        0x0 d:/programme/cubeide/stm32cubeide_1.3.0/stm32cubeide/plugins/com.st.stm32cube.ide.mcu.externaltools.gnu-tools-for-stm32.7-2018-q2-update.win32_1.0.0.201904181610/tools/bin/../lib/gcc/arm-none-eabi/7.3.1/thumb/v7e-m/fpv4-sp/hard/crtbegin.o
 *(.init)
 .init          0x00000000080058ac        0x4 d:/programme/cubeide/stm32cubeide_1.3.0/stm32cubeide/plugins/com.st.stm32cube.ide.mcu.externaltools.gnu-tools-for-stm32.7-2018-q2-update.win32_1.0.0.201904181610/tools/bin/../lib/gcc/arm-none-eabi/7.3.1/thumb/v7e-m/fpv4-sp/hard/crti.o
                0x00000000080058ac                _init
 .init          0x00000000080058b0        0x8 d:/programme/cubeide/stm32cubeide_1.3.0/stm32cubeide/plugins/com.st.stm32cube.ide.mcu.externaltools.gnu-tools-for-stm32.7-2018-q2-update.win32_1.0.0.201904181610/tools/bin/../lib/gcc/arm-none-eabi/7.3.1/thumb/v7e-m/fpv4-sp/hard/crtn.o
 *(.fini)
 .fini          0x00000000080058b8        0x4 d:/programme/cubeide/stm32cubeide_1.3.0/stm32cubeide/plugins/com.st.stm32cube.ide.mcu.externaltools.gnu-tools-for-stm32.7-2018-q2-update.win32_1.0.0.201904181610/tools/bin/../lib/gcc/arm-none-eabi/7.3.1/thumb/v7e-m/fpv4-sp/hard/crti.o
                0x00000000080058b8                _fini
 .fini          0x00000000080058bc        0x8 d:/programme/cubeide/stm32cubeide_1.3.0/stm32cubeide/plugins/com.st.stm32cube.ide.mcu.externaltools.gnu-tools-for-stm32.7-2018-q2-update.win32_1.0.0.201904181610/tools/bin/../lib/gcc/arm-none-eabi/7.3.1/thumb/v7e-m/fpv4-sp/hard/crtn.o
                0x00000000080058c4                . = ALIGN (0x4)
                0x00000000080058c4                _etext = .

.vfp11_veneer   0x00000000080058c4        0x0
 .vfp11_veneer  0x00000000080058c4        0x0 linker stubs

.v4_bx          0x00000000080058c4        0x0
 .v4_bx         0x00000000080058c4        0x0 linker stubs

.iplt           0x00000000080058c4        0x0
 .iplt          0x00000000080058c4        0x0 d:/programme/cubeide/stm32cubeide_1.3.0/stm32cubeide/plugins/com.st.stm32cube.ide.mcu.externaltools.gnu-tools-for-stm32.7-2018-q2-update.win32_1.0.0.201904181610/tools/bin/../lib/gcc/arm-none-eabi/7.3.1/thumb/v7e-m/fpv4-sp/hard/crtbegin.o

.rodata         0x00000000080058c4       0x58
                0x00000000080058c4                . = ALIGN (0x4)
 *(.rodata)
 *(.rodata*)
 .rodata.dispatch_table
                0x00000000080058c4       0x10 Core/Src/command_parser/commands_parser.o
                0x00000000080058c4                dispatch_table
 .rodata.full_state_machine
                0x00000000080058d4       0x10 Core/Src/command_parser/commands_parser.o
                0x00000000080058d4                full_state_machine
 .rodata.AHBPrescTable
                0x00000000080058e4       0x10 Core/Src/system_stm32f3xx.o
                0x00000000080058e4                AHBPrescTable
 .rodata.APBPrescTable
                0x00000000080058f4        0x8 Core/Src/system_stm32f3xx.o
                0x00000000080058f4                APBPrescTable
 .rodata.aPLLMULFactorTable
                0x00000000080058fc       0x10 Drivers/STM32F3xx_HAL_Driver/Src/stm32f3xx_hal_rcc.o
                0x00000000080058fc                aPLLMULFactorTable
 .rodata.aPredivFactorTable
                0x000000000800590c       0x10 Drivers/STM32F3xx_HAL_Driver/Src/stm32f3xx_hal_rcc.o
                0x000000000800590c                aPredivFactorTable
                0x000000000800591c                . = ALIGN (0x4)

.rel.dyn        0x000000000800591c        0x0
 .rel.iplt      0x000000000800591c        0x0 d:/programme/cubeide/stm32cubeide_1.3.0/stm32cubeide/plugins/com.st.stm32cube.ide.mcu.externaltools.gnu-tools-for-stm32.7-2018-q2-update.win32_1.0.0.201904181610/tools/bin/../lib/gcc/arm-none-eabi/7.3.1/thumb/v7e-m/fpv4-sp/hard/crtbegin.o

.ARM.extab      0x000000000800591c        0x0
                0x000000000800591c                . = ALIGN (0x4)
 *(.ARM.extab* .gnu.linkonce.armextab.*)
                0x000000000800591c                . = ALIGN (0x4)

.ARM            0x000000000800591c        0x0
                0x000000000800591c                . = ALIGN (0x4)
                0x000000000800591c                __exidx_start = .
 *(.ARM.exidx*)
                0x000000000800591c                __exidx_end = .
                0x000000000800591c                . = ALIGN (0x4)

.preinit_array  0x000000000800591c        0x0
                0x000000000800591c                . = ALIGN (0x4)
                0x000000000800591c                PROVIDE (__preinit_array_start = .)
 *(.preinit_array*)
                0x000000000800591c                PROVIDE (__preinit_array_end = .)
                0x000000000800591c                . = ALIGN (0x4)

.init_array     0x000000000800591c        0x4
                0x000000000800591c                . = ALIGN (0x4)
                0x000000000800591c                PROVIDE (__init_array_start = .)
 *(SORT_BY_NAME(.init_array.*))
 *(.init_array*)
 .init_array    0x000000000800591c        0x4 d:/programme/cubeide/stm32cubeide_1.3.0/stm32cubeide/plugins/com.st.stm32cube.ide.mcu.externaltools.gnu-tools-for-stm32.7-2018-q2-update.win32_1.0.0.201904181610/tools/bin/../lib/gcc/arm-none-eabi/7.3.1/thumb/v7e-m/fpv4-sp/hard/crtbegin.o
                0x0000000008005920                PROVIDE (__init_array_end = .)
                0x0000000008005920                . = ALIGN (0x4)

.fini_array     0x0000000008005920        0x4
                0x0000000008005920                . = ALIGN (0x4)
                [!provide]                        PROVIDE (__fini_array_start = .)
 *(SORT_BY_NAME(.fini_array.*))
 *(.fini_array*)
 .fini_array    0x0000000008005920        0x4 d:/programme/cubeide/stm32cubeide_1.3.0/stm32cubeide/plugins/com.st.stm32cube.ide.mcu.externaltools.gnu-tools-for-stm32.7-2018-q2-update.win32_1.0.0.201904181610/tools/bin/../lib/gcc/arm-none-eabi/7.3.1/thumb/v7e-m/fpv4-sp/hard/crtbegin.o
                [!provide]                        PROVIDE (__fini_array_end = .)
                0x0000000008005924                . = ALIGN (0x4)
                0x0000000008005924                _sidata = LOADADDR (.data)

.data           0x0000000020000000       0x34 load address 0x0000000008005924
                0x0000000020000000                . = ALIGN (0x4)
                0x0000000020000000                _sdata = .
 *(.data)
 *(.data*)
 .data.CMD_Parser_Log
                0x0000000020000000        0x1 Core/Src/command_parser/commands_parser.o
                0x0000000020000000                CMD_Parser_Log
 .data.previous_log.9593
                0x0000000020000001        0x1 Core/Src/command_parser/commands_parser.o
 *fill*         0x0000000020000002        0x2 
 .data.h_robot6900
                0x0000000020000004       0x12 Core/Src/main.o
                0x0000000020000004                h_robot6900
 *fill*         0x0000000020000016        0x2 
 .data.LEDs_set.8365
                0x0000000020000018       0x10 Core/Src/main.o
 .data.SystemCoreClock
                0x0000000020000028        0x4 Core/Src/system_stm32f3xx.o
                0x0000000020000028                SystemCoreClock
 .data.uwTickPrio
                0x000000002000002c        0x4 Drivers/STM32F3xx_HAL_Driver/Src/stm32f3xx_hal.o
                0x000000002000002c                uwTickPrio
 .data.uwTickFreq
                0x0000000020000030        0x1 Drivers/STM32F3xx_HAL_Driver/Src/stm32f3xx_hal.o
                0x0000000020000030                uwTickFreq
                0x0000000020000034                . = ALIGN (0x4)
 *fill*         0x0000000020000031        0x3 
                0x0000000020000034                _edata = .

.igot.plt       0x0000000020000034        0x0 load address 0x0000000008005958
 .igot.plt      0x0000000020000034        0x0 d:/programme/cubeide/stm32cubeide_1.3.0/stm32cubeide/plugins/com.st.stm32cube.ide.mcu.externaltools.gnu-tools-for-stm32.7-2018-q2-update.win32_1.0.0.201904181610/tools/bin/../lib/gcc/arm-none-eabi/7.3.1/thumb/v7e-m/fpv4-sp/hard/crtbegin.o
                0x0000000020000034                . = ALIGN (0x4)

.bss            0x0000000020000034      0x5d0 load address 0x0000000008005958
                0x0000000020000034                _sbss = .
                0x0000000020000034                __bss_start__ = _sbss
 *(.bss)
 .bss           0x0000000020000034       0x1c d:/programme/cubeide/stm32cubeide_1.3.0/stm32cubeide/plugins/com.st.stm32cube.ide.mcu.externaltools.gnu-tools-for-stm32.7-2018-q2-update.win32_1.0.0.201904181610/tools/bin/../lib/gcc/arm-none-eabi/7.3.1/thumb/v7e-m/fpv4-sp/hard/crtbegin.o
 *(.bss*)
 .bss.Rx_buffer
                0x0000000020000050        0x5 Core/Src/command_parser/commands_parser.o
                0x0000000020000050                Rx_buffer
 .bss.CMDs_buffer_size
                0x0000000020000055        0x1 Core/Src/command_parser/commands_parser.o
                0x0000000020000055                CMDs_buffer_size
 .bss.CMDs_buffer_full
                0x0000000020000056        0x1 Core/Src/command_parser/commands_parser.o
                0x0000000020000056                CMDs_buffer_full
 .bss.current_state
                0x0000000020000057        0x1 Core/Src/command_parser/commands_parser.o
                0x0000000020000057                current_state
 .bss.rx_last_ID
                0x0000000020000058        0x1 Core/Src/command_parser/commands_parser.o
                0x0000000020000058                rx_last_ID
 *(COMMON)
 *fill*         0x0000000020000059        0x3 
 COMMON         0x000000002000005c       0x40 Core/Src/command_parser/commands_parser.o
                0x000000002000005c                _huart
                0x0000000020000060                _hcrc
                0x0000000020000064                Tx_buffer
                0x0000000020000084                CMDs_buffer
 COMMON         0x000000002000009c      0x564 Core/Src/main.o
                0x000000002000009c                hdma_uart4_rx
                0x00000000200000e0                hi2c1
                0x000000002000012c                hiwdg
                0x000000002000013c                hcrc
                0x0000000020000160                huart5
                0x00000000200001e0                hadc1
                0x0000000020000230                huart4
                0x00000000200002b0                hspi1
                0x0000000020000314                hpcd_USB_FS
 COMMON         0x0000000020000600        0x4 Drivers/STM32F3xx_HAL_Driver/Src/stm32f3xx_hal.o
                0x0000000020000600                uwTick
                0x0000000020000604                . = ALIGN (0x4)
                0x0000000020000604                _ebss = .
                0x0000000020000604                __bss_end__ = _ebss

._user_heap_stack
                0x0000000020000604      0x604 load address 0x0000000008005958
                0x0000000020000608                . = ALIGN (0x8)
 *fill*         0x0000000020000604        0x4 
                0x0000000020000608                PROVIDE (end = .)
                [!provide]                        PROVIDE (_end = .)
                0x0000000020000808                . = (. + _Min_Heap_Size)
 *fill*         0x0000000020000608      0x200 
                0x0000000020000c08                . = (. + _Min_Stack_Size)
 *fill*         0x0000000020000808      0x400 
                0x0000000020000c08                . = ALIGN (0x8)

/DISCARD/
 libc.a(*)
 libm.a(*)
 libgcc.a(*)

.ARM.attributes
                0x0000000000000000       0x30
 *(.ARM.attributes)
 .ARM.attributes
                0x0000000000000000       0x22 d:/programme/cubeide/stm32cubeide_1.3.0/stm32cubeide/plugins/com.st.stm32cube.ide.mcu.externaltools.gnu-tools-for-stm32.7-2018-q2-update.win32_1.0.0.201904181610/tools/bin/../lib/gcc/arm-none-eabi/7.3.1/thumb/v7e-m/fpv4-sp/hard/crti.o
 .ARM.attributes
                0x0000000000000022       0x34 d:/programme/cubeide/stm32cubeide_1.3.0/stm32cubeide/plugins/com.st.stm32cube.ide.mcu.externaltools.gnu-tools-for-stm32.7-2018-q2-update.win32_1.0.0.201904181610/tools/bin/../lib/gcc/arm-none-eabi/7.3.1/thumb/v7e-m/fpv4-sp/hard/crtbegin.o
 .ARM.attributes
                0x0000000000000056       0x39 Core/Src/command_parser/commands.o
 .ARM.attributes
                0x000000000000008f       0x39 Core/Src/command_parser/commands_parser.o
 .ARM.attributes
                0x00000000000000c8       0x39 Core/Src/main.o
 .ARM.attributes
                0x0000000000000101       0x39 Core/Src/stm32f3xx_hal_msp.o
 .ARM.attributes
                0x000000000000013a       0x39 Core/Src/stm32f3xx_it.o
 .ARM.attributes
                0x0000000000000173       0x39 Core/Src/system_stm32f3xx.o
 .ARM.attributes
                0x00000000000001ac       0x21 Core/Startup/startup_stm32f303vctx.o
 .ARM.attributes
                0x00000000000001cd       0x39 Drivers/STM32F3xx_HAL_Driver/Src/stm32f3xx_hal.o
 .ARM.attributes
                0x0000000000000206       0x39 Drivers/STM32F3xx_HAL_Driver/Src/stm32f3xx_hal_adc_ex.o
 .ARM.attributes
                0x000000000000023f       0x39 Drivers/STM32F3xx_HAL_Driver/Src/stm32f3xx_hal_cortex.o
 .ARM.attributes
                0x0000000000000278       0x39 Drivers/STM32F3xx_HAL_Driver/Src/stm32f3xx_hal_crc.o
 .ARM.attributes
                0x00000000000002b1       0x39 Drivers/STM32F3xx_HAL_Driver/Src/stm32f3xx_hal_crc_ex.o
 .ARM.attributes
                0x00000000000002ea       0x39 Drivers/STM32F3xx_HAL_Driver/Src/stm32f3xx_hal_dma.o
 .ARM.attributes
                0x0000000000000323       0x39 Drivers/STM32F3xx_HAL_Driver/Src/stm32f3xx_hal_gpio.o
 .ARM.attributes
                0x000000000000035c       0x39 Drivers/STM32F3xx_HAL_Driver/Src/stm32f3xx_hal_i2c.o
 .ARM.attributes
                0x0000000000000395       0x39 Drivers/STM32F3xx_HAL_Driver/Src/stm32f3xx_hal_i2c_ex.o
 .ARM.attributes
                0x00000000000003ce       0x39 Drivers/STM32F3xx_HAL_Driver/Src/stm32f3xx_hal_pcd.o
 .ARM.attributes
                0x0000000000000407       0x39 Drivers/STM32F3xx_HAL_Driver/Src/stm32f3xx_hal_rcc.o
 .ARM.attributes
                0x0000000000000440       0x39 Drivers/STM32F3xx_HAL_Driver/Src/stm32f3xx_hal_rcc_ex.o
 .ARM.attributes
                0x0000000000000479       0x39 Drivers/STM32F3xx_HAL_Driver/Src/stm32f3xx_hal_spi.o
 .ARM.attributes
                0x00000000000004b2       0x39 Drivers/STM32F3xx_HAL_Driver/Src/stm32f3xx_hal_uart.o
 .ARM.attributes
                0x00000000000004eb       0x39 Drivers/STM32F3xx_HAL_Driver/Src/stm32f3xx_hal_uart_ex.o
 .ARM.attributes
                0x0000000000000524       0x39 Drivers/STM32F3xx_HAL_Driver/Src/stm32f3xx_ll_usb.o
 .ARM.attributes
                0x000000000000055d       0x34 d:/programme/cubeide/stm32cubeide_1.3.0/stm32cubeide/plugins/com.st.stm32cube.ide.mcu.externaltools.gnu-tools-for-stm32.7-2018-q2-update.win32_1.0.0.201904181610/tools/bin/../lib/gcc/arm-none-eabi/7.3.1/../../../../arm-none-eabi/lib/thumb/v7e-m/fpv4-sp/hard\libc_nano.a(lib_a-init.o)
 .ARM.attributes
                0x0000000000000591       0x34 d:/programme/cubeide/stm32cubeide_1.3.0/stm32cubeide/plugins/com.st.stm32cube.ide.mcu.externaltools.gnu-tools-for-stm32.7-2018-q2-update.win32_1.0.0.201904181610/tools/bin/../lib/gcc/arm-none-eabi/7.3.1/../../../../arm-none-eabi/lib/thumb/v7e-m/fpv4-sp/hard\libc_nano.a(lib_a-memset.o)
 .ARM.attributes
                0x00000000000005c5       0x22 d:/programme/cubeide/stm32cubeide_1.3.0/stm32cubeide/plugins/com.st.stm32cube.ide.mcu.externaltools.gnu-tools-for-stm32.7-2018-q2-update.win32_1.0.0.201904181610/tools/bin/../lib/gcc/arm-none-eabi/7.3.1/thumb/v7e-m/fpv4-sp/hard/crtn.o
OUTPUT(robot_6900_firmware.elf elf32-littlearm)

.debug_info     0x0000000000000000    0x15156
 .debug_info    0x0000000000000000      0x4a1 Core/Src/command_parser/commands.o
 .debug_info    0x00000000000004a1     0x193e Core/Src/command_parser/commands_parser.o
 .debug_info    0x0000000000001ddf     0x20b4 Core/Src/main.o
 .debug_info    0x0000000000003e93     0x1c4f Core/Src/stm32f3xx_hal_msp.o
 .debug_info    0x0000000000005ae2      0x9e5 Core/Src/stm32f3xx_it.o
 .debug_info    0x00000000000064c7      0x45c Core/Src/system_stm32f3xx.o
 .debug_info    0x0000000000006923       0x22 Core/Startup/startup_stm32f303vctx.o
 .debug_info    0x0000000000006945      0x7e2 Drivers/STM32F3xx_HAL_Driver/Src/stm32f3xx_hal.o
 .debug_info    0x0000000000007127     0x1571 Drivers/STM32F3xx_HAL_Driver/Src/stm32f3xx_hal_adc_ex.o
 .debug_info    0x0000000000008698      0xd99 Drivers/STM32F3xx_HAL_Driver/Src/stm32f3xx_hal_cortex.o
 .debug_info    0x0000000000009431      0x5df Drivers/STM32F3xx_HAL_Driver/Src/stm32f3xx_hal_crc.o
 .debug_info    0x0000000000009a10      0x429 Drivers/STM32F3xx_HAL_Driver/Src/stm32f3xx_hal_crc_ex.o
 .debug_info    0x0000000000009e39      0x7cb Drivers/STM32F3xx_HAL_Driver/Src/stm32f3xx_hal_dma.o
 .debug_info    0x000000000000a604      0x70b Drivers/STM32F3xx_HAL_Driver/Src/stm32f3xx_hal_gpio.o
 .debug_info    0x000000000000ad0f     0x1fe5 Drivers/STM32F3xx_HAL_Driver/Src/stm32f3xx_hal_i2c.o
 .debug_info    0x000000000000ccf4      0x8de Drivers/STM32F3xx_HAL_Driver/Src/stm32f3xx_hal_i2c_ex.o
 .debug_info    0x000000000000d5d2     0x124b Drivers/STM32F3xx_HAL_Driver/Src/stm32f3xx_hal_pcd.o
 .debug_info    0x000000000000e81d     0x180f Drivers/STM32F3xx_HAL_Driver/Src/stm32f3xx_hal_rcc.o
 .debug_info    0x000000000001002c      0x6b7 Drivers/STM32F3xx_HAL_Driver/Src/stm32f3xx_hal_rcc_ex.o
 .debug_info    0x00000000000106e3     0x1625 Drivers/STM32F3xx_HAL_Driver/Src/stm32f3xx_hal_spi.o
 .debug_info    0x0000000000011d08     0x1592 Drivers/STM32F3xx_HAL_Driver/Src/stm32f3xx_hal_uart.o
 .debug_info    0x000000000001329a      0x89e Drivers/STM32F3xx_HAL_Driver/Src/stm32f3xx_hal_uart_ex.o
 .debug_info    0x0000000000013b38     0x161e Drivers/STM32F3xx_HAL_Driver/Src/stm32f3xx_ll_usb.o

.debug_abbrev   0x0000000000000000     0x2c4e
 .debug_abbrev  0x0000000000000000      0x15a Core/Src/command_parser/commands.o
 .debug_abbrev  0x000000000000015a      0x2ee Core/Src/command_parser/commands_parser.o
 .debug_abbrev  0x0000000000000448      0x246 Core/Src/main.o
 .debug_abbrev  0x000000000000068e      0x20e Core/Src/stm32f3xx_hal_msp.o
 .debug_abbrev  0x000000000000089c      0x158 Core/Src/stm32f3xx_it.o
 .debug_abbrev  0x00000000000009f4      0x12b Core/Src/system_stm32f3xx.o
 .debug_abbrev  0x0000000000000b1f       0x12 Core/Startup/startup_stm32f303vctx.o
 .debug_abbrev  0x0000000000000b31      0x1c7 Drivers/STM32F3xx_HAL_Driver/Src/stm32f3xx_hal.o
 .debug_abbrev  0x0000000000000cf8      0x225 Drivers/STM32F3xx_HAL_Driver/Src/stm32f3xx_hal_adc_ex.o
 .debug_abbrev  0x0000000000000f1d      0x2fa Drivers/STM32F3xx_HAL_Driver/Src/stm32f3xx_hal_cortex.o
 .debug_abbrev  0x0000000000001217      0x1d1 Drivers/STM32F3xx_HAL_Driver/Src/stm32f3xx_hal_crc.o
 .debug_abbrev  0x00000000000013e8      0x165 Drivers/STM32F3xx_HAL_Driver/Src/stm32f3xx_hal_crc_ex.o
 .debug_abbrev  0x000000000000154d      0x1fe Drivers/STM32F3xx_HAL_Driver/Src/stm32f3xx_hal_dma.o
 .debug_abbrev  0x000000000000174b      0x1c0 Drivers/STM32F3xx_HAL_Driver/Src/stm32f3xx_hal_gpio.o
 .debug_abbrev  0x000000000000190b      0x22a Drivers/STM32F3xx_HAL_Driver/Src/stm32f3xx_hal_i2c.o
 .debug_abbrev  0x0000000000001b35      0x1b9 Drivers/STM32F3xx_HAL_Driver/Src/stm32f3xx_hal_i2c_ex.o
 .debug_abbrev  0x0000000000001cee      0x282 Drivers/STM32F3xx_HAL_Driver/Src/stm32f3xx_hal_pcd.o
 .debug_abbrev  0x0000000000001f70      0x28c Drivers/STM32F3xx_HAL_Driver/Src/stm32f3xx_hal_rcc.o
 .debug_abbrev  0x00000000000021fc      0x219 Drivers/STM32F3xx_HAL_Driver/Src/stm32f3xx_hal_rcc_ex.o
 .debug_abbrev  0x0000000000002415      0x228 Drivers/STM32F3xx_HAL_Driver/Src/stm32f3xx_hal_spi.o
 .debug_abbrev  0x000000000000263d      0x205 Drivers/STM32F3xx_HAL_Driver/Src/stm32f3xx_hal_uart.o
 .debug_abbrev  0x0000000000002842      0x1e2 Drivers/STM32F3xx_HAL_Driver/Src/stm32f3xx_hal_uart_ex.o
 .debug_abbrev  0x0000000000002a24      0x22a Drivers/STM32F3xx_HAL_Driver/Src/stm32f3xx_ll_usb.o

.debug_aranges  0x0000000000000000     0x10f0
 .debug_aranges
                0x0000000000000000       0x28 Core/Src/command_parser/commands.o
 .debug_aranges
                0x0000000000000028       0x68 Core/Src/command_parser/commands_parser.o
 .debug_aranges
                0x0000000000000090       0x90 Core/Src/main.o
 .debug_aranges
                0x0000000000000120       0x80 Core/Src/stm32f3xx_hal_msp.o
 .debug_aranges
                0x00000000000001a0       0x78 Core/Src/stm32f3xx_it.o
 .debug_aranges
                0x0000000000000218       0x28 Core/Src/system_stm32f3xx.o
 .debug_aranges
                0x0000000000000240       0x28 Core/Startup/startup_stm32f303vctx.o
 .debug_aranges
                0x0000000000000268       0xe0 Drivers/STM32F3xx_HAL_Driver/Src/stm32f3xx_hal.o
 .debug_aranges
                0x0000000000000348      0x168 Drivers/STM32F3xx_HAL_Driver/Src/stm32f3xx_hal_adc_ex.o
 .debug_aranges
                0x00000000000004b0      0x118 Drivers/STM32F3xx_HAL_Driver/Src/stm32f3xx_hal_cortex.o
 .debug_aranges
                0x00000000000005c8       0x60 Drivers/STM32F3xx_HAL_Driver/Src/stm32f3xx_hal_crc.o
 .debug_aranges
                0x0000000000000628       0x30 Drivers/STM32F3xx_HAL_Driver/Src/stm32f3xx_hal_crc_ex.o
 .debug_aranges
                0x0000000000000658       0x88 Drivers/STM32F3xx_HAL_Driver/Src/stm32f3xx_hal_dma.o
 .debug_aranges
                0x00000000000006e0       0x58 Drivers/STM32F3xx_HAL_Driver/Src/stm32f3xx_hal_gpio.o
 .debug_aranges
                0x0000000000000738      0x290 Drivers/STM32F3xx_HAL_Driver/Src/stm32f3xx_hal_i2c.o
 .debug_aranges
                0x00000000000009c8       0x48 Drivers/STM32F3xx_HAL_Driver/Src/stm32f3xx_hal_i2c_ex.o
 .debug_aranges
                0x0000000000000a10      0x138 Drivers/STM32F3xx_HAL_Driver/Src/stm32f3xx_hal_pcd.o
 .debug_aranges
                0x0000000000000b48       0x88 Drivers/STM32F3xx_HAL_Driver/Src/stm32f3xx_hal_rcc.o
 .debug_aranges
                0x0000000000000bd0       0x38 Drivers/STM32F3xx_HAL_Driver/Src/stm32f3xx_hal_rcc_ex.o
 .debug_aranges
                0x0000000000000c08      0x1d8 Drivers/STM32F3xx_HAL_Driver/Src/stm32f3xx_hal_spi.o
 .debug_aranges
                0x0000000000000de0      0x210 Drivers/STM32F3xx_HAL_Driver/Src/stm32f3xx_hal_uart.o
 .debug_aranges
                0x0000000000000ff0       0x50 Drivers/STM32F3xx_HAL_Driver/Src/stm32f3xx_hal_uart_ex.o
 .debug_aranges
                0x0000000000001040       0xb0 Drivers/STM32F3xx_HAL_Driver/Src/stm32f3xx_ll_usb.o

.debug_ranges   0x0000000000000000      0xf88
 .debug_ranges  0x0000000000000000       0x18 Core/Src/command_parser/commands.o
 .debug_ranges  0x0000000000000018       0x58 Core/Src/command_parser/commands_parser.o
 .debug_ranges  0x0000000000000070       0x80 Core/Src/main.o
 .debug_ranges  0x00000000000000f0       0x70 Core/Src/stm32f3xx_hal_msp.o
 .debug_ranges  0x0000000000000160       0x68 Core/Src/stm32f3xx_it.o
 .debug_ranges  0x00000000000001c8       0x18 Core/Src/system_stm32f3xx.o
 .debug_ranges  0x00000000000001e0       0x20 Core/Startup/startup_stm32f303vctx.o
 .debug_ranges  0x0000000000000200       0xd0 Drivers/STM32F3xx_HAL_Driver/Src/stm32f3xx_hal.o
 .debug_ranges  0x00000000000002d0      0x158 Drivers/STM32F3xx_HAL_Driver/Src/stm32f3xx_hal_adc_ex.o
 .debug_ranges  0x0000000000000428      0x108 Drivers/STM32F3xx_HAL_Driver/Src/stm32f3xx_hal_cortex.o
 .debug_ranges  0x0000000000000530       0x50 Drivers/STM32F3xx_HAL_Driver/Src/stm32f3xx_hal_crc.o
 .debug_ranges  0x0000000000000580       0x20 Drivers/STM32F3xx_HAL_Driver/Src/stm32f3xx_hal_crc_ex.o
 .debug_ranges  0x00000000000005a0       0x78 Drivers/STM32F3xx_HAL_Driver/Src/stm32f3xx_hal_dma.o
 .debug_ranges  0x0000000000000618       0x48 Drivers/STM32F3xx_HAL_Driver/Src/stm32f3xx_hal_gpio.o
 .debug_ranges  0x0000000000000660      0x280 Drivers/STM32F3xx_HAL_Driver/Src/stm32f3xx_hal_i2c.o
 .debug_ranges  0x00000000000008e0       0x38 Drivers/STM32F3xx_HAL_Driver/Src/stm32f3xx_hal_i2c_ex.o
 .debug_ranges  0x0000000000000918      0x128 Drivers/STM32F3xx_HAL_Driver/Src/stm32f3xx_hal_pcd.o
 .debug_ranges  0x0000000000000a40       0x78 Drivers/STM32F3xx_HAL_Driver/Src/stm32f3xx_hal_rcc.o
 .debug_ranges  0x0000000000000ab8       0x28 Drivers/STM32F3xx_HAL_Driver/Src/stm32f3xx_hal_rcc_ex.o
 .debug_ranges  0x0000000000000ae0      0x1c8 Drivers/STM32F3xx_HAL_Driver/Src/stm32f3xx_hal_spi.o
 .debug_ranges  0x0000000000000ca8      0x200 Drivers/STM32F3xx_HAL_Driver/Src/stm32f3xx_hal_uart.o
 .debug_ranges  0x0000000000000ea8       0x40 Drivers/STM32F3xx_HAL_Driver/Src/stm32f3xx_hal_uart_ex.o
 .debug_ranges  0x0000000000000ee8       0xa0 Drivers/STM32F3xx_HAL_Driver/Src/stm32f3xx_ll_usb.o

.debug_macro    0x0000000000000000    0x1c8f0
 .debug_macro   0x0000000000000000      0x243 Core/Src/command_parser/commands.o
 .debug_macro   0x0000000000000243      0xa5a Core/Src/command_parser/commands.o
 .debug_macro   0x0000000000000c9d      0x16f Core/Src/command_parser/commands.o
 .debug_macro   0x0000000000000e0c       0x2e Core/Src/command_parser/commands.o
 .debug_macro   0x0000000000000e3a       0x28 Core/Src/command_parser/commands.o
 .debug_macro   0x0000000000000e62       0x22 Core/Src/command_parser/commands.o
 .debug_macro   0x0000000000000e84       0x8e Core/Src/command_parser/commands.o
 .debug_macro   0x0000000000000f12       0x51 Core/Src/command_parser/commands.o
 .debug_macro   0x0000000000000f63       0xef Core/Src/command_parser/commands.o
 .debug_macro   0x0000000000001052       0x6a Core/Src/command_parser/commands.o
 .debug_macro   0x00000000000010bc      0x1df Core/Src/command_parser/commands.o
 .debug_macro   0x000000000000129b       0x1c Core/Src/command_parser/commands.o
 .debug_macro   0x00000000000012b7       0x22 Core/Src/command_parser/commands.o
 .debug_macro   0x00000000000012d9       0xdf Core/Src/command_parser/commands.o
 .debug_macro   0x00000000000013b8     0x102d Core/Src/command_parser/commands.o
 .debug_macro   0x00000000000023e5      0x11f Core/Src/command_parser/commands.o
 .debug_macro   0x0000000000002504    0x12a33 Core/Src/command_parser/commands.o
 .debug_macro   0x0000000000014f37       0x43 Core/Src/command_parser/commands.o
 .debug_macro   0x0000000000014f7a      0x174 Core/Src/command_parser/commands.o
 .debug_macro   0x00000000000150ee       0x53 Core/Src/command_parser/commands.o
 .debug_macro   0x0000000000015141      0x962 Core/Src/command_parser/commands.o
 .debug_macro   0x0000000000015aa3      0x5fe Core/Src/command_parser/commands.o
 .debug_macro   0x00000000000160a1      0x12f Core/Src/command_parser/commands.o
 .debug_macro   0x00000000000161d0      0x1fb Core/Src/command_parser/commands.o
 .debug_macro   0x00000000000163cb      0x1dc Core/Src/command_parser/commands.o
 .debug_macro   0x00000000000165a7      0x1bc Core/Src/command_parser/commands.o
 .debug_macro   0x0000000000016763       0x30 Core/Src/command_parser/commands.o
 .debug_macro   0x0000000000016793       0x3c Core/Src/command_parser/commands.o
 .debug_macro   0x00000000000167cf      0x236 Core/Src/command_parser/commands.o
 .debug_macro   0x0000000000016a05      0x9b1 Core/Src/command_parser/commands.o
 .debug_macro   0x00000000000173b6       0x77 Core/Src/command_parser/commands.o
 .debug_macro   0x000000000001742d       0xd5 Core/Src/command_parser/commands.o
 .debug_macro   0x0000000000017502       0x4c Core/Src/command_parser/commands.o
 .debug_macro   0x000000000001754e       0xc5 Core/Src/command_parser/commands.o
 .debug_macro   0x0000000000017613      0x21d Core/Src/command_parser/commands.o
 .debug_macro   0x0000000000017830      0x22c Core/Src/command_parser/commands.o
 .debug_macro   0x0000000000017a5c       0x5b Core/Src/command_parser/commands.o
 .debug_macro   0x0000000000017ab7       0xa5 Core/Src/command_parser/commands.o
 .debug_macro   0x0000000000017b5c       0x85 Core/Src/command_parser/commands.o
 .debug_macro   0x0000000000017be1       0x65 Core/Src/command_parser/commands.o
 .debug_macro   0x0000000000017c46      0x249 Core/Src/command_parser/commands.o
 .debug_macro   0x0000000000017e8f       0x81 Core/Src/command_parser/commands.o
 .debug_macro   0x0000000000017f10       0xd3 Core/Src/command_parser/commands.o
 .debug_macro   0x0000000000017fe3      0x2fe Core/Src/command_parser/commands.o
 .debug_macro   0x00000000000182e1      0x589 Core/Src/command_parser/commands.o
 .debug_macro   0x000000000001886a       0x3e Core/Src/command_parser/commands.o
 .debug_macro   0x00000000000188a8      0x275 Core/Src/command_parser/commands.o
 .debug_macro   0x0000000000018b1d       0x4c Core/Src/command_parser/commands.o
 .debug_macro   0x0000000000018b69      0x3e7 Core/Src/command_parser/commands_parser.o
 .debug_macro   0x0000000000018f50      0x190 Core/Src/command_parser/commands_parser.o
 .debug_macro   0x00000000000190e0       0x1c Core/Src/command_parser/commands_parser.o
 .debug_macro   0x00000000000190fc       0x46 Core/Src/command_parser/commands_parser.o
 .debug_macro   0x0000000000019142       0x18 Core/Src/command_parser/commands_parser.o
 .debug_macro   0x000000000001915a       0x3c Core/Src/command_parser/commands_parser.o
 .debug_macro   0x0000000000019196       0x34 Core/Src/command_parser/commands_parser.o
 .debug_macro   0x00000000000191ca       0x52 Core/Src/command_parser/commands_parser.o
 .debug_macro   0x000000000001921c       0x1f Core/Src/command_parser/commands_parser.o
 .debug_macro   0x000000000001923b       0x43 Core/Src/command_parser/commands_parser.o
 .debug_macro   0x000000000001927e       0x20 Core/Src/command_parser/commands_parser.o
 .debug_macro   0x000000000001929e      0x1a3 Core/Src/command_parser/commands_parser.o
 .debug_macro   0x0000000000019441      0x32a Core/Src/command_parser/commands_parser.o
 .debug_macro   0x000000000001976b       0x10 Core/Src/command_parser/commands_parser.o
 .debug_macro   0x000000000001977b       0x35 Core/Src/command_parser/commands_parser.o
 .debug_macro   0x00000000000197b0       0x20 Core/Src/command_parser/commands_parser.o
 .debug_macro   0x00000000000197d0       0x1c Core/Src/command_parser/commands_parser.o
 .debug_macro   0x00000000000197ec       0x10 Core/Src/command_parser/commands_parser.o
 .debug_macro   0x00000000000197fc       0x10 Core/Src/command_parser/commands_parser.o
 .debug_macro   0x000000000001980c       0x1c Core/Src/command_parser/commands_parser.o
 .debug_macro   0x0000000000019828       0x52 Core/Src/command_parser/commands_parser.o
 .debug_macro   0x000000000001987a       0x40 Core/Src/command_parser/commands_parser.o
 .debug_macro   0x00000000000198ba       0x10 Core/Src/command_parser/commands_parser.o
 .debug_macro   0x00000000000198ca       0x40 Core/Src/command_parser/commands_parser.o
 .debug_macro   0x000000000001990a       0xd7 Core/Src/command_parser/commands_parser.o
 .debug_macro   0x00000000000199e1       0x1c Core/Src/command_parser/commands_parser.o
 .debug_macro   0x00000000000199fd       0x3d Core/Src/command_parser/commands_parser.o
 .debug_macro   0x0000000000019a3a       0x16 Core/Src/command_parser/commands_parser.o
 .debug_macro   0x0000000000019a50      0x145 Core/Src/command_parser/commands_parser.o
 .debug_macro   0x0000000000019b95      0x26f Core/Src/main.o
 .debug_macro   0x0000000000019e04      0x239 Core/Src/stm32f3xx_hal_msp.o
 .debug_macro   0x000000000001a03d      0x243 Core/Src/stm32f3xx_it.o
 .debug_macro   0x000000000001a280      0x230 Core/Src/system_stm32f3xx.o
 .debug_macro   0x000000000001a4b0      0x24e Drivers/STM32F3xx_HAL_Driver/Src/stm32f3xx_hal.o
 .debug_macro   0x000000000001a6fe      0x254 Drivers/STM32F3xx_HAL_Driver/Src/stm32f3xx_hal_adc_ex.o
 .debug_macro   0x000000000001a952      0x22a Drivers/STM32F3xx_HAL_Driver/Src/stm32f3xx_hal_cortex.o
 .debug_macro   0x000000000001ab7c      0x22a Drivers/STM32F3xx_HAL_Driver/Src/stm32f3xx_hal_crc.o
 .debug_macro   0x000000000001ada6      0x22a Drivers/STM32F3xx_HAL_Driver/Src/stm32f3xx_hal_crc_ex.o
 .debug_macro   0x000000000001afd0      0x22a Drivers/STM32F3xx_HAL_Driver/Src/stm32f3xx_hal_dma.o
 .debug_macro   0x000000000001b1fa      0x262 Drivers/STM32F3xx_HAL_Driver/Src/stm32f3xx_hal_gpio.o
 .debug_macro   0x000000000001b45c      0x2ef Drivers/STM32F3xx_HAL_Driver/Src/stm32f3xx_hal_i2c.o
 .debug_macro   0x000000000001b74b      0x22a Drivers/STM32F3xx_HAL_Driver/Src/stm32f3xx_hal_i2c_ex.o
 .debug_macro   0x000000000001b975      0x236 Drivers/STM32F3xx_HAL_Driver/Src/stm32f3xx_hal_pcd.o
 .debug_macro   0x000000000001bbab      0x24e Drivers/STM32F3xx_HAL_Driver/Src/stm32f3xx_hal_rcc.o
 .debug_macro   0x000000000001bdf9      0x22a Drivers/STM32F3xx_HAL_Driver/Src/stm32f3xx_hal_rcc_ex.o
 .debug_macro   0x000000000001c023      0x232 Drivers/STM32F3xx_HAL_Driver/Src/stm32f3xx_hal_spi.o
 .debug_macro   0x000000000001c255      0x247 Drivers/STM32F3xx_HAL_Driver/Src/stm32f3xx_hal_uart.o
 .debug_macro   0x000000000001c49c      0x22a Drivers/STM32F3xx_HAL_Driver/Src/stm32f3xx_hal_uart_ex.o
 .debug_macro   0x000000000001c6c6      0x22a Drivers/STM32F3xx_HAL_Driver/Src/stm32f3xx_ll_usb.o

.debug_line     0x0000000000000000    0x114f3
 .debug_line    0x0000000000000000      0x816 Core/Src/command_parser/commands.o
 .debug_line    0x0000000000000816      0xc44 Core/Src/command_parser/commands_parser.o
 .debug_line    0x000000000000145a      0xa06 Core/Src/main.o
 .debug_line    0x0000000000001e60      0x918 Core/Src/stm32f3xx_hal_msp.o
 .debug_line    0x0000000000002778      0x8b1 Core/Src/stm32f3xx_it.o
 .debug_line    0x0000000000003029      0x7f5 Core/Src/system_stm32f3xx.o
 .debug_line    0x000000000000381e       0x85 Core/Startup/startup_stm32f303vctx.o
 .debug_line    0x00000000000038a3      0x9b2 Drivers/STM32F3xx_HAL_Driver/Src/stm32f3xx_hal.o
 .debug_line    0x0000000000004255     0x1ab0 Drivers/STM32F3xx_HAL_Driver/Src/stm32f3xx_hal_adc_ex.o
 .debug_line    0x0000000000005d05      0xae7 Drivers/STM32F3xx_HAL_Driver/Src/stm32f3xx_hal_cortex.o
 .debug_line    0x00000000000067ec      0x92d Drivers/STM32F3xx_HAL_Driver/Src/stm32f3xx_hal_crc.o
 .debug_line    0x0000000000007119      0x83b Drivers/STM32F3xx_HAL_Driver/Src/stm32f3xx_hal_crc_ex.o
 .debug_line    0x0000000000007954      0x9f1 Drivers/STM32F3xx_HAL_Driver/Src/stm32f3xx_hal_dma.o
 .debug_line    0x0000000000008345      0x965 Drivers/STM32F3xx_HAL_Driver/Src/stm32f3xx_hal_gpio.o
 .debug_line    0x0000000000008caa     0x1bba Drivers/STM32F3xx_HAL_Driver/Src/stm32f3xx_hal_i2c.o
 .debug_line    0x000000000000a864      0x91b Drivers/STM32F3xx_HAL_Driver/Src/stm32f3xx_hal_i2c_ex.o
 .debug_line    0x000000000000b17f      0xdc7 Drivers/STM32F3xx_HAL_Driver/Src/stm32f3xx_hal_pcd.o
 .debug_line    0x000000000000bf46      0xf2a Drivers/STM32F3xx_HAL_Driver/Src/stm32f3xx_hal_rcc.o
 .debug_line    0x000000000000ce70      0xaa3 Drivers/STM32F3xx_HAL_Driver/Src/stm32f3xx_hal_rcc_ex.o
 .debug_line    0x000000000000d913     0x1268 Drivers/STM32F3xx_HAL_Driver/Src/stm32f3xx_hal_spi.o
 .debug_line    0x000000000000eb7b     0x12f0 Drivers/STM32F3xx_HAL_Driver/Src/stm32f3xx_hal_uart.o
 .debug_line    0x000000000000fe6b      0x8d0 Drivers/STM32F3xx_HAL_Driver/Src/stm32f3xx_hal_uart_ex.o
 .debug_line    0x000000000001073b      0xdb8 Drivers/STM32F3xx_HAL_Driver/Src/stm32f3xx_ll_usb.o

.debug_str      0x0000000000000000    0xa4d37
 .debug_str     0x0000000000000000    0x9ae90 Core/Src/command_parser/commands.o
                                      0x9b4db (size before relaxing)
 .debug_str     0x000000000009ae90     0x51c4 Core/Src/command_parser/commands_parser.o
                                      0xa0851 (size before relaxing)
 .debug_str     0x00000000000a0054      0xd6d Core/Src/main.o
                                      0x9d271 (size before relaxing)
 .debug_str     0x00000000000a0dc1      0x10e Core/Src/stm32f3xx_hal_msp.o
                                      0x9cb9e (size before relaxing)
 .debug_str     0x00000000000a0ecf       0xf7 Core/Src/stm32f3xx_it.o
                                      0x9bdb5 (size before relaxing)
 .debug_str     0x00000000000a0fc6       0xc7 Core/Src/system_stm32f3xx.o
                                      0x9b24c (size before relaxing)
 .debug_str     0x00000000000a108d       0x36 Core/Startup/startup_stm32f303vctx.o
                                         0x97 (size before relaxing)
 .debug_str     0x00000000000a10c3      0x3c2 Drivers/STM32F3xx_HAL_Driver/Src/stm32f3xx_hal.o
                                      0x9b9d4 (size before relaxing)
 .debug_str     0x00000000000a1485      0x81c Drivers/STM32F3xx_HAL_Driver/Src/stm32f3xx_hal_adc_ex.o
                                      0x9be90 (size before relaxing)
 .debug_str     0x00000000000a1ca1      0x3a8 Drivers/STM32F3xx_HAL_Driver/Src/stm32f3xx_hal_cortex.o
                                      0x9bae2 (size before relaxing)
 .debug_str     0x00000000000a2049       0xbf Drivers/STM32F3xx_HAL_Driver/Src/stm32f3xx_hal_crc.o
                                      0x9b407 (size before relaxing)
 .debug_str     0x00000000000a2108       0x82 Drivers/STM32F3xx_HAL_Driver/Src/stm32f3xx_hal_crc_ex.o
                                      0x9b3da (size before relaxing)
 .debug_str     0x00000000000a218a      0x248 Drivers/STM32F3xx_HAL_Driver/Src/stm32f3xx_hal_dma.o
                                      0x9b5b2 (size before relaxing)
 .debug_str     0x00000000000a23d2      0x224 Drivers/STM32F3xx_HAL_Driver/Src/stm32f3xx_hal_gpio.o
                                      0x9b49e (size before relaxing)
 .debug_str     0x00000000000a25f6      0xe27 Drivers/STM32F3xx_HAL_Driver/Src/stm32f3xx_hal_i2c.o
                                      0x9c48c (size before relaxing)
 .debug_str     0x00000000000a341d       0xf3 Drivers/STM32F3xx_HAL_Driver/Src/stm32f3xx_hal_i2c_ex.o
                                      0x9b76f (size before relaxing)
 .debug_str     0x00000000000a3510      0x3e1 Drivers/STM32F3xx_HAL_Driver/Src/stm32f3xx_hal_pcd.o
                                      0x9b916 (size before relaxing)
 .debug_str     0x00000000000a38f1      0x2f9 Drivers/STM32F3xx_HAL_Driver/Src/stm32f3xx_hal_rcc.o
                                      0x9b6a6 (size before relaxing)
 .debug_str     0x00000000000a3bea       0xd8 Drivers/STM32F3xx_HAL_Driver/Src/stm32f3xx_hal_rcc_ex.o
                                      0x9b46a (size before relaxing)
 .debug_str     0x00000000000a3cc2      0x55c Drivers/STM32F3xx_HAL_Driver/Src/stm32f3xx_hal_spi.o
                                      0x9bb13 (size before relaxing)
 .debug_str     0x00000000000a421e      0x7ca Drivers/STM32F3xx_HAL_Driver/Src/stm32f3xx_hal_uart.o
                                      0x9be06 (size before relaxing)
 .debug_str     0x00000000000a49e8      0x160 Drivers/STM32F3xx_HAL_Driver/Src/stm32f3xx_hal_uart_ex.o
                                      0x9b6ce (size before relaxing)
 .debug_str     0x00000000000a4b48      0x1ef Drivers/STM32F3xx_HAL_Driver/Src/stm32f3xx_ll_usb.o
                                      0x9b5ca (size before relaxing)

.comment        0x0000000000000000       0x7b
 .comment       0x0000000000000000       0x7b Core/Src/command_parser/commands.o
                                         0x7c (size before relaxing)
 .comment       0x000000000000007b       0x7c Core/Src/command_parser/commands_parser.o
 .comment       0x000000000000007b       0x7c Core/Src/main.o
 .comment       0x000000000000007b       0x7c Core/Src/stm32f3xx_hal_msp.o
 .comment       0x000000000000007b       0x7c Core/Src/stm32f3xx_it.o
 .comment       0x000000000000007b       0x7c Core/Src/system_stm32f3xx.o
 .comment       0x000000000000007b       0x7c Drivers/STM32F3xx_HAL_Driver/Src/stm32f3xx_hal.o
 .comment       0x000000000000007b       0x7c Drivers/STM32F3xx_HAL_Driver/Src/stm32f3xx_hal_adc_ex.o
 .comment       0x000000000000007b       0x7c Drivers/STM32F3xx_HAL_Driver/Src/stm32f3xx_hal_cortex.o
 .comment       0x000000000000007b       0x7c Drivers/STM32F3xx_HAL_Driver/Src/stm32f3xx_hal_crc.o
 .comment       0x000000000000007b       0x7c Drivers/STM32F3xx_HAL_Driver/Src/stm32f3xx_hal_crc_ex.o
 .comment       0x000000000000007b       0x7c Drivers/STM32F3xx_HAL_Driver/Src/stm32f3xx_hal_dma.o
 .comment       0x000000000000007b       0x7c Drivers/STM32F3xx_HAL_Driver/Src/stm32f3xx_hal_gpio.o
 .comment       0x000000000000007b       0x7c Drivers/STM32F3xx_HAL_Driver/Src/stm32f3xx_hal_i2c.o
 .comment       0x000000000000007b       0x7c Drivers/STM32F3xx_HAL_Driver/Src/stm32f3xx_hal_i2c_ex.o
 .comment       0x000000000000007b       0x7c Drivers/STM32F3xx_HAL_Driver/Src/stm32f3xx_hal_pcd.o
 .comment       0x000000000000007b       0x7c Drivers/STM32F3xx_HAL_Driver/Src/stm32f3xx_hal_rcc.o
 .comment       0x000000000000007b       0x7c Drivers/STM32F3xx_HAL_Driver/Src/stm32f3xx_hal_rcc_ex.o
 .comment       0x000000000000007b       0x7c Drivers/STM32F3xx_HAL_Driver/Src/stm32f3xx_hal_spi.o
 .comment       0x000000000000007b       0x7c Drivers/STM32F3xx_HAL_Driver/Src/stm32f3xx_hal_uart.o
 .comment       0x000000000000007b       0x7c Drivers/STM32F3xx_HAL_Driver/Src/stm32f3xx_hal_uart_ex.o
 .comment       0x000000000000007b       0x7c Drivers/STM32F3xx_HAL_Driver/Src/stm32f3xx_ll_usb.o

.debug_frame    0x0000000000000000     0x4654
 .debug_frame   0x0000000000000000       0x60 Core/Src/command_parser/commands.o
 .debug_frame   0x0000000000000060      0x180 Core/Src/command_parser/commands_parser.o
 .debug_frame   0x00000000000001e0      0x1ec Core/Src/main.o
 .debug_frame   0x00000000000003cc      0x1ec Core/Src/stm32f3xx_hal_msp.o
 .debug_frame   0x00000000000005b8      0x160 Core/Src/stm32f3xx_it.o
 .debug_frame   0x0000000000000718       0x58 Core/Src/system_stm32f3xx.o
 .debug_frame   0x0000000000000770      0x334 Drivers/STM32F3xx_HAL_Driver/Src/stm32f3xx_hal.o
 .debug_frame   0x0000000000000aa4      0x644 Drivers/STM32F3xx_HAL_Driver/Src/stm32f3xx_hal_adc_ex.o
 .debug_frame   0x00000000000010e8      0x498 Drivers/STM32F3xx_HAL_Driver/Src/stm32f3xx_hal_cortex.o
 .debug_frame   0x0000000000001580      0x168 Drivers/STM32F3xx_HAL_Driver/Src/stm32f3xx_hal_crc.o
 .debug_frame   0x00000000000016e8       0x88 Drivers/STM32F3xx_HAL_Driver/Src/stm32f3xx_hal_crc_ex.o
 .debug_frame   0x0000000000001770      0x224 Drivers/STM32F3xx_HAL_Driver/Src/stm32f3xx_hal_dma.o
 .debug_frame   0x0000000000001994      0x14c Drivers/STM32F3xx_HAL_Driver/Src/stm32f3xx_hal_gpio.o
 .debug_frame   0x0000000000001ae0      0xbe8 Drivers/STM32F3xx_HAL_Driver/Src/stm32f3xx_hal_i2c.o
 .debug_frame   0x00000000000026c8      0x100 Drivers/STM32F3xx_HAL_Driver/Src/stm32f3xx_hal_i2c_ex.o
 .debug_frame   0x00000000000027c8      0x578 Drivers/STM32F3xx_HAL_Driver/Src/stm32f3xx_hal_pcd.o
 .debug_frame   0x0000000000002d40      0x214 Drivers/STM32F3xx_HAL_Driver/Src/stm32f3xx_hal_rcc.o
 .debug_frame   0x0000000000002f54       0xb4 Drivers/STM32F3xx_HAL_Driver/Src/stm32f3xx_hal_rcc_ex.o
 .debug_frame   0x0000000000003008      0x860 Drivers/STM32F3xx_HAL_Driver/Src/stm32f3xx_hal_spi.o
 .debug_frame   0x0000000000003868      0x970 Drivers/STM32F3xx_HAL_Driver/Src/stm32f3xx_hal_uart.o
 .debug_frame   0x00000000000041d8      0x120 Drivers/STM32F3xx_HAL_Driver/Src/stm32f3xx_hal_uart_ex.o
 .debug_frame   0x00000000000042f8      0x310 Drivers/STM32F3xx_HAL_Driver/Src/stm32f3xx_ll_usb.o
 .debug_frame   0x0000000000004608       0x2c d:/programme/cubeide/stm32cubeide_1.3.0/stm32cubeide/plugins/com.st.stm32cube.ide.mcu.externaltools.gnu-tools-for-stm32.7-2018-q2-update.win32_1.0.0.201904181610/tools/bin/../lib/gcc/arm-none-eabi/7.3.1/../../../../arm-none-eabi/lib/thumb/v7e-m/fpv4-sp/hard\libc_nano.a(lib_a-init.o)
 .debug_frame   0x0000000000004634       0x20 d:/programme/cubeide/stm32cubeide_1.3.0/stm32cubeide/plugins/com.st.stm32cube.ide.mcu.externaltools.gnu-tools-for-stm32.7-2018-q2-update.win32_1.0.0.201904181610/tools/bin/../lib/gcc/arm-none-eabi/7.3.1/../../../../arm-none-eabi/lib/thumb/v7e-m/fpv4-sp/hard\libc_nano.a(lib_a-memset.o)
