Archive member included to satisfy reference by file (symbol)

d:/programme/stm32cubeide_1.5.1/stm32cubeide/plugins/com.st.stm32cube.ide.mcu.externaltools.gnu-tools-for-stm32.7-2018-q2-update.win32_1.5.0.202011040924/tools/bin/../lib/gcc/arm-none-eabi/7.3.1/../../../../arm-none-eabi/lib/thumb/v7e-m/fpv4-sp/hard\libc_nano.a(lib_a-errno.o)
                              Core/Src/syscalls.o (__errno)
d:/programme/stm32cubeide_1.5.1/stm32cubeide/plugins/com.st.stm32cube.ide.mcu.externaltools.gnu-tools-for-stm32.7-2018-q2-update.win32_1.5.0.202011040924/tools/bin/../lib/gcc/arm-none-eabi/7.3.1/../../../../arm-none-eabi/lib/thumb/v7e-m/fpv4-sp/hard\libc_nano.a(lib_a-exit.o)
                              d:/programme/stm32cubeide_1.5.1/stm32cubeide/plugins/com.st.stm32cube.ide.mcu.externaltools.gnu-tools-for-stm32.7-2018-q2-update.win32_1.5.0.202011040924/tools/bin/../lib/gcc/arm-none-eabi/7.3.1/../../../../arm-none-eabi/lib/thumb/v7e-m/fpv4-sp/hard/crt0.o (exit)
d:/programme/stm32cubeide_1.5.1/stm32cubeide/plugins/com.st.stm32cube.ide.mcu.externaltools.gnu-tools-for-stm32.7-2018-q2-update.win32_1.5.0.202011040924/tools/bin/../lib/gcc/arm-none-eabi/7.3.1/../../../../arm-none-eabi/lib/thumb/v7e-m/fpv4-sp/hard\libc_nano.a(lib_a-impure.o)
                              d:/programme/stm32cubeide_1.5.1/stm32cubeide/plugins/com.st.stm32cube.ide.mcu.externaltools.gnu-tools-for-stm32.7-2018-q2-update.win32_1.5.0.202011040924/tools/bin/../lib/gcc/arm-none-eabi/7.3.1/../../../../arm-none-eabi/lib/thumb/v7e-m/fpv4-sp/hard\libc_nano.a(lib_a-exit.o) (_global_impure_ptr)
d:/programme/stm32cubeide_1.5.1/stm32cubeide/plugins/com.st.stm32cube.ide.mcu.externaltools.gnu-tools-for-stm32.7-2018-q2-update.win32_1.5.0.202011040924/tools/bin/../lib/gcc/arm-none-eabi/7.3.1/../../../../arm-none-eabi/lib/thumb/v7e-m/fpv4-sp/hard\libc_nano.a(lib_a-init.o)
                              d:/programme/stm32cubeide_1.5.1/stm32cubeide/plugins/com.st.stm32cube.ide.mcu.externaltools.gnu-tools-for-stm32.7-2018-q2-update.win32_1.5.0.202011040924/tools/bin/../lib/gcc/arm-none-eabi/7.3.1/../../../../arm-none-eabi/lib/thumb/v7e-m/fpv4-sp/hard/crt0.o (__libc_init_array)
d:/programme/stm32cubeide_1.5.1/stm32cubeide/plugins/com.st.stm32cube.ide.mcu.externaltools.gnu-tools-for-stm32.7-2018-q2-update.win32_1.5.0.202011040924/tools/bin/../lib/gcc/arm-none-eabi/7.3.1/../../../../arm-none-eabi/lib/thumb/v7e-m/fpv4-sp/hard\libc_nano.a(lib_a-memset.o)
                              d:/programme/stm32cubeide_1.5.1/stm32cubeide/plugins/com.st.stm32cube.ide.mcu.externaltools.gnu-tools-for-stm32.7-2018-q2-update.win32_1.5.0.202011040924/tools/bin/../lib/gcc/arm-none-eabi/7.3.1/../../../../arm-none-eabi/lib/thumb/v7e-m/fpv4-sp/hard/crt0.o (memset)
d:/programme/stm32cubeide_1.5.1/stm32cubeide/plugins/com.st.stm32cube.ide.mcu.externaltools.gnu-tools-for-stm32.7-2018-q2-update.win32_1.5.0.202011040924/tools/bin/../lib/gcc/arm-none-eabi/7.3.1/thumb/v7e-m/fpv4-sp/hard\libgcc.a(_arm_addsubdf3.o)
                              Core/Src/lidar/RPlidar.o (__aeabi_dsub)
d:/programme/stm32cubeide_1.5.1/stm32cubeide/plugins/com.st.stm32cube.ide.mcu.externaltools.gnu-tools-for-stm32.7-2018-q2-update.win32_1.5.0.202011040924/tools/bin/../lib/gcc/arm-none-eabi/7.3.1/thumb/v7e-m/fpv4-sp/hard\libgcc.a(_arm_muldivdf3.o)
                              Core/Src/lidar/RPlidar.o (__aeabi_dmul)
d:/programme/stm32cubeide_1.5.1/stm32cubeide/plugins/com.st.stm32cube.ide.mcu.externaltools.gnu-tools-for-stm32.7-2018-q2-update.win32_1.5.0.202011040924/tools/bin/../lib/gcc/arm-none-eabi/7.3.1/thumb/v7e-m/fpv4-sp/hard\libgcc.a(_arm_cmpdf2.o)
                              Core/Src/washer/washer_handler.o (__aeabi_dcmplt)
d:/programme/stm32cubeide_1.5.1/stm32cubeide/plugins/com.st.stm32cube.ide.mcu.externaltools.gnu-tools-for-stm32.7-2018-q2-update.win32_1.5.0.202011040924/tools/bin/../lib/gcc/arm-none-eabi/7.3.1/thumb/v7e-m/fpv4-sp/hard\libgcc.a(_arm_truncdfsf2.o)
                              Core/Src/lidar/RPlidar.o (__aeabi_d2f)

Allocating common symbols
Common symbol       size              file

_data_test_tx       0x258             Core/Src/command_parser/commands_parser.o
hdma_uart4_rx       0x44              Core/Src/main.o
_hspi1              0x4               Core/Src/spi_handler/spi_handler.o
_huart5             0x4               Core/Src/command_parser/commands_parser.o
hi2c1               0x4c              Core/Src/main.o
hiwdg               0x10              Core/Src/main.o
hcrc                0x24              Core/Src/main.o
_huart              0x4               Core/Src/lidar/RPlidar.o
uwTick              0x4               Drivers/STM32F3xx_HAL_Driver/Src/stm32f3xx_hal.o
pFlash              0x20              Drivers/STM32F3xx_HAL_Driver/Src/stm32f3xx_hal_flash.o
fpga_data           0x10              Core/Src/spi_handler/spi_handler.o
hdma_usart1_tx      0x44              Core/Src/main.o
hadc1               0x50              Core/Src/main.o
[...]
Memory Configuration

Name             Origin             Length             Attributes
CCMRAM           0x0000000010000000 0x0000000000002000 xrw
RAM              0x0000000020000000 0x000000000000a000 xrw
FLASH            0x0000000008000000 0x0000000000040000 xr
*default*        0x0000000000000000 0xffffffffffffffff

Linker script and memory map

LOAD d:/programme/stm32cubeide_1.5.1/stm32cubeide/plugins/com.st.stm32cube.ide.mcu.externaltools.gnu-tools-for-stm32.7-2018-q2-update.win32_1.5.0.202011040924/tools/bin/../lib/gcc/arm-none-eabi/7.3.1/thumb/v7e-m/fpv4-sp/hard/crti.o
LOAD d:/programme/stm32cubeide_1.5.1/stm32cubeide/plugins/com.st.stm32cube.ide.mcu.externaltools.gnu-tools-for-stm32.7-2018-q2-update.win32_1.5.0.202011040924/tools/bin/../lib/gcc/arm-none-eabi/7.3.1/thumb/v7e-m/fpv4-sp/hard/crtbegin.o
LOAD d:/programme/stm32cubeide_1.5.1/stm32cubeide/plugins/com.st.stm32cube.ide.mcu.externaltools.gnu-tools-for-stm32.7-2018-q2-update.win32_1.5.0.202011040924/tools/bin/../lib/gcc/arm-none-eabi/7.3.1/../../../../arm-none-eabi/lib/thumb/v7e-m/fpv4-sp/hard/crt0.o
LOAD Core/Src/command_parser/commands.o
LOAD Core/Src/command_parser/commands_parser.o
LOAD Core/Src/lidar/RPlidar.o
LOAD Core/Src/main.o
LOAD Core/Src/stm32f3xx_hal_msp.o
LOAD Core/Src/stm32f3xx_it.o
LOAD Core/Src/syscalls.o
LOAD Core/Src/sysmem.o
LOAD Core/Src/system_stm32f3xx.o
LOAD Core/Src/movement_handler/movement_handler.o
LOAD Core/Src/power_handler/current_probe.o
LOAD Core/Src/spi_handler/spi_handler.o
LOAD Core/Src/washer/washer_handler.o
LOAD Core/Startup/startup_stm32f303vctx.o
LOAD Drivers/STM32F3xx_HAL_Driver/Src/stm32f3xx_hal.o
LOAD Drivers/STM32F3xx_HAL_Driver/Src/stm32f3xx_hal_adc.o
LOAD Drivers/STM32F3xx_HAL_Driver/Src/stm32f3xx_hal_adc_ex.o
LOAD Drivers/STM32F3xx_HAL_Driver/Src/stm32f3xx_hal_cortex.o
LOAD Drivers/STM32F3xx_HAL_Driver/Src/stm32f3xx_hal_crc.o
LOAD Drivers/STM32F3xx_HAL_Driver/Src/stm32f3xx_hal_crc_ex.o
LOAD Drivers/STM32F3xx_HAL_Driver/Src/stm32f3xx_hal_dma.o
LOAD Drivers/STM32F3xx_HAL_Driver/Src/stm32f3xx_hal_exti.o
LOAD Drivers/STM32F3xx_HAL_Driver/Src/stm32f3xx_hal_flash.o
LOAD Drivers/STM32F3xx_HAL_Driver/Src/stm32f3xx_hal_flash_ex.o
LOAD Drivers/STM32F3xx_HAL_Driver/Src/stm32f3xx_hal_gpio.o
LOAD Drivers/STM32F3xx_HAL_Driver/Src/stm32f3xx_hal_i2c.o
LOAD Drivers/STM32F3xx_HAL_Driver/Src/stm32f3xx_hal_i2c_ex.o
LOAD Drivers/STM32F3xx_HAL_Driver/Src/stm32f3xx_hal_iwdg.o
LOAD Drivers/STM32F3xx_HAL_Driver/Src/stm32f3xx_hal_pcd.o
LOAD Drivers/STM32F3xx_HAL_Driver/Src/stm32f3xx_hal_pcd_ex.o
LOAD Drivers/STM32F3xx_HAL_Driver/Src/stm32f3xx_hal_pwr.o
LOAD Drivers/STM32F3xx_HAL_Driver/Src/stm32f3xx_hal_pwr_ex.o
LOAD Drivers/STM32F3xx_HAL_Driver/Src/stm32f3xx_hal_rcc.o
LOAD Drivers/STM32F3xx_HAL_Driver/Src/stm32f3xx_hal_rcc_ex.o
LOAD Drivers/STM32F3xx_HAL_Driver/Src/stm32f3xx_hal_spi.o
LOAD Drivers/STM32F3xx_HAL_Driver/Src/stm32f3xx_hal_spi_ex.o
LOAD Drivers/STM32F3xx_HAL_Driver/Src/stm32f3xx_hal_tim.o
LOAD Drivers/STM32F3xx_HAL_Driver/Src/stm32f3xx_hal_tim_ex.o
LOAD Drivers/STM32F3xx_HAL_Driver/Src/stm32f3xx_hal_uart.o
LOAD Drivers/STM32F3xx_HAL_Driver/Src/stm32f3xx_hal_uart_ex.o
LOAD Drivers/STM32F3xx_HAL_Driver/Src/stm32f3xx_ll_usb.o
START GROUP
LOAD d:/programme/stm32cubeide_1.5.1/stm32cubeide/plugins/com.st.stm32cube.ide.mcu.externaltools.gnu-tools-for-stm32.7-2018-q2-update.win32_1.5.0.202011040924/tools/bin/../lib/gcc/arm-none-eabi/7.3.1/../../../../arm-none-eabi/lib/thumb/v7e-m/fpv4-sp/hard\libc_nano.a
LOAD d:/programme/stm32cubeide_1.5.1/stm32cubeide/plugins/com.st.stm32cube.ide.mcu.externaltools.gnu-tools-for-stm32.7-2018-q2-update.win32_1.5.0.202011040924/tools/bin/../lib/gcc/arm-none-eabi/7.3.1/../../../../arm-none-eabi/lib/thumb/v7e-m/fpv4-sp/hard\libm.a
END GROUP
START GROUP
LOAD d:/programme/stm32cubeide_1.5.1/stm32cubeide/plugins/com.st.stm32cube.ide.mcu.externaltools.gnu-tools-for-stm32.7-2018-q2-update.win32_1.5.0.202011040924/tools/bin/../lib/gcc/arm-none-eabi/7.3.1/thumb/v7e-m/fpv4-sp/hard\libgcc.a
LOAD d:/programme/stm32cubeide_1.5.1/stm32cubeide/plugins/com.st.stm32cube.ide.mcu.externaltools.gnu-tools-for-stm32.7-2018-q2-update.win32_1.5.0.202011040924/tools/bin/../lib/gcc/arm-none-eabi/7.3.1/../../../../arm-none-eabi/lib/thumb/v7e-m/fpv4-sp/hard\libc_nano.a
END GROUP
START GROUP
LOAD d:/programme/stm32cubeide_1.5.1/stm32cubeide/plugins/com.st.stm32cube.ide.mcu.externaltools.gnu-tools-for-stm32.7-2018-q2-update.win32_1.5.0.202011040924/tools/bin/../lib/gcc/arm-none-eabi/7.3.1/thumb/v7e-m/fpv4-sp/hard\libgcc.a
LOAD d:/programme/stm32cubeide_1.5.1/stm32cubeide/plugins/com.st.stm32cube.ide.mcu.externaltools.gnu-tools-for-stm32.7-2018-q2-update.win32_1.5.0.202011040924/tools/bin/../lib/gcc/arm-none-eabi/7.3.1/../../../../arm-none-eabi/lib/thumb/v7e-m/fpv4-sp/hard\libc_nano.a
LOAD d:/programme/stm32cubeide_1.5.1/stm32cubeide/plugins/com.st.stm32cube.ide.mcu.externaltools.gnu-tools-for-stm32.7-2018-q2-update.win32_1.5.0.202011040924/tools/bin/../lib/gcc/arm-none-eabi/7.3.1/../../../../arm-none-eabi/lib/thumb/v7e-m/fpv4-sp/hard\libnosys.a
END GROUP
START GROUP
LOAD d:/programme/stm32cubeide_1.5.1/stm32cubeide/plugins/com.st.stm32cube.ide.mcu.externaltools.gnu-tools-for-stm32.7-2018-q2-update.win32_1.5.0.202011040924/tools/bin/../lib/gcc/arm-none-eabi/7.3.1/thumb/v7e-m/fpv4-sp/hard\libgcc.a
LOAD d:/programme/stm32cubeide_1.5.1/stm32cubeide/plugins/com.st.stm32cube.ide.mcu.externaltools.gnu-tools-for-stm32.7-2018-q2-update.win32_1.5.0.202011040924/tools/bin/../lib/gcc/arm-none-eabi/7.3.1/../../../../arm-none-eabi/lib/thumb/v7e-m/fpv4-sp/hard\libc_nano.a
LOAD d:/programme/stm32cubeide_1.5.1/stm32cubeide/plugins/com.st.stm32cube.ide.mcu.externaltools.gnu-tools-for-stm32.7-2018-q2-update.win32_1.5.0.202011040924/tools/bin/../lib/gcc/arm-none-eabi/7.3.1/../../../../arm-none-eabi/lib/thumb/v7e-m/fpv4-sp/hard\libnosys.a
END GROUP
LOAD d:/programme/stm32cubeide_1.5.1/stm32cubeide/plugins/com.st.stm32cube.ide.mcu.externaltools.gnu-tools-for-stm32.7-2018-q2-update.win32_1.5.0.202011040924/tools/bin/../lib/gcc/arm-none-eabi/7.3.1/thumb/v7e-m/fpv4-sp/hard/crtend.o
LOAD d:/programme/stm32cubeide_1.5.1/stm32cubeide/plugins/com.st.stm32cube.ide.mcu.externaltools.gnu-tools-for-stm32.7-2018-q2-update.win32_1.5.0.202011040924/tools/bin/../lib/gcc/arm-none-eabi/7.3.1/thumb/v7e-m/fpv4-sp/hard/crtn.o
                0x000000002000a000                _estack = (ORIGIN (RAM) + LENGTH (RAM))
                0x0000000000000200                _Min_Heap_Size = 0x200
                0x0000000000000400                _Min_Stack_Size = 0x400

.isr_vector     0x0000000008000000      0x188
                0x0000000008000000                . = ALIGN (0x4)
 *(.isr_vector)
 .isr_vector    0x0000000008000000      0x188 Core/Startup/startup_stm32f303vctx.o
                0x0000000008000000                g_pfnVectors
                0x0000000008000188                . = ALIGN (0x4)

.text           0x0000000008000188     0x9b58
                0x0000000008000188                . = ALIGN (0x4)
 *(.text)
 .text          0x0000000008000188       0x40 d:/programme/stm32cubeide_1.5.1/stm32cubeide/plugins/com.st.stm32cube.ide.mcu.externaltools.gnu-tools-for-stm32.7-2018-q2-update.win32_1.5.0.202011040924/tools/bin/../lib/gcc/arm-none-eabi/7.3.1/thumb/v7e-m/fpv4-sp/hard/crtbegin.o
 .text          0x00000000080001c8      0x378 d:/programme/stm32cubeide_1.5.1/stm32cubeide/plugins/com.st.stm32cube.ide.mcu.externaltools.gnu-tools-for-stm32.7-2018-q2-update.win32_1.5.0.202011040924/tools/bin/../lib/gcc/arm-none-eabi/7.3.1/thumb/v7e-m/fpv4-sp/hard\libgcc.a(_arm_addsubdf3.o)
                0x00000000080001c8                __aeabi_drsub
                0x00000000080001d0                __aeabi_dsub
                0x00000000080001d0                __subdf3
                0x00000000080001d4                __aeabi_dadd
                0x00000000080001d4                __adddf3
                0x000000000800044c                __floatunsidf
                0x000000000800044c                __aeabi_ui2d
                0x000000000800046c                __floatsidf
                0x000000000800046c                __aeabi_i2d
                0x0000000008000490                __aeabi_f2d
                0x0000000008000490                __extendsfdf2
                0x00000000080004d4                __floatundidf
                0x00000000080004d4                __aeabi_ul2d
                0x00000000080004e4                __floatdidf
                0x00000000080004e4                __aeabi_l2d
 .text          0x0000000008000540      0x424 d:/programme/stm32cubeide_1.5.1/stm32cubeide/plugins/com.st.stm32cube.ide.mcu.externaltools.gnu-tools-for-stm32.7-2018-q2-update.win32_1.5.0.202011040924/tools/bin/../lib/gcc/arm-none-eabi/7.3.1/thumb/v7e-m/fpv4-sp/hard\libgcc.a(_arm_muldivdf3.o)
                0x0000000008000540                __aeabi_dmul
                0x0000000008000540                __muldf3
                0x0000000008000794                __divdf3
                0x0000000008000794                __aeabi_ddiv
 .text          0x0000000008000964      0x110 d:/programme/stm32cubeide_1.5.1/stm32cubeide/plugins/com.st.stm32cube.ide.mcu.externaltools.gnu-tools-for-stm32.7-2018-q2-update.win32_1.5.0.202011040924/tools/bin/../lib/gcc/arm-none-eabi/7.3.1/thumb/v7e-m/fpv4-sp/hard\libgcc.a(_arm_cmpdf2.o)
                0x0000000008000964                __gtdf2
                0x0000000008000964                __gedf2
                0x000000000800096c                __ltdf2
                0x000000000800096c                __ledf2
                0x0000000008000974                __nedf2
                0x0000000008000974                __eqdf2
                0x0000000008000974                __cmpdf2
                0x00000000080009f0                __aeabi_cdrcmple
                0x0000000008000a00                __aeabi_cdcmpeq
                0x0000000008000a00                __aeabi_cdcmple
                0x0000000008000a10                __aeabi_dcmpeq
                0x0000000008000a24                __aeabi_dcmplt
                0x0000000008000a38                __aeabi_dcmple
                0x0000000008000a4c                __aeabi_dcmpge
                0x0000000008000a60                __aeabi_dcmpgt
 .text          0x0000000008000a74       0xa0 d:/programme/stm32cubeide_1.5.1/stm32cubeide/plugins/com.st.stm32cube.ide.mcu.externaltools.gnu-tools-for-stm32.7-2018-q2-update.win32_1.5.0.202011040924/tools/bin/../lib/gcc/arm-none-eabi/7.3.1/thumb/v7e-m/fpv4-sp/hard\libgcc.a(_arm_truncdfsf2.o)
                0x0000000008000a74                __truncdfsf2
                0x0000000008000a74                __aeabi_d2f
 *(.text*)
 .text.default_process
                0x0000000008000b14       0x18 Core/Src/command_parser/commands.o
                0x0000000008000b14                default_process
 .text.switch_ON
                0x0000000008000b2c       0x28 Core/Src/command_parser/commands.o
                0x0000000008000b2c                switch_ON
 .text.start_motor
                0x0000000008000b54       0x28 Core/Src/command_parser/commands.o
                0x0000000008000b54                start_motor
 .text.stop_motor
                0x0000000008000b7c       0x20 Core/Src/command_parser/commands.o
                0x0000000008000b7c                stop_motor
 .text.start_lidar
                0x0000000008000b9c       0x28 Core/Src/command_parser/commands.o
                0x0000000008000b9c                start_lidar
 .text.washer_brosse
                0x0000000008000bc4       0x3a Core/Src/command_parser/commands.o
                0x0000000008000bc4                washer_brosse
 .text.washer_pump
                0x0000000008000bfe       0x3a Core/Src/command_parser/commands.o
                0x0000000008000bfe                washer_pump
 .text.washer_UVC
                0x0000000008000c38       0x3a Core/Src/command_parser/commands.o
                0x0000000008000c38                washer_UVC
 *fill*         0x0000000008000c72        0x2 
 .text.NVIC_command_parser_INT
                0x0000000008000c74       0x60 Core/Src/command_parser/commands_parser.o
                0x0000000008000c74                NVIC_command_parser_INT
 .text.NVIC_command_parser_TX_INT
                0x0000000008000cd4       0x40 Core/Src/command_parser/commands_parser.o
                0x0000000008000cd4                NVIC_command_parser_TX_INT
 .text.uart_init
                0x0000000008000d14       0x70 Core/Src/command_parser/commands_parser.o
                0x0000000008000d14                uart_init
 .text.cmd_parser_process
                0x0000000008000d84       0x8c Core/Src/command_parser/commands_parser.o
                0x0000000008000d84                cmd_parser_process
 .text.get_command
                0x0000000008000e10       0x94 Core/Src/command_parser/commands_parser.o
                0x0000000008000e10                get_command
 .text.command_integrity
                0x0000000008000ea4       0x74 Core/Src/command_parser/commands_parser.o
                0x0000000008000ea4                command_integrity
 .text.update_pipeline
                0x0000000008000f18       0x7c Core/Src/command_parser/commands_parser.o
                0x0000000008000f18                update_pipeline
 .text.wait     0x0000000008000f94       0x1c Core/Src/command_parser/commands_parser.o
                0x0000000008000f94                wait
 .text.parser_return
                0x0000000008000fb0       0x2c Core/Src/command_parser/commands_parser.o
                0x0000000008000fb0                parser_return
 .text.parser_OUTPUT_RPlidar
                0x0000000008000fdc       0xe4 Core/Src/command_parser/commands_parser.o
                0x0000000008000fdc                parser_OUTPUT_RPlidar
 .text.generate_parser_flag
                0x00000000080010c0       0xd0 Core/Src/command_parser/commands_parser.o
                0x00000000080010c0                generate_parser_flag
 .text.NVIC_RPlidar_INT
                0x0000000008001190       0x9c Core/Src/lidar/RPlidar.o
                0x0000000008001190                NVIC_RPlidar_INT
 .text.NVIC_Timout_1ms_INT
                0x000000000800122c       0x64 Core/Src/lidar/RPlidar.o
                0x000000000800122c                NVIC_Timout_1ms_INT
 .text.RPlidar_init
                0x0000000008001290       0x64 Core/Src/lidar/RPlidar.o
                0x0000000008001290                RPlidar_init
 .text.RPlidar_process
                0x00000000080012f4       0x58 Core/Src/lidar/RPlidar.o
                0x00000000080012f4                RPlidar_process
 .text.init_state
                0x000000000800134c       0x84 Core/Src/lidar/RPlidar.o
                0x000000000800134c                init_state
 .text.health_state
                0x00000000080013d0      0x200 Core/Src/lidar/RPlidar.o
                0x00000000080013d0                health_state
 .text.reset_state
                0x00000000080015d0       0xa0 Core/Src/lidar/RPlidar.o
                0x00000000080015d0                reset_state
 .text.start_scan_state
                0x0000000008001670      0x10c Core/Src/lidar/RPlidar.o
                0x0000000008001670                start_scan_state
 .text.sampling_state
                0x000000000800177c       0x88 Core/Src/lidar/RPlidar.o
                0x000000000800177c                sampling_state
 .text.processing_state
                0x0000000008001804      0x678 Core/Src/lidar/RPlidar.o
                0x0000000008001804                processing_state
 .text.stop_state
                0x0000000008001e7c       0x16 Core/Src/lidar/RPlidar.o
                0x0000000008001e7c                stop_state
 .text.COM_error_state
                0x0000000008001e92       0x2c Core/Src/lidar/RPlidar.o
                0x0000000008001e92                COM_error_state
 .text.hardware_error_state
                0x0000000008001ebe       0x2c Core/Src/lidar/RPlidar.o
                0x0000000008001ebe                hardware_error_state
 *fill*         0x0000000008001eea        0x2 
 .text.RPlidar_start_timeout
                0x0000000008001eec       0x18 Core/Src/lidar/RPlidar.o
                0x0000000008001eec                RPlidar_start_timeout
 .text.RPlidar_abord_timeout
                0x0000000008001f04       0x18 Core/Src/lidar/RPlidar.o
                0x0000000008001f04                RPlidar_abord_timeout
 *fill*         0x0000000008001f1c        0x4 
 .text.RPlidar_measure_RPM
                0x0000000008001f20       0x78 Core/Src/lidar/RPlidar.o
                0x0000000008001f20                RPlidar_measure_RPM
 .text.RPlidar_checksum
                0x0000000008001f98       0x40 Core/Src/lidar/RPlidar.o
                0x0000000008001f98                RPlidar_checksum
 .text.RPlidar_get_descriptor_pck
                0x0000000008001fd8       0x84 Core/Src/lidar/RPlidar.o
                0x0000000008001fd8                RPlidar_get_descriptor_pck
 .text.HAL_UART_RxCpltCallback
                0x000000000800205c       0x3c Core/Src/main.o
                0x000000000800205c                HAL_UART_RxCpltCallback
 .text.HAL_UART_TxCpltCallback
                0x0000000008002098       0x24 Core/Src/main.o
                0x0000000008002098                HAL_UART_TxCpltCallback
 .text.HAL_TIM_PeriodElapsedCallback
                0x00000000080020bc       0x44 Core/Src/main.o
                0x00000000080020bc                HAL_TIM_PeriodElapsedCallback
 .text.HAL_ADC_ConvCpltCallback
                0x0000000008002100       0x20 Core/Src/main.o
                0x0000000008002100                HAL_ADC_ConvCpltCallback
 .text.update_LEDs
                0x0000000008002120       0x70 Core/Src/main.o
                0x0000000008002120                update_LEDs
 .text.main     0x0000000008002190       0xc4 Core/Src/main.o
                0x0000000008002190                main
 .text.SystemClock_Config
                0x0000000008002254       0xd0 Core/Src/main.o
                0x0000000008002254                SystemClock_Config
 .text.MX_ADC1_Init
                0x0000000008002324       0xfc Core/Src/main.o
 .text.MX_CRC_Init
                0x0000000008002420       0x58 Core/Src/main.o
 .text.MX_I2C1_Init
                0x0000000008002478       0x80 Core/Src/main.o
 .text.MX_IWDG_Init
                0x00000000080024f8        0xe Core/Src/main.o
 *fill*         0x0000000008002506        0x2 
 .text.MX_SPI1_Init
                0x0000000008002508       0x7c Core/Src/main.o
 .text.MX_TIM7_Init
                0x0000000008002584       0x6c Core/Src/main.o
 .text.MX_UART4_Init
                0x00000000080025f0       0x68 Core/Src/main.o
 .text.MX_USART1_UART_Init
                0x0000000008002658       0x70 Core/Src/main.o
 .text.MX_USB_PCD_Init
                0x00000000080026c8       0x44 Core/Src/main.o
 .text.MX_DMA_Init
                0x000000000800270c       0x64 Core/Src/main.o
 .text.MX_GPIO_Init
                0x0000000008002770      0x1d0 Core/Src/main.o
 .text.Error_Handler
                0x0000000008002940        0xe Core/Src/main.o
                0x0000000008002940                Error_Handler
 *fill*         0x000000000800294e        0x2 
 .text.HAL_MspInit
                0x0000000008002950       0x48 Core/Src/stm32f3xx_hal_msp.o
                0x0000000008002950                HAL_MspInit
 .text.HAL_ADC_MspInit
                0x0000000008002998       0xbc Core/Src/stm32f3xx_hal_msp.o
                0x0000000008002998                HAL_ADC_MspInit
 .text.HAL_CRC_MspInit
                0x0000000008002a54       0x40 Core/Src/stm32f3xx_hal_msp.o
                0x0000000008002a54                HAL_CRC_MspInit
 .text.HAL_I2C_MspInit
                0x0000000008002a94       0x88 Core/Src/stm32f3xx_hal_msp.o
                0x0000000008002a94                HAL_I2C_MspInit
 .text.HAL_SPI_MspInit
                0x0000000008002b1c       0x94 Core/Src/stm32f3xx_hal_msp.o
                0x0000000008002b1c                HAL_SPI_MspInit
 .text.HAL_TIM_Base_MspInit
                0x0000000008002bb0       0x4c Core/Src/stm32f3xx_hal_msp.o
                0x0000000008002bb0                HAL_TIM_Base_MspInit
 .text.HAL_UART_MspInit
                0x0000000008002bfc      0x1b8 Core/Src/stm32f3xx_hal_msp.o
                0x0000000008002bfc                HAL_UART_MspInit
 .text.HAL_PCD_MspInit
                0x0000000008002db4       0x88 Core/Src/stm32f3xx_hal_msp.o
                0x0000000008002db4                HAL_PCD_MspInit
 .text.NMI_Handler
                0x0000000008002e3c        0xe Core/Src/stm32f3xx_it.o
                0x0000000008002e3c                NMI_Handler
 .text.HardFault_Handler
                0x0000000008002e4a        0x6 Core/Src/stm32f3xx_it.o
                0x0000000008002e4a                HardFault_Handler
 .text.MemManage_Handler
                0x0000000008002e50        0x6 Core/Src/stm32f3xx_it.o
                0x0000000008002e50                MemManage_Handler
 .text.BusFault_Handler
                0x0000000008002e56        0x6 Core/Src/stm32f3xx_it.o
                0x0000000008002e56                BusFault_Handler
 .text.UsageFault_Handler
                0x0000000008002e5c        0x6 Core/Src/stm32f3xx_it.o
                0x0000000008002e5c                UsageFault_Handler
 .text.SVC_Handler
                0x0000000008002e62        0xe Core/Src/stm32f3xx_it.o
                0x0000000008002e62                SVC_Handler
 .text.DebugMon_Handler
                0x0000000008002e70        0xe Core/Src/stm32f3xx_it.o
                0x0000000008002e70                DebugMon_Handler
 .text.PendSV_Handler
                0x0000000008002e7e        0xe Core/Src/stm32f3xx_it.o
                0x0000000008002e7e                PendSV_Handler
 .text.SysTick_Handler
                0x0000000008002e8c        0xc Core/Src/stm32f3xx_it.o
                0x0000000008002e8c                SysTick_Handler
 .text.DMA1_Channel4_IRQHandler
                0x0000000008002e98       0x14 Core/Src/stm32f3xx_it.o
                0x0000000008002e98                DMA1_Channel4_IRQHandler
 .text.ADC1_2_IRQHandler
                0x0000000008002eac       0x14 Core/Src/stm32f3xx_it.o
                0x0000000008002eac                ADC1_2_IRQHandler
 .text.SPI1_IRQHandler
                0x0000000008002ec0       0x14 Core/Src/stm32f3xx_it.o
                0x0000000008002ec0                SPI1_IRQHandler
 .text.USART1_IRQHandler
                0x0000000008002ed4       0x14 Core/Src/stm32f3xx_it.o
                0x0000000008002ed4                USART1_IRQHandler
 .text.UART4_IRQHandler
                0x0000000008002ee8       0x14 Core/Src/stm32f3xx_it.o
                0x0000000008002ee8                UART4_IRQHandler
 .text.TIM7_IRQHandler
                0x0000000008002efc       0x14 Core/Src/stm32f3xx_it.o
                0x0000000008002efc                TIM7_IRQHandler
 .text.DMA2_Channel3_IRQHandler
                0x0000000008002f10       0x14 Core/Src/stm32f3xx_it.o
                0x0000000008002f10                DMA2_Channel3_IRQHandler
 .text.SystemInit
                0x0000000008002f24       0x2c Core/Src/system_stm32f3xx.o
                0x0000000008002f24                SystemInit
 .text.movement_process
                0x0000000008002f50       0x40 Core/Src/movement_handler/movement_handler.o
                0x0000000008002f50                movement_process
 .text.mvh_hdl_idle
                0x0000000008002f90       0x4c Core/Src/movement_handler/movement_handler.o
                0x0000000008002f90                mvh_hdl_idle
 .text.mvh_hdl_init
                0x0000000008002fdc       0xac Core/Src/movement_handler/movement_handler.o
                0x0000000008002fdc                mvh_hdl_init
 .text.mvh_hdl_armed
                0x0000000008003088       0x80 Core/Src/movement_handler/movement_handler.o
                0x0000000008003088                mvh_hdl_armed
 .text.mvh_hdl_running
                0x0000000008003108       0x38 Core/Src/movement_handler/movement_handler.o
                0x0000000008003108                mvh_hdl_running
 .text.mvh_hdl_stop
                0x0000000008003140       0x34 Core/Src/movement_handler/movement_handler.o
                0x0000000008003140                mvh_hdl_stop
 .text.motor_ramp
                0x0000000008003174       0xf8 Core/Src/movement_handler/movement_handler.o
                0x0000000008003174                motor_ramp
 .text.decelerrate
                0x000000000800326c       0x52 Core/Src/movement_handler/movement_handler.o
                0x000000000800326c                decelerrate
 .text.motor_delay
                0x00000000080032be       0x4a Core/Src/movement_handler/movement_handler.o
                0x00000000080032be                motor_delay
 .text.motor_set_duty
                0x0000000008003308       0xcc Core/Src/movement_handler/movement_handler.o
                0x0000000008003308                motor_set_duty
 .text.motor_set_dir
                0x00000000080033d4       0xda Core/Src/movement_handler/movement_handler.o
                0x00000000080033d4                motor_set_dir
 .text.motor_start_stop
                0x00000000080034ae       0xc4 Core/Src/movement_handler/movement_handler.o
                0x00000000080034ae                motor_start_stop
 *fill*         0x0000000008003572        0x2 
 .text.ADC_Conversion_INT
                0x0000000008003574       0x50 Core/Src/power_handler/current_probe.o
                0x0000000008003574                ADC_Conversion_INT
 .text.init_current_probes
                0x00000000080035c4       0x4c Core/Src/power_handler/current_probe.o
                0x00000000080035c4                init_current_probes
 .text.current_probes_process
                0x0000000008003610      0x184 Core/Src/power_handler/current_probe.o
                0x0000000008003610                current_probes_process
 .text.HAL_SPI_TxCpltCallback
                0x0000000008003794       0x20 Core/Src/spi_handler/spi_handler.o
                0x0000000008003794                HAL_SPI_TxCpltCallback
 .text.spi_driver_init
                0x00000000080037b4       0x20 Core/Src/spi_handler/spi_handler.o
                0x00000000080037b4                spi_driver_init
 .text.spi_request
                0x00000000080037d4       0x98 Core/Src/spi_handler/spi_handler.o
                0x00000000080037d4                spi_request
 .text.FPGA_frame_checker
                0x000000000800386c       0x8c Core/Src/spi_handler/spi_handler.o
                0x000000000800386c                FPGA_frame_checker
 .text.washer_init
                0x00000000080038f8       0x24 Core/Src/washer/washer_handler.o
                0x00000000080038f8                washer_init
 .text.washer_process
                0x000000000800391c       0x56 Core/Src/washer/washer_handler.o
                0x000000000800391c                washer_process
 *fill*         0x0000000008003972        0x2 
 .text.initialiser_pompe
                0x0000000008003974       0x18 Core/Src/washer/washer_handler.o
                0x0000000008003974                initialiser_pompe
 .text.initialiser_brosse
                0x000000000800398c       0x18 Core/Src/washer/washer_handler.o
                0x000000000800398c                initialiser_brosse
 *fill*         0x00000000080039a4        0x4 
 .text.demarrer_pompe
                0x00000000080039a8       0x40 Core/Src/washer/washer_handler.o
                0x00000000080039a8                demarrer_pompe
 .text.eteindre_pompe
                0x00000000080039e8       0x18 Core/Src/washer/washer_handler.o
                0x00000000080039e8                eteindre_pompe
 .text.activer_brosse
                0x0000000008003a00       0x18 Core/Src/washer/washer_handler.o
                0x0000000008003a00                activer_brosse
 .text.desactiver_brosse
                0x0000000008003a18       0x18 Core/Src/washer/washer_handler.o
                0x0000000008003a18                desactiver_brosse
 .text.enable_UVC
                0x0000000008003a30       0x18 Core/Src/washer/washer_handler.o
                0x0000000008003a30                enable_UVC
 .text.disable_UVC
                0x0000000008003a48       0x18 Core/Src/washer/washer_handler.o
                0x0000000008003a48                disable_UVC
 .text.Reset_Handler
                0x0000000008003a60       0x50 Core/Startup/startup_stm32f303vctx.o
                0x0000000008003a60                Reset_Handler
 .text.Default_Handler
                0x0000000008003ab0        0x2 Core/Startup/startup_stm32f303vctx.o
                0x0000000008003ab0                RTC_Alarm_IRQHandler
                0x0000000008003ab0                TIM8_TRG_COM_IRQHandler
                0x0000000008003ab0                TIM8_CC_IRQHandler
                0x0000000008003ab0                TIM1_CC_IRQHandler
                0x0000000008003ab0                USB_HP_IRQHandler
                0x0000000008003ab0                PVD_IRQHandler
                0x0000000008003ab0                TAMP_STAMP_IRQHandler
                0x0000000008003ab0                EXTI3_IRQHandler
                0x0000000008003ab0                USB_HP_CAN_TX_IRQHandler
                0x0000000008003ab0                EXTI0_IRQHandler
                0x0000000008003ab0                I2C2_EV_IRQHandler
                0x0000000008003ab0                FPU_IRQHandler
                0x0000000008003ab0                TIM1_UP_TIM16_IRQHandler
                0x0000000008003ab0                CAN_SCE_IRQHandler
                0x0000000008003ab0                TIM6_DAC_IRQHandler
                0x0000000008003ab0                TIM8_UP_IRQHandler
                0x0000000008003ab0                DMA2_Channel2_IRQHandler
                0x0000000008003ab0                USART3_IRQHandler
                0x0000000008003ab0                DMA1_Channel7_IRQHandler
                0x0000000008003ab0                UART5_IRQHandler
                0x0000000008003ab0                ADC3_IRQHandler
                0x0000000008003ab0                TIM4_IRQHandler
                0x0000000008003ab0                CAN_RX1_IRQHandler
                0x0000000008003ab0                DMA2_Channel1_IRQHandler
                0x0000000008003ab0                I2C1_EV_IRQHandler
                0x0000000008003ab0                DMA1_Channel6_IRQHandler
                0x0000000008003ab0                DMA2_Channel4_IRQHandler
                0x0000000008003ab0                TIM3_IRQHandler
                0x0000000008003ab0                RCC_IRQHandler
                0x0000000008003ab0                DMA1_Channel1_IRQHandler
                0x0000000008003ab0                Default_Handler
                0x0000000008003ab0                USBWakeUp_RMP_IRQHandler
                0x0000000008003ab0                EXTI15_10_IRQHandler
                0x0000000008003ab0                EXTI9_5_IRQHandler
                0x0000000008003ab0                RTC_WKUP_IRQHandler
                0x0000000008003ab0                SPI2_IRQHandler
                0x0000000008003ab0                USB_LP_CAN_RX0_IRQHandler
                0x0000000008003ab0                DMA2_Channel5_IRQHandler
                0x0000000008003ab0                DMA1_Channel5_IRQHandler
                0x0000000008003ab0                USB_LP_IRQHandler
                0x0000000008003ab0                EXTI4_IRQHandler
                0x0000000008003ab0                TIM1_TRG_COM_TIM17_IRQHandler
                0x0000000008003ab0                DMA1_Channel3_IRQHandler
                0x0000000008003ab0                ADC4_IRQHandler
                0x0000000008003ab0                WWDG_IRQHandler
                0x0000000008003ab0                TIM2_IRQHandler
                0x0000000008003ab0                COMP7_IRQHandler
                0x0000000008003ab0                COMP1_2_3_IRQHandler
                0x0000000008003ab0                EXTI1_IRQHandler
                0x0000000008003ab0                USART2_IRQHandler
                0x0000000008003ab0                COMP4_5_6_IRQHandler
                0x0000000008003ab0                I2C2_ER_IRQHandler
                0x0000000008003ab0                DMA1_Channel2_IRQHandler
                0x0000000008003ab0                TIM8_BRK_IRQHandler
                0x0000000008003ab0                FLASH_IRQHandler
                0x0000000008003ab0                SPI3_IRQHandler
                0x0000000008003ab0                I2C1_ER_IRQHandler
                0x0000000008003ab0                USBWakeUp_IRQHandler
                0x0000000008003ab0                EXTI2_TSC_IRQHandler
                0x0000000008003ab0                TIM1_BRK_TIM15_IRQHandler
 *fill*         0x0000000008003ab2        0x2 
 .text.HAL_Init
                0x0000000008003ab4       0x2c Drivers/STM32F3xx_HAL_Driver/Src/stm32f3xx_hal.o
                0x0000000008003ab4                HAL_Init
 .text.HAL_InitTick
                0x0000000008003ae0       0x60 Drivers/STM32F3xx_HAL_Driver/Src/stm32f3xx_hal.o
                0x0000000008003ae0                HAL_InitTick
 .text.HAL_IncTick
                0x0000000008003b40       0x28 Drivers/STM32F3xx_HAL_Driver/Src/stm32f3xx_hal.o
                0x0000000008003b40                HAL_IncTick
 .text.HAL_GetTick
                0x0000000008003b68       0x18 Drivers/STM32F3xx_HAL_Driver/Src/stm32f3xx_hal.o
                0x0000000008003b68                HAL_GetTick
 .text.HAL_ADC_LevelOutOfWindowCallback
                0x0000000008003b80       0x14 Drivers/STM32F3xx_HAL_Driver/Src/stm32f3xx_hal_adc.o
                0x0000000008003b80                HAL_ADC_LevelOutOfWindowCallback
 .text.HAL_ADC_ErrorCallback
                0x0000000008003b94       0x14 Drivers/STM32F3xx_HAL_Driver/Src/stm32f3xx_hal_adc.o
                0x0000000008003b94                HAL_ADC_ErrorCallback
 .text.HAL_ADC_Init
                0x0000000008003ba8      0x3c0 Drivers/STM32F3xx_HAL_Driver/Src/stm32f3xx_hal_adc_ex.o
                0x0000000008003ba8                HAL_ADC_Init
 .text.HAL_ADC_Start_IT
                0x0000000008003f68      0x280 Drivers/STM32F3xx_HAL_Driver/Src/stm32f3xx_hal_adc_ex.o
                0x0000000008003f68                HAL_ADC_Start_IT
 .text.HAL_ADC_Stop_IT
                0x00000000080041e8       0x7a Drivers/STM32F3xx_HAL_Driver/Src/stm32f3xx_hal_adc_ex.o
                0x00000000080041e8                HAL_ADC_Stop_IT
 .text.HAL_ADC_GetValue
                0x0000000008004262       0x1a Drivers/STM32F3xx_HAL_Driver/Src/stm32f3xx_hal_adc_ex.o
                0x0000000008004262                HAL_ADC_GetValue
 .text.HAL_ADC_IRQHandler
                0x000000000800427c      0x618 Drivers/STM32F3xx_HAL_Driver/Src/stm32f3xx_hal_adc_ex.o
                0x000000000800427c                HAL_ADC_IRQHandler
 .text.HAL_ADCEx_InjectedConvCpltCallback
                0x0000000008004894       0x14 Drivers/STM32F3xx_HAL_Driver/Src/stm32f3xx_hal_adc_ex.o
                0x0000000008004894                HAL_ADCEx_InjectedConvCpltCallback
 .text.HAL_ADCEx_InjectedQueueOverflowCallback
                0x00000000080048a8       0x14 Drivers/STM32F3xx_HAL_Driver/Src/stm32f3xx_hal_adc_ex.o
                0x00000000080048a8                HAL_ADCEx_InjectedQueueOverflowCallback
 .text.HAL_ADCEx_LevelOutOfWindow2Callback
                0x00000000080048bc       0x14 Drivers/STM32F3xx_HAL_Driver/Src/stm32f3xx_hal_adc_ex.o
                0x00000000080048bc                HAL_ADCEx_LevelOutOfWindow2Callback
 .text.HAL_ADCEx_LevelOutOfWindow3Callback
                0x00000000080048d0       0x14 Drivers/STM32F3xx_HAL_Driver/Src/stm32f3xx_hal_adc_ex.o
                0x00000000080048d0                HAL_ADCEx_LevelOutOfWindow3Callback
 .text.HAL_ADC_ConfigChannel
                0x00000000080048e4      0x5d8 Drivers/STM32F3xx_HAL_Driver/Src/stm32f3xx_hal_adc_ex.o
                0x00000000080048e4                HAL_ADC_ConfigChannel
 .text.HAL_ADCEx_MultiModeConfigChannel
                0x0000000008004ebc      0x1e4 Drivers/STM32F3xx_HAL_Driver/Src/stm32f3xx_hal_adc_ex.o
                0x0000000008004ebc                HAL_ADCEx_MultiModeConfigChannel
 .text.ADC_Enable
                0x00000000080050a0       0xbc Drivers/STM32F3xx_HAL_Driver/Src/stm32f3xx_hal_adc_ex.o
 .text.ADC_Disable
                0x000000000800515c       0xbe Drivers/STM32F3xx_HAL_Driver/Src/stm32f3xx_hal_adc_ex.o
 *fill*         0x000000000800521a        0x2 
 .text.ADC_ConversionStop
                0x000000000800521c      0x15c Drivers/STM32F3xx_HAL_Driver/Src/stm32f3xx_hal_adc_ex.o
 .text.__NVIC_SetPriorityGrouping
                0x0000000008005378       0x48 Drivers/STM32F3xx_HAL_Driver/Src/stm32f3xx_hal_cortex.o
 .text.__NVIC_GetPriorityGrouping
                0x00000000080053c0       0x1c Drivers/STM32F3xx_HAL_Driver/Src/stm32f3xx_hal_cortex.o
 .text.__NVIC_EnableIRQ
                0x00000000080053dc       0x3c Drivers/STM32F3xx_HAL_Driver/Src/stm32f3xx_hal_cortex.o
 .text.__NVIC_DisableIRQ
                0x0000000008005418       0x44 Drivers/STM32F3xx_HAL_Driver/Src/stm32f3xx_hal_cortex.o
 .text.__NVIC_SetPriority
                0x000000000800545c       0x54 Drivers/STM32F3xx_HAL_Driver/Src/stm32f3xx_hal_cortex.o
 .text.NVIC_EncodePriority
                0x00000000080054b0       0x66 Drivers/STM32F3xx_HAL_Driver/Src/stm32f3xx_hal_cortex.o
 *fill*         0x0000000008005516        0x2 
 .text.SysTick_Config
                0x0000000008005518       0x44 Drivers/STM32F3xx_HAL_Driver/Src/stm32f3xx_hal_cortex.o
 .text.HAL_NVIC_SetPriorityGrouping
                0x000000000800555c       0x16 Drivers/STM32F3xx_HAL_Driver/Src/stm32f3xx_hal_cortex.o
                0x000000000800555c                HAL_NVIC_SetPriorityGrouping
 .text.HAL_NVIC_SetPriority
                0x0000000008005572       0x38 Drivers/STM32F3xx_HAL_Driver/Src/stm32f3xx_hal_cortex.o
                0x0000000008005572                HAL_NVIC_SetPriority
 .text.HAL_NVIC_EnableIRQ
                0x00000000080055aa       0x1c Drivers/STM32F3xx_HAL_Driver/Src/stm32f3xx_hal_cortex.o
                0x00000000080055aa                HAL_NVIC_EnableIRQ
 .text.HAL_NVIC_DisableIRQ
                0x00000000080055c6       0x1c Drivers/STM32F3xx_HAL_Driver/Src/stm32f3xx_hal_cortex.o
                0x00000000080055c6                HAL_NVIC_DisableIRQ
 .text.HAL_SYSTICK_Config
                0x00000000080055e2       0x18 Drivers/STM32F3xx_HAL_Driver/Src/stm32f3xx_hal_cortex.o
                0x00000000080055e2                HAL_SYSTICK_Config
 *fill*         0x00000000080055fa        0x2 
 .text.HAL_CRC_Init
                0x00000000080055fc       0xc8 Drivers/STM32F3xx_HAL_Driver/Src/stm32f3xx_hal_crc.o
                0x00000000080055fc                HAL_CRC_Init
 .text.HAL_CRC_Calculate
                0x00000000080056c4       0x92 Drivers/STM32F3xx_HAL_Driver/Src/stm32f3xx_hal_crc.o
                0x00000000080056c4                HAL_CRC_Calculate
 .text.CRC_Handle_8
                0x0000000008005756      0x11c Drivers/STM32F3xx_HAL_Driver/Src/stm32f3xx_hal_crc.o
 .text.CRC_Handle_16
                0x0000000008005872       0x74 Drivers/STM32F3xx_HAL_Driver/Src/stm32f3xx_hal_crc.o
 *fill*         0x00000000080058e6        0x2 
 .text.HAL_CRCEx_Polynomial_Set
                0x00000000080058e8      0x10c Drivers/STM32F3xx_HAL_Driver/Src/stm32f3xx_hal_crc_ex.o
                0x00000000080058e8                HAL_CRCEx_Polynomial_Set
 .text.HAL_DMA_Init
                0x00000000080059f4       0x8e Drivers/STM32F3xx_HAL_Driver/Src/stm32f3xx_hal_dma.o
                0x00000000080059f4                HAL_DMA_Init
 .text.HAL_DMA_Start_IT
                0x0000000008005a82       0xbe Drivers/STM32F3xx_HAL_Driver/Src/stm32f3xx_hal_dma.o
                0x0000000008005a82                HAL_DMA_Start_IT
 .text.HAL_DMA_Abort_IT
                0x0000000008005b40       0x7c Drivers/STM32F3xx_HAL_Driver/Src/stm32f3xx_hal_dma.o
                0x0000000008005b40                HAL_DMA_Abort_IT
 .text.HAL_DMA_IRQHandler
                0x0000000008005bbc      0x146 Drivers/STM32F3xx_HAL_Driver/Src/stm32f3xx_hal_dma.o
                0x0000000008005bbc                HAL_DMA_IRQHandler
 .text.DMA_SetConfig
                0x0000000008005d02       0x5c Drivers/STM32F3xx_HAL_Driver/Src/stm32f3xx_hal_dma.o
 *fill*         0x0000000008005d5e        0x2 
 .text.DMA_CalcBaseAndBitshift
                0x0000000008005d60       0x78 Drivers/STM32F3xx_HAL_Driver/Src/stm32f3xx_hal_dma.o
 .text.HAL_GPIO_Init
                0x0000000008005dd8      0x2f4 Drivers/STM32F3xx_HAL_Driver/Src/stm32f3xx_hal_gpio.o
                0x0000000008005dd8                HAL_GPIO_Init
 .text.HAL_GPIO_WritePin
                0x00000000080060cc       0x30 Drivers/STM32F3xx_HAL_Driver/Src/stm32f3xx_hal_gpio.o
                0x00000000080060cc                HAL_GPIO_WritePin
 .text.HAL_I2C_Init
                0x00000000080060fc      0x11e Drivers/STM32F3xx_HAL_Driver/Src/stm32f3xx_hal_i2c.o
                0x00000000080060fc                HAL_I2C_Init
 .text.HAL_I2CEx_ConfigAnalogFilter
                0x000000000800621a       0x96 Drivers/STM32F3xx_HAL_Driver/Src/stm32f3xx_hal_i2c_ex.o
                0x000000000800621a                HAL_I2CEx_ConfigAnalogFilter
 .text.HAL_I2CEx_ConfigDigitalFilter
                0x00000000080062b0       0x98 Drivers/STM32F3xx_HAL_Driver/Src/stm32f3xx_hal_i2c_ex.o
                0x00000000080062b0                HAL_I2CEx_ConfigDigitalFilter
 .text.HAL_PCD_Init
                0x0000000008006348      0x1bc Drivers/STM32F3xx_HAL_Driver/Src/stm32f3xx_hal_pcd.o
                0x0000000008006348                HAL_PCD_Init
 .text.HAL_RCC_OscConfig
                0x0000000008006504      0xe10 Drivers/STM32F3xx_HAL_Driver/Src/stm32f3xx_hal_rcc.o
                0x0000000008006504                HAL_RCC_OscConfig
 .text.HAL_RCC_ClockConfig
                0x0000000008007314      0x2f8 Drivers/STM32F3xx_HAL_Driver/Src/stm32f3xx_hal_rcc.o
                0x0000000008007314                HAL_RCC_ClockConfig
 .text.HAL_RCC_GetSysClockFreq
                0x000000000800760c       0xd4 Drivers/STM32F3xx_HAL_Driver/Src/stm32f3xx_hal_rcc.o
                0x000000000800760c                HAL_RCC_GetSysClockFreq
 .text.HAL_RCC_GetHCLKFreq
                0x00000000080076e0       0x18 Drivers/STM32F3xx_HAL_Driver/Src/stm32f3xx_hal_rcc.o
                0x00000000080076e0                HAL_RCC_GetHCLKFreq
 .text.HAL_RCC_GetPCLK1Freq
                0x00000000080076f8       0x44 Drivers/STM32F3xx_HAL_Driver/Src/stm32f3xx_hal_rcc.o
                0x00000000080076f8                HAL_RCC_GetPCLK1Freq
 .text.HAL_RCC_GetPCLK2Freq
                0x000000000800773c       0x44 Drivers/STM32F3xx_HAL_Driver/Src/stm32f3xx_hal_rcc.o
                0x000000000800773c                HAL_RCC_GetPCLK2Freq
 .text.HAL_RCCEx_PeriphCLKConfig
                0x0000000008007780      0x360 Drivers/STM32F3xx_HAL_Driver/Src/stm32f3xx_hal_rcc_ex.o
                0x0000000008007780                HAL_RCCEx_PeriphCLKConfig
 .text.HAL_SPI_Init
                0x0000000008007ae0      0x124 Drivers/STM32F3xx_HAL_Driver/Src/stm32f3xx_hal_spi.o
                0x0000000008007ae0                HAL_SPI_Init
 .text.HAL_SPI_Transmit_IT
                0x0000000008007c04      0x10c Drivers/STM32F3xx_HAL_Driver/Src/stm32f3xx_hal_spi.o
                0x0000000008007c04                HAL_SPI_Transmit_IT
 .text.HAL_SPI_IRQHandler
                0x0000000008007d10      0x200 Drivers/STM32F3xx_HAL_Driver/Src/stm32f3xx_hal_spi.o
                0x0000000008007d10                HAL_SPI_IRQHandler
 .text.HAL_SPI_ErrorCallback
                0x0000000008007f10       0x14 Drivers/STM32F3xx_HAL_Driver/Src/stm32f3xx_hal_spi.o
                0x0000000008007f10                HAL_SPI_ErrorCallback
 .text.SPI_DMAAbortOnError
                0x0000000008007f24       0x2a Drivers/STM32F3xx_HAL_Driver/Src/stm32f3xx_hal_spi.o
 .text.SPI_TxISR_8BIT
                0x0000000008007f4e       0x46 Drivers/STM32F3xx_HAL_Driver/Src/stm32f3xx_hal_spi.o
 .text.SPI_TxISR_16BIT
                0x0000000008007f94       0x44 Drivers/STM32F3xx_HAL_Driver/Src/stm32f3xx_hal_spi.o
 .text.SPI_WaitFlagStateUntilTimeout
                0x0000000008007fd8       0xd4 Drivers/STM32F3xx_HAL_Driver/Src/stm32f3xx_hal_spi.o
 .text.SPI_WaitFifoStateUntilTimeout
                0x00000000080080ac       0xda Drivers/STM32F3xx_HAL_Driver/Src/stm32f3xx_hal_spi.o
 .text.SPI_EndRxTxTransaction
                0x0000000008008186       0x8c Drivers/STM32F3xx_HAL_Driver/Src/stm32f3xx_hal_spi.o
 .text.SPI_CloseTx_ISR
                0x0000000008008212       0x7e Drivers/STM32F3xx_HAL_Driver/Src/stm32f3xx_hal_spi.o
 .text.HAL_TIM_Base_Init
                0x0000000008008290       0x56 Drivers/STM32F3xx_HAL_Driver/Src/stm32f3xx_hal_tim.o
                0x0000000008008290                HAL_TIM_Base_Init
 *fill*         0x00000000080082e6        0x2 
 .text.HAL_TIM_Base_Start_IT
                0x00000000080082e8       0x54 Drivers/STM32F3xx_HAL_Driver/Src/stm32f3xx_hal_tim.o
                0x00000000080082e8                HAL_TIM_Base_Start_IT
 .text.HAL_TIM_IRQHandler
                0x000000000800833c      0x23e Drivers/STM32F3xx_HAL_Driver/Src/stm32f3xx_hal_tim.o
                0x000000000800833c                HAL_TIM_IRQHandler
 .text.HAL_TIM_OC_DelayElapsedCallback
                0x000000000800857a       0x14 Drivers/STM32F3xx_HAL_Driver/Src/stm32f3xx_hal_tim.o
                0x000000000800857a                HAL_TIM_OC_DelayElapsedCallback
 .text.HAL_TIM_IC_CaptureCallback
                0x000000000800858e       0x14 Drivers/STM32F3xx_HAL_Driver/Src/stm32f3xx_hal_tim.o
                0x000000000800858e                HAL_TIM_IC_CaptureCallback
 .text.HAL_TIM_PWM_PulseFinishedCallback
                0x00000000080085a2       0x14 Drivers/STM32F3xx_HAL_Driver/Src/stm32f3xx_hal_tim.o
                0x00000000080085a2                HAL_TIM_PWM_PulseFinishedCallback
 .text.HAL_TIM_TriggerCallback
                0x00000000080085b6       0x14 Drivers/STM32F3xx_HAL_Driver/Src/stm32f3xx_hal_tim.o
                0x00000000080085b6                HAL_TIM_TriggerCallback
 *fill*         0x00000000080085ca        0x2 
 .text.TIM_Base_SetConfig
                0x00000000080085cc      0x120 Drivers/STM32F3xx_HAL_Driver/Src/stm32f3xx_hal_tim.o
                0x00000000080085cc                TIM_Base_SetConfig
 .text.HAL_TIMEx_MasterConfigSynchronization
                0x00000000080086ec      0x100 Drivers/STM32F3xx_HAL_Driver/Src/stm32f3xx_hal_tim_ex.o
                0x00000000080086ec                HAL_TIMEx_MasterConfigSynchronization
 .text.HAL_TIMEx_CommutCallback
                0x00000000080087ec       0x14 Drivers/STM32F3xx_HAL_Driver/Src/stm32f3xx_hal_tim_ex.o
                0x00000000080087ec                HAL_TIMEx_CommutCallback
 .text.HAL_TIMEx_BreakCallback
                0x0000000008008800       0x14 Drivers/STM32F3xx_HAL_Driver/Src/stm32f3xx_hal_tim_ex.o
                0x0000000008008800                HAL_TIMEx_BreakCallback
 .text.HAL_TIMEx_Break2Callback
                0x0000000008008814       0x14 Drivers/STM32F3xx_HAL_Driver/Src/stm32f3xx_hal_tim_ex.o
                0x0000000008008814                HAL_TIMEx_Break2Callback
 .text.HAL_UART_Init
                0x0000000008008828       0x9c Drivers/STM32F3xx_HAL_Driver/Src/stm32f3xx_hal_uart.o
                0x0000000008008828                HAL_UART_Init
 .text.HAL_UART_Transmit
                0x00000000080088c4      0x126 Drivers/STM32F3xx_HAL_Driver/Src/stm32f3xx_hal_uart.o
                0x00000000080088c4                HAL_UART_Transmit
 *fill*         0x00000000080089ea        0x2 
 .text.HAL_UART_Transmit_IT
                0x00000000080089ec       0xb8 Drivers/STM32F3xx_HAL_Driver/Src/stm32f3xx_hal_uart.o
                0x00000000080089ec                HAL_UART_Transmit_IT
 .text.HAL_UART_Receive_IT
                0x0000000008008aa4      0x11c Drivers/STM32F3xx_HAL_Driver/Src/stm32f3xx_hal_uart.o
                0x0000000008008aa4                HAL_UART_Receive_IT
 .text.HAL_UART_Transmit_DMA
                0x0000000008008bc0       0xf8 Drivers/STM32F3xx_HAL_Driver/Src/stm32f3xx_hal_uart.o
                0x0000000008008bc0                HAL_UART_Transmit_DMA
 .text.HAL_UART_Receive_DMA
                0x0000000008008cb8      0x108 Drivers/STM32F3xx_HAL_Driver/Src/stm32f3xx_hal_uart.o
                0x0000000008008cb8                HAL_UART_Receive_DMA
 .text.HAL_UART_IRQHandler
                0x0000000008008dc0      0x28c Drivers/STM32F3xx_HAL_Driver/Src/stm32f3xx_hal_uart.o
                0x0000000008008dc0                HAL_UART_IRQHandler
 .text.HAL_UART_TxHalfCpltCallback
                0x000000000800904c       0x14 Drivers/STM32F3xx_HAL_Driver/Src/stm32f3xx_hal_uart.o
                0x000000000800904c                HAL_UART_TxHalfCpltCallback
 .text.HAL_UART_RxHalfCpltCallback
                0x0000000008009060       0x14 Drivers/STM32F3xx_HAL_Driver/Src/stm32f3xx_hal_uart.o
                0x0000000008009060                HAL_UART_RxHalfCpltCallback
 .text.HAL_UART_ErrorCallback
                0x0000000008009074       0x14 Drivers/STM32F3xx_HAL_Driver/Src/stm32f3xx_hal_uart.o
                0x0000000008009074                HAL_UART_ErrorCallback
 .text.UART_SetConfig
                0x0000000008009088      0x434 Drivers/STM32F3xx_HAL_Driver/Src/stm32f3xx_hal_uart.o
                0x0000000008009088                UART_SetConfig
 .text.UART_AdvFeatureConfig
                0x00000000080094bc      0x144 Drivers/STM32F3xx_HAL_Driver/Src/stm32f3xx_hal_uart.o
                0x00000000080094bc                UART_AdvFeatureConfig
 .text.UART_CheckIdleState
                0x0000000008009600       0x8a Drivers/STM32F3xx_HAL_Driver/Src/stm32f3xx_hal_uart.o
                0x0000000008009600                UART_CheckIdleState
 .text.UART_WaitOnFlagUntilTimeout
                0x000000000800968a       0xf6 Drivers/STM32F3xx_HAL_Driver/Src/stm32f3xx_hal_uart.o
                0x000000000800968a                UART_WaitOnFlagUntilTimeout
 .text.UART_EndTxTransfer
                0x0000000008009780       0x2a Drivers/STM32F3xx_HAL_Driver/Src/stm32f3xx_hal_uart.o
 .text.UART_EndRxTransfer
                0x00000000080097aa       0x40 Drivers/STM32F3xx_HAL_Driver/Src/stm32f3xx_hal_uart.o
 .text.UART_DMATransmitCplt
                0x00000000080097ea       0x4e Drivers/STM32F3xx_HAL_Driver/Src/stm32f3xx_hal_uart.o
 .text.UART_DMATxHalfCplt
                0x0000000008009838       0x1c Drivers/STM32F3xx_HAL_Driver/Src/stm32f3xx_hal_uart.o
 .text.UART_DMAReceiveCplt
                0x0000000008009854       0x62 Drivers/STM32F3xx_HAL_Driver/Src/stm32f3xx_hal_uart.o
 .text.UART_DMARxHalfCplt
                0x00000000080098b6       0x1c Drivers/STM32F3xx_HAL_Driver/Src/stm32f3xx_hal_uart.o
 .text.UART_DMAError
                0x00000000080098d2       0x78 Drivers/STM32F3xx_HAL_Driver/Src/stm32f3xx_hal_uart.o
 .text.UART_DMAAbortOnError
                0x000000000800994a       0x2c Drivers/STM32F3xx_HAL_Driver/Src/stm32f3xx_hal_uart.o
 .text.UART_TxISR_8BIT
                0x0000000008009976       0x74 Drivers/STM32F3xx_HAL_Driver/Src/stm32f3xx_hal_uart.o
 .text.UART_TxISR_16BIT
                0x00000000080099ea       0x7c Drivers/STM32F3xx_HAL_Driver/Src/stm32f3xx_hal_uart.o
 .text.UART_EndTransmit_IT
                0x0000000008009a66       0x32 Drivers/STM32F3xx_HAL_Driver/Src/stm32f3xx_hal_uart.o
 .text.UART_RxISR_8BIT
                0x0000000008009a98       0xa6 Drivers/STM32F3xx_HAL_Driver/Src/stm32f3xx_hal_uart.o
 .text.UART_RxISR_16BIT
                0x0000000008009b3e       0xa6 Drivers/STM32F3xx_HAL_Driver/Src/stm32f3xx_hal_uart.o
 .text.HAL_UARTEx_WakeupCallback
                0x0000000008009be4       0x14 Drivers/STM32F3xx_HAL_Driver/Src/stm32f3xx_hal_uart_ex.o
                0x0000000008009be4                HAL_UARTEx_WakeupCallback
 .text.USB_DisableGlobalInt
                0x0000000008009bf8       0x36 Drivers/STM32F3xx_HAL_Driver/Src/stm32f3xx_ll_usb.o
                0x0000000008009bf8                USB_DisableGlobalInt
 .text.USB_DevInit
                0x0000000008009c2e       0x42 Drivers/STM32F3xx_HAL_Driver/Src/stm32f3xx_ll_usb.o
                0x0000000008009c2e                USB_DevInit
 .text.__libc_init_array
                0x0000000008009c70       0x48 d:/programme/stm32cubeide_1.5.1/stm32cubeide/plugins/com.st.stm32cube.ide.mcu.externaltools.gnu-tools-for-stm32.7-2018-q2-update.win32_1.5.0.202011040924/tools/bin/../lib/gcc/arm-none-eabi/7.3.1/../../../../arm-none-eabi/lib/thumb/v7e-m/fpv4-sp/hard\libc_nano.a(lib_a-init.o)
                0x0000000008009c70                __libc_init_array
 .text.memset   0x0000000008009cb8       0x10 d:/programme/stm32cubeide_1.5.1/stm32cubeide/plugins/com.st.stm32cube.ide.mcu.externaltools.gnu-tools-for-stm32.7-2018-q2-update.win32_1.5.0.202011040924/tools/bin/../lib/gcc/arm-none-eabi/7.3.1/../../../../arm-none-eabi/lib/thumb/v7e-m/fpv4-sp/hard\libc_nano.a(lib_a-memset.o)
                0x0000000008009cb8                memset
 *(.glue_7)
 .glue_7        0x0000000008009cc8        0x0 linker stubs
 *(.glue_7t)
 .glue_7t       0x0000000008009cc8        0x0 linker stubs
 *(.eh_frame)
 .eh_frame      0x0000000008009cc8        0x0 d:/programme/stm32cubeide_1.5.1/stm32cubeide/plugins/com.st.stm32cube.ide.mcu.externaltools.gnu-tools-for-stm32.7-2018-q2-update.win32_1.5.0.202011040924/tools/bin/../lib/gcc/arm-none-eabi/7.3.1/thumb/v7e-m/fpv4-sp/hard/crtbegin.o
 *(.init)
 .init          0x0000000008009cc8        0x4 d:/programme/stm32cubeide_1.5.1/stm32cubeide/plugins/com.st.stm32cube.ide.mcu.externaltools.gnu-tools-for-stm32.7-2018-q2-update.win32_1.5.0.202011040924/tools/bin/../lib/gcc/arm-none-eabi/7.3.1/thumb/v7e-m/fpv4-sp/hard/crti.o
                0x0000000008009cc8                _init
 .init          0x0000000008009ccc        0x8 d:/programme/stm32cubeide_1.5.1/stm32cubeide/plugins/com.st.stm32cube.ide.mcu.externaltools.gnu-tools-for-stm32.7-2018-q2-update.win32_1.5.0.202011040924/tools/bin/../lib/gcc/arm-none-eabi/7.3.1/thumb/v7e-m/fpv4-sp/hard/crtn.o
 *(.fini)
 .fini          0x0000000008009cd4        0x4 d:/programme/stm32cubeide_1.5.1/stm32cubeide/plugins/com.st.stm32cube.ide.mcu.externaltools.gnu-tools-for-stm32.7-2018-q2-update.win32_1.5.0.202011040924/tools/bin/../lib/gcc/arm-none-eabi/7.3.1/thumb/v7e-m/fpv4-sp/hard/crti.o
                0x0000000008009cd4                _fini
 .fini          0x0000000008009cd8        0x8 d:/programme/stm32cubeide_1.5.1/stm32cubeide/plugins/com.st.stm32cube.ide.mcu.externaltools.gnu-tools-for-stm32.7-2018-q2-update.win32_1.5.0.202011040924/tools/bin/../lib/gcc/arm-none-eabi/7.3.1/thumb/v7e-m/fpv4-sp/hard/crtn.o
                0x0000000008009ce0                . = ALIGN (0x4)
                0x0000000008009ce0                _etext = .

.vfp11_veneer   0x0000000008009ce0        0x0
 .vfp11_veneer  0x0000000008009ce0        0x0 linker stubs

.v4_bx          0x0000000008009ce0        0x0
 .v4_bx         0x0000000008009ce0        0x0 linker stubs

.iplt           0x0000000008009ce0        0x0
 .iplt          0x0000000008009ce0        0x0 d:/programme/stm32cubeide_1.5.1/stm32cubeide/plugins/com.st.stm32cube.ide.mcu.externaltools.gnu-tools-for-stm32.7-2018-q2-update.win32_1.5.0.202011040924/tools/bin/../lib/gcc/arm-none-eabi/7.3.1/thumb/v7e-m/fpv4-sp/hard/crtbegin.o

.rodata         0x0000000008009ce0       0xf8
                0x0000000008009ce0                . = ALIGN (0x4)
 *(.rodata)
 *(.rodata*)
 .rodata.dispatch_table
                0x0000000008009ce0       0x40 Core/Src/command_parser/commands_parser.o
                0x0000000008009ce0                dispatch_table
 .rodata.full_state_machine
                0x0000000008009d20       0x10 Core/Src/command_parser/commands_parser.o
                0x0000000008009d20                full_state_machine
 .rodata.RPlidar_FSM
                0x0000000008009d30       0x48 Core/Src/lidar/RPlidar.o
                0x0000000008009d30                RPlidar_FSM
 .rodata.AHBPrescTable
                0x0000000008009d78       0x10 Core/Src/system_stm32f3xx.o
                0x0000000008009d78                AHBPrescTable
 .rodata.APBPrescTable
                0x0000000008009d88        0x8 Core/Src/system_stm32f3xx.o
                0x0000000008009d88                APBPrescTable
 .rodata.mvt_handler_fsm
                0x0000000008009d90       0x28 Core/Src/movement_handler/movement_handler.o
                0x0000000008009d90                mvt_handler_fsm
 .rodata.aPLLMULFactorTable
                0x0000000008009db8       0x10 Drivers/STM32F3xx_HAL_Driver/Src/stm32f3xx_hal_rcc.o
                0x0000000008009db8                aPLLMULFactorTable
 .rodata.aPredivFactorTable
                0x0000000008009dc8       0x10 Drivers/STM32F3xx_HAL_Driver/Src/stm32f3xx_hal_rcc.o
                0x0000000008009dc8                aPredivFactorTable
                0x0000000008009dd8                . = ALIGN (0x4)

.rel.dyn        0x0000000008009dd8        0x0
 .rel.iplt      0x0000000008009dd8        0x0 d:/programme/stm32cubeide_1.5.1/stm32cubeide/plugins/com.st.stm32cube.ide.mcu.externaltools.gnu-tools-for-stm32.7-2018-q2-update.win32_1.5.0.202011040924/tools/bin/../lib/gcc/arm-none-eabi/7.3.1/thumb/v7e-m/fpv4-sp/hard/crtbegin.o

.ARM.extab      0x0000000008009dd8        0x0
                0x0000000008009dd8                . = ALIGN (0x4)
 *(.ARM.extab* .gnu.linkonce.armextab.*)
                0x0000000008009dd8                . = ALIGN (0x4)

.ARM            0x0000000008009dd8        0x0
                0x0000000008009dd8                . = ALIGN (0x4)
                0x0000000008009dd8                __exidx_start = .
 *(.ARM.exidx*)
                0x0000000008009dd8                __exidx_end = .
                0x0000000008009dd8                . = ALIGN (0x4)

.preinit_array  0x0000000008009dd8        0x0
                0x0000000008009dd8                . = ALIGN (0x4)
                0x0000000008009dd8                PROVIDE (__preinit_array_start = .)
 *(.preinit_array*)
                0x0000000008009dd8                PROVIDE (__preinit_array_end = .)
                0x0000000008009dd8                . = ALIGN (0x4)

.init_array     0x0000000008009dd8        0x4
                0x0000000008009dd8                . = ALIGN (0x4)
                0x0000000008009dd8                PROVIDE (__init_array_start = .)
 *(SORT_BY_NAME(.init_array.*))
 *(.init_array*)
 .init_array    0x0000000008009dd8        0x4 d:/programme/stm32cubeide_1.5.1/stm32cubeide/plugins/com.st.stm32cube.ide.mcu.externaltools.gnu-tools-for-stm32.7-2018-q2-update.win32_1.5.0.202011040924/tools/bin/../lib/gcc/arm-none-eabi/7.3.1/thumb/v7e-m/fpv4-sp/hard/crtbegin.o
                0x0000000008009ddc                PROVIDE (__init_array_end = .)
                0x0000000008009ddc                . = ALIGN (0x4)

.fini_array     0x0000000008009ddc        0x4
                0x0000000008009ddc                . = ALIGN (0x4)
                [!provide]                        PROVIDE (__fini_array_start = .)
 *(SORT_BY_NAME(.fini_array.*))
 *(.fini_array*)
 .fini_array    0x0000000008009ddc        0x4 d:/programme/stm32cubeide_1.5.1/stm32cubeide/plugins/com.st.stm32cube.ide.mcu.externaltools.gnu-tools-for-stm32.7-2018-q2-update.win32_1.5.0.202011040924/tools/bin/../lib/gcc/arm-none-eabi/7.3.1/thumb/v7e-m/fpv4-sp/hard/crtbegin.o
                [!provide]                        PROVIDE (__fini_array_end = .)
                0x0000000008009de0                . = ALIGN (0x4)
                0x0000000008009de0                _sidata = LOADADDR (.data)

.data           0x0000000020000000       0x34 load address 0x0000000008009de0
                0x0000000020000000                . = ALIGN (0x4)
                0x0000000020000000                _sdata = .
 *(.data)
 *(.data*)
 .data.CMD_Parser_Log
                0x0000000020000000        0x1 Core/Src/command_parser/commands_parser.o
                0x0000000020000000                CMD_Parser_Log
 *fill*         0x0000000020000001        0x3 
 .data.test_rn  0x0000000020000004        0x3 Core/Src/command_parser/commands_parser.o
                0x0000000020000004                test_rn
 .data.previous_log.10181
                0x0000000020000007        0x1 Core/Src/command_parser/commands_parser.o
 .data.h_robot6900
                0x0000000020000008       0x10 Core/Src/main.o
                0x0000000020000008                h_robot6900
 .data.LEDs_set.9031
                0x0000000020000018       0x10 Core/Src/main.o
 .data.SystemCoreClock
                0x0000000020000028        0x4 Core/Src/system_stm32f3xx.o
                0x0000000020000028                SystemCoreClock
 .data.uwTickPrio
                0x000000002000002c        0x4 Drivers/STM32F3xx_HAL_Driver/Src/stm32f3xx_hal.o
                0x000000002000002c                uwTickPrio
 .data.uwTickFreq
                0x0000000020000030        0x1 Drivers/STM32F3xx_HAL_Driver/Src/stm32f3xx_hal.o
                0x0000000020000030                uwTickFreq
                0x0000000020000034                . = ALIGN (0x4)
 *fill*         0x0000000020000031        0x3 
                0x0000000020000034                _edata = .

.igot.plt       0x0000000020000034        0x0 load address 0x0000000008009e14
 .igot.plt      0x0000000020000034        0x0 d:/programme/stm32cubeide_1.5.1/stm32cubeide/plugins/com.st.stm32cube.ide.mcu.externaltools.gnu-tools-for-stm32.7-2018-q2-update.win32_1.5.0.202011040924/tools/bin/../lib/gcc/arm-none-eabi/7.3.1/thumb/v7e-m/fpv4-sp/hard/crtbegin.o
                0x0000000020000034                . = ALIGN (0x4)

.bss            0x0000000020000034     0x26c4 load address 0x0000000008009e14
                0x0000000020000034                _sbss = .
                0x0000000020000034                __bss_start__ = _sbss
 *(.bss)
 .bss           0x0000000020000034       0x1c d:/programme/stm32cubeide_1.5.1/stm32cubeide/plugins/com.st.stm32cube.ide.mcu.externaltools.gnu-tools-for-stm32.7-2018-q2-update.win32_1.5.0.202011040924/tools/bin/../lib/gcc/arm-none-eabi/7.3.1/thumb/v7e-m/fpv4-sp/hard/crtbegin.o
 *(.bss*)
 .bss.Rx_buffer
                0x0000000020000050        0x5 Core/Src/command_parser/commands_parser.o
                0x0000000020000050                Rx_buffer
 .bss.CMDs_buffer_size
                0x0000000020000055        0x1 Core/Src/command_parser/commands_parser.o
                0x0000000020000055                CMDs_buffer_size
 .bss.CMDs_buffer_full
                0x0000000020000056        0x1 Core/Src/command_parser/commands_parser.o
                0x0000000020000056                CMDs_buffer_full
 .bss.current_state
                0x0000000020000057        0x1 Core/Src/command_parser/commands_parser.o
                0x0000000020000057                current_state
 .bss.rx_last_ID
                0x0000000020000058        0x1 Core/Src/command_parser/commands_parser.o
                0x0000000020000058                rx_last_ID
 .bss.tx_last_ID
                0x0000000020000059        0x1 Core/Src/command_parser/commands_parser.o
                0x0000000020000059                tx_last_ID
 .bss.tx_is_DAM
                0x000000002000005a        0x1 Core/Src/command_parser/commands_parser.o
                0x000000002000005a                tx_is_DAM
 .bss.tx_busy   0x000000002000005b        0x1 Core/Src/command_parser/commands_parser.o
                0x000000002000005b                tx_busy
 .bss.pck_size.10166
                0x000000002000005c        0x2 Core/Src/command_parser/commands_parser.o
 .bss.RPlidar_data_current
                0x000000002000005e        0x1 Core/Src/lidar/RPlidar.o
                0x000000002000005e                RPlidar_data_current
 .bss.current_DMA_buffer
                0x000000002000005f        0x1 Core/Src/lidar/RPlidar.o
                0x000000002000005f                current_DMA_buffer
 .bss.buffer_ready
                0x0000000020000060        0x1 Core/Src/lidar/RPlidar.o
                0x0000000020000060                buffer_ready
 .bss.DMA_Rx    0x0000000020000061        0x1 Core/Src/lidar/RPlidar.o
                0x0000000020000061                DMA_Rx
 .bss.NVIC_Rx_next_size
                0x0000000020000062        0x1 Core/Src/lidar/RPlidar.o
                0x0000000020000062                NVIC_Rx_next_size
 *fill*         0x0000000020000063        0x1 
 .bss.DMA_next_packet_size
                0x0000000020000064        0x2 Core/Src/lidar/RPlidar.o
                0x0000000020000064                DMA_next_packet_size
 .bss.RPlidar_current_state
                0x0000000020000066        0x1 Core/Src/lidar/RPlidar.o
                0x0000000020000066                RPlidar_current_state
 .bss.RPlidar_Log
                0x0000000020000067        0x1 Core/Src/lidar/RPlidar.o
                0x0000000020000067                RPlidar_Log
 .bss.RPlidar_timeout
                0x0000000020000068        0x1 Core/Src/lidar/RPlidar.o
                0x0000000020000068                RPlidar_timeout
 .bss.RPLidar_1ms_TIM_enable
                0x0000000020000069        0x1 Core/Src/lidar/RPlidar.o
                0x0000000020000069                RPLidar_1ms_TIM_enable
 .bss.RPlidar_hard_failure_cnt
                0x000000002000006a        0x1 Core/Src/lidar/RPlidar.o
                0x000000002000006a                RPlidar_hard_failure_cnt
 .bss.RPM_init  0x000000002000006b        0x1 Core/Src/lidar/RPlidar.o
                0x000000002000006b                RPM_init
 .bss.RPM_cnt_1ms
                0x000000002000006c        0x2 Core/Src/lidar/RPlidar.o
                0x000000002000006c                RPM_cnt_1ms
 *fill*         0x000000002000006e        0x2 
 .bss.RPlidar_RPM
                0x0000000020000070        0x4 Core/Src/lidar/RPlidar.o
                0x0000000020000070                RPlidar_RPM
 .bss.RPlidar_OUTPUT_cnt
                0x0000000020000074        0x2 Core/Src/lidar/RPlidar.o
                0x0000000020000074                RPlidar_OUTPUT_cnt
 *fill*         0x0000000020000076        0x2 
 .bss.RPlidar_descriptor_pck
                0x0000000020000078        0x7 Core/Src/lidar/RPlidar.o
                0x0000000020000078                RPlidar_descriptor_pck
 .bss.health_process_step.8963
                0x000000002000007f        0x1 Core/Src/lidar/RPlidar.o
 .bss.descriptor_received.8964
                0x0000000020000080        0x1 Core/Src/lidar/RPlidar.o
 .bss.reset_process_step.8976
                0x0000000020000081        0x1 Core/Src/lidar/RPlidar.o
 .bss.wait_cnt.8977
                0x0000000020000082        0x1 Core/Src/lidar/RPlidar.o
 .bss.reset_process_step.8987
                0x0000000020000083        0x1 Core/Src/lidar/RPlidar.o
 .bss.init_process_buffer.8997
                0x0000000020000084        0x1 Core/Src/lidar/RPlidar.o
 *fill*         0x0000000020000085        0x1 
 .bss.current_data_index.9003
                0x0000000020000086        0x2 Core/Src/lidar/RPlidar.o
 .bss.a_test    0x0000000020000088        0x2 Core/Src/main.o
                0x0000000020000088                a_test
 .bss.MVT_HDL_Parser_Log
                0x000000002000008a        0x1 Core/Src/movement_handler/movement_handler.o
                0x000000002000008a                MVT_HDL_Parser_Log
 .bss.MVT_HDL_current_state
                0x000000002000008b        0x1 Core/Src/movement_handler/movement_handler.o
                0x000000002000008b                MVT_HDL_current_state
 .bss.last_ramp_time_ms.8934
                0x000000002000008c        0x4 Core/Src/movement_handler/movement_handler.o
 .bss.last_dir.8935
                0x0000000020000090        0x1 Core/Src/movement_handler/movement_handler.o
 .bss.are_ready
                0x0000000020000091        0x1 Core/Src/power_handler/current_probe.o
                0x0000000020000091                are_ready
 .bss._delay.8827
                0x0000000020000092        0x2 Core/Src/power_handler/current_probe.o
 .bss.spi_driver_current_state
                0x0000000020000094        0x1 Core/Src/spi_handler/spi_handler.o
                0x0000000020000094                spi_driver_current_state
 .bss.spi_data_ready
                0x0000000020000095        0x1 Core/Src/spi_handler/spi_handler.o
                0x0000000020000095                spi_data_ready
 *(COMMON)
 *fill*         0x0000000020000096        0x2 
 COMMON         0x0000000020000098      0x298 Core/Src/command_parser/commands_parser.o
                0x0000000020000098                _data_test_tx
                0x00000000200002f0                _huart5
                0x00000000200002f4                _hcrc
                0x00000000200002f8                Tx_buffer
                0x0000000020000318                CMDs_buffer
 COMMON         0x0000000020000330     0x1d84 Core/Src/lidar/RPlidar.o
                0x0000000020000330                _huart
                0x0000000020000334                RP_Rx_buffer
                0x0000000020000430                _htim7
                0x0000000020000434                RPlidar_data
 COMMON         0x00000000200020b4      0x60c Core/Src/main.o
                0x00000000200020b4                hdma_uart4_rx
                0x00000000200020f8                hi2c1
                0x0000000020002144                hiwdg
                0x0000000020002154                hcrc
                0x0000000020002178                hdma_usart1_tx
                0x00000000200021bc                hadc1
                0x000000002000220c                RPlidar
                0x0000000020002218                huart1
                0x0000000020002298                huart4
                0x0000000020002318                hspi1
                0x000000002000237c                hpcd_USB_FS
                0x0000000020002668                robot_state
                0x0000000020002680                htim7
 COMMON         0x00000000200026c0        0xc Core/Src/power_handler/current_probe.o
                0x00000000200026c0                _hadc1
                0x00000000200026c4                adc_values
 COMMON         0x00000000200026cc       0x26 Core/Src/spi_handler/spi_handler.o
                0x00000000200026cc                _hspi1
                0x00000000200026d0                fpga_data
                0x00000000200026e0                acc_data
                0x00000000200026f0                d
 COMMON         0x00000000200026f2        0x2 Core/Src/washer/washer_handler.o
                0x00000000200026f2                humid
 COMMON         0x00000000200026f4        0x4 Drivers/STM32F3xx_HAL_Driver/Src/stm32f3xx_hal.o
                0x00000000200026f4                uwTick
                0x00000000200026f8                . = ALIGN (0x4)
                0x00000000200026f8                _ebss = .
                0x00000000200026f8                __bss_end__ = _ebss

._user_heap_stack
                0x00000000200026f8      0x600 load address 0x0000000008009e14
                0x00000000200026f8                . = ALIGN (0x8)
                0x00000000200026f8                PROVIDE (end = .)
                [!provide]                        PROVIDE (_end = .)
                0x00000000200028f8                . = (. + _Min_Heap_Size)
 *fill*         0x00000000200026f8      0x200 
                0x0000000020002cf8                . = (. + _Min_Stack_Size)
 *fill*         0x00000000200028f8      0x400 
                0x0000000020002cf8                . = ALIGN (0x8)

/DISCARD/
 libc.a(*)
 libm.a(*)
 libgcc.a(*)

.ARM.attributes
                0x0000000000000000       0x30
 *(.ARM.attributes)
 .ARM.attributes
                0x0000000000000000       0x22 d:/programme/stm32cubeide_1.5.1/stm32cubeide/plugins/com.st.stm32cube.ide.mcu.externaltools.gnu-tools-for-stm32.7-2018-q2-update.win32_1.5.0.202011040924/tools/bin/../lib/gcc/arm-none-eabi/7.3.1/thumb/v7e-m/fpv4-sp/hard/crti.o
 .ARM.attributes
                0x0000000000000022       0x34 d:/programme/stm32cubeide_1.5.1/stm32cubeide/plugins/com.st.stm32cube.ide.mcu.externaltools.gnu-tools-for-stm32.7-2018-q2-update.win32_1.5.0.202011040924/tools/bin/../lib/gcc/arm-none-eabi/7.3.1/thumb/v7e-m/fpv4-sp/hard/crtbegin.o
 .ARM.attributes
                0x0000000000000056       0x39 Core/Src/command_parser/commands.o
 .ARM.attributes
                0x000000000000008f       0x39 Core/Src/command_parser/commands_parser.o
 .ARM.attributes
                0x00000000000000c8       0x39 Core/Src/lidar/RPlidar.o
 .ARM.attributes
                0x0000000000000101       0x39 Core/Src/main.o
 .ARM.attributes
                0x000000000000013a       0x39 Core/Src/stm32f3xx_hal_msp.o
 .ARM.attributes
                0x0000000000000173       0x39 Core/Src/stm32f3xx_it.o
 .ARM.attributes
                0x00000000000001ac       0x39 Core/Src/system_stm32f3xx.o
 .ARM.attributes
                0x00000000000001e5       0x39 Core/Src/movement_handler/movement_handler.o
 .ARM.attributes
                0x000000000000021e       0x39 Core/Src/power_handler/current_probe.o
 .ARM.attributes
                0x0000000000000257       0x39 Core/Src/spi_handler/spi_handler.o
 .ARM.attributes
                0x0000000000000290       0x39 Core/Src/washer/washer_handler.o
 .ARM.attributes
                0x00000000000002c9       0x21 Core/Startup/startup_stm32f303vctx.o
 .ARM.attributes
                0x00000000000002ea       0x39 Drivers/STM32F3xx_HAL_Driver/Src/stm32f3xx_hal.o
 .ARM.attributes
                0x0000000000000323       0x39 Drivers/STM32F3xx_HAL_Driver/Src/stm32f3xx_hal_adc.o
 .ARM.attributes
                0x000000000000035c       0x39 Drivers/STM32F3xx_HAL_Driver/Src/stm32f3xx_hal_adc_ex.o
 .ARM.attributes
                0x0000000000000395       0x39 Drivers/STM32F3xx_HAL_Driver/Src/stm32f3xx_hal_cortex.o
 .ARM.attributes
                0x00000000000003ce       0x39 Drivers/STM32F3xx_HAL_Driver/Src/stm32f3xx_hal_crc.o
 .ARM.attributes
                0x0000000000000407       0x39 Drivers/STM32F3xx_HAL_Driver/Src/stm32f3xx_hal_crc_ex.o
 .ARM.attributes
                0x0000000000000440       0x39 Drivers/STM32F3xx_HAL_Driver/Src/stm32f3xx_hal_dma.o
 .ARM.attributes
                0x0000000000000479       0x39 Drivers/STM32F3xx_HAL_Driver/Src/stm32f3xx_hal_gpio.o
 .ARM.attributes
                0x00000000000004b2       0x39 Drivers/STM32F3xx_HAL_Driver/Src/stm32f3xx_hal_i2c.o
 .ARM.attributes
                0x00000000000004eb       0x39 Drivers/STM32F3xx_HAL_Driver/Src/stm32f3xx_hal_i2c_ex.o
 .ARM.attributes
                0x0000000000000524       0x39 Drivers/STM32F3xx_HAL_Driver/Src/stm32f3xx_hal_pcd.o
 .ARM.attributes
                0x000000000000055d       0x39 Drivers/STM32F3xx_HAL_Driver/Src/stm32f3xx_hal_rcc.o
 .ARM.attributes
                0x0000000000000596       0x39 Drivers/STM32F3xx_HAL_Driver/Src/stm32f3xx_hal_rcc_ex.o
 .ARM.attributes
                0x00000000000005cf       0x39 Drivers/STM32F3xx_HAL_Driver/Src/stm32f3xx_hal_spi.o
 .ARM.attributes
                0x0000000000000608       0x39 Drivers/STM32F3xx_HAL_Driver/Src/stm32f3xx_hal_tim.o
 .ARM.attributes
                0x0000000000000641       0x39 Drivers/STM32F3xx_HAL_Driver/Src/stm32f3xx_hal_tim_ex.o
 .ARM.attributes
                0x000000000000067a       0x39 Drivers/STM32F3xx_HAL_Driver/Src/stm32f3xx_hal_uart.o
 .ARM.attributes
                0x00000000000006b3       0x39 Drivers/STM32F3xx_HAL_Driver/Src/stm32f3xx_hal_uart_ex.o
 .ARM.attributes
                0x00000000000006ec       0x39 Drivers/STM32F3xx_HAL_Driver/Src/stm32f3xx_ll_usb.o
 .ARM.attributes
                0x0000000000000725       0x34 d:/programme/stm32cubeide_1.5.1/stm32cubeide/plugins/com.st.stm32cube.ide.mcu.externaltools.gnu-tools-for-stm32.7-2018-q2-update.win32_1.5.0.202011040924/tools/bin/../lib/gcc/arm-none-eabi/7.3.1/../../../../arm-none-eabi/lib/thumb/v7e-m/fpv4-sp/hard\libc_nano.a(lib_a-init.o)
 .ARM.attributes
                0x0000000000000759       0x34 d:/programme/stm32cubeide_1.5.1/stm32cubeide/plugins/com.st.stm32cube.ide.mcu.externaltools.gnu-tools-for-stm32.7-2018-q2-update.win32_1.5.0.202011040924/tools/bin/../lib/gcc/arm-none-eabi/7.3.1/../../../../arm-none-eabi/lib/thumb/v7e-m/fpv4-sp/hard\libc_nano.a(lib_a-memset.o)
 .ARM.attributes
                0x000000000000078d       0x22 d:/programme/stm32cubeide_1.5.1/stm32cubeide/plugins/com.st.stm32cube.ide.mcu.externaltools.gnu-tools-for-stm32.7-2018-q2-update.win32_1.5.0.202011040924/tools/bin/../lib/gcc/arm-none-eabi/7.3.1/thumb/v7e-m/fpv4-sp/hard\libgcc.a(_arm_addsubdf3.o)
 .ARM.attributes
                0x00000000000007af       0x22 d:/programme/stm32cubeide_1.5.1/stm32cubeide/plugins/com.st.stm32cube.ide.mcu.externaltools.gnu-tools-for-stm32.7-2018-q2-update.win32_1.5.0.202011040924/tools/bin/../lib/gcc/arm-none-eabi/7.3.1/thumb/v7e-m/fpv4-sp/hard\libgcc.a(_arm_muldivdf3.o)
 .ARM.attributes
                0x00000000000007d1       0x22 d:/programme/stm32cubeide_1.5.1/stm32cubeide/plugins/com.st.stm32cube.ide.mcu.externaltools.gnu-tools-for-stm32.7-2018-q2-update.win32_1.5.0.202011040924/tools/bin/../lib/gcc/arm-none-eabi/7.3.1/thumb/v7e-m/fpv4-sp/hard\libgcc.a(_arm_cmpdf2.o)
 .ARM.attributes
                0x00000000000007f3       0x22 d:/programme/stm32cubeide_1.5.1/stm32cubeide/plugins/com.st.stm32cube.ide.mcu.externaltools.gnu-tools-for-stm32.7-2018-q2-update.win32_1.5.0.202011040924/tools/bin/../lib/gcc/arm-none-eabi/7.3.1/thumb/v7e-m/fpv4-sp/hard\libgcc.a(_arm_truncdfsf2.o)
 .ARM.attributes
                0x0000000000000815       0x22 d:/programme/stm32cubeide_1.5.1/stm32cubeide/plugins/com.st.stm32cube.ide.mcu.externaltools.gnu-tools-for-stm32.7-2018-q2-update.win32_1.5.0.202011040924/tools/bin/../lib/gcc/arm-none-eabi/7.3.1/thumb/v7e-m/fpv4-sp/hard/crtn.o
OUTPUT(robot_6900_firmware.elf elf32-littlearm)

.debug_info     0x0000000000000000    0x1e91c
 .debug_info    0x0000000000000000      0x6dd Core/Src/command_parser/commands.o
 .debug_info    0x00000000000006dd     0x1b5c Core/Src/command_parser/commands_parser.o
 .debug_info    0x0000000000002239     0x15c1 Core/Src/lidar/RPlidar.o
 .debug_info    0x00000000000037fa     0x2630 Core/Src/main.o
 .debug_info    0x0000000000005e2a     0x1f69 Core/Src/stm32f3xx_hal_msp.o
 .debug_info    0x0000000000007d93     0x105e Core/Src/stm32f3xx_it.o
 .debug_info    0x0000000000008df1      0x45c Core/Src/system_stm32f3xx.o
 .debug_info    0x000000000000924d      0xa3e Core/Src/movement_handler/movement_handler.o
 .debug_info    0x0000000000009c8b      0xb16 Core/Src/power_handler/current_probe.o
 .debug_info    0x000000000000a7a1      0x917 Core/Src/spi_handler/spi_handler.o
 .debug_info    0x000000000000b0b8      0xc44 Core/Src/washer/washer_handler.o
 .debug_info    0x000000000000bcfc       0x22 Core/Startup/startup_stm32f303vctx.o
 .debug_info    0x000000000000bd1e      0x7e2 Drivers/STM32F3xx_HAL_Driver/Src/stm32f3xx_hal.o
 .debug_info    0x000000000000c500      0xbce Drivers/STM32F3xx_HAL_Driver/Src/stm32f3xx_hal_adc.o
 .debug_info    0x000000000000d0ce     0x1571 Drivers/STM32F3xx_HAL_Driver/Src/stm32f3xx_hal_adc_ex.o
 .debug_info    0x000000000000e63f      0xd99 Drivers/STM32F3xx_HAL_Driver/Src/stm32f3xx_hal_cortex.o
 .debug_info    0x000000000000f3d8      0x5df Drivers/STM32F3xx_HAL_Driver/Src/stm32f3xx_hal_crc.o
 .debug_info    0x000000000000f9b7      0x429 Drivers/STM32F3xx_HAL_Driver/Src/stm32f3xx_hal_crc_ex.o
 .debug_info    0x000000000000fde0      0x7cb Drivers/STM32F3xx_HAL_Driver/Src/stm32f3xx_hal_dma.o
 .debug_info    0x00000000000105ab      0x70b Drivers/STM32F3xx_HAL_Driver/Src/stm32f3xx_hal_gpio.o
 .debug_info    0x0000000000010cb6     0x1fe5 Drivers/STM32F3xx_HAL_Driver/Src/stm32f3xx_hal_i2c.o
 .debug_info    0x0000000000012c9b      0x8de Drivers/STM32F3xx_HAL_Driver/Src/stm32f3xx_hal_i2c_ex.o
 .debug_info    0x0000000000013579     0x124b Drivers/STM32F3xx_HAL_Driver/Src/stm32f3xx_hal_pcd.o
 .debug_info    0x00000000000147c4     0x180f Drivers/STM32F3xx_HAL_Driver/Src/stm32f3xx_hal_rcc.o
 .debug_info    0x0000000000015fd3      0x6b7 Drivers/STM32F3xx_HAL_Driver/Src/stm32f3xx_hal_rcc_ex.o
 .debug_info    0x000000000001668a     0x1625 Drivers/STM32F3xx_HAL_Driver/Src/stm32f3xx_hal_spi.o
 .debug_info    0x0000000000017caf     0x2648 Drivers/STM32F3xx_HAL_Driver/Src/stm32f3xx_hal_tim.o
 .debug_info    0x000000000001a2f7     0x11d7 Drivers/STM32F3xx_HAL_Driver/Src/stm32f3xx_hal_tim_ex.o
 .debug_info    0x000000000001b4ce     0x1592 Drivers/STM32F3xx_HAL_Driver/Src/stm32f3xx_hal_uart.o
 .debug_info    0x000000000001ca60      0x89e Drivers/STM32F3xx_HAL_Driver/Src/stm32f3xx_hal_uart_ex.o
 .debug_info    0x000000000001d2fe     0x161e Drivers/STM32F3xx_HAL_Driver/Src/stm32f3xx_ll_usb.o

.debug_abbrev   0x0000000000000000     0x3d3f
 .debug_abbrev  0x0000000000000000      0x15a Core/Src/command_parser/commands.o
 .debug_abbrev  0x000000000000015a      0x306 Core/Src/command_parser/commands_parser.o
 .debug_abbrev  0x0000000000000460      0x2a4 Core/Src/lidar/RPlidar.o
 .debug_abbrev  0x0000000000000704      0x2ee Core/Src/main.o
 .debug_abbrev  0x00000000000009f2      0x21f Core/Src/stm32f3xx_hal_msp.o
 .debug_abbrev  0x0000000000000c11      0x181 Core/Src/stm32f3xx_it.o
 .debug_abbrev  0x0000000000000d92      0x12b Core/Src/system_stm32f3xx.o
 .debug_abbrev  0x0000000000000ebd      0x235 Core/Src/movement_handler/movement_handler.o
 .debug_abbrev  0x00000000000010f2      0x19c Core/Src/power_handler/current_probe.o
 .debug_abbrev  0x000000000000128e      0x1fb Core/Src/spi_handler/spi_handler.o
 .debug_abbrev  0x0000000000001489      0x1b2 Core/Src/washer/washer_handler.o
 .debug_abbrev  0x000000000000163b       0x12 Core/Startup/startup_stm32f303vctx.o
 .debug_abbrev  0x000000000000164d      0x1c7 Drivers/STM32F3xx_HAL_Driver/Src/stm32f3xx_hal.o
 .debug_abbrev  0x0000000000001814      0x187 Drivers/STM32F3xx_HAL_Driver/Src/stm32f3xx_hal_adc.o
 .debug_abbrev  0x000000000000199b      0x225 Drivers/STM32F3xx_HAL_Driver/Src/stm32f3xx_hal_adc_ex.o
 .debug_abbrev  0x0000000000001bc0      0x2fa Drivers/STM32F3xx_HAL_Driver/Src/stm32f3xx_hal_cortex.o
 .debug_abbrev  0x0000000000001eba      0x1d1 Drivers/STM32F3xx_HAL_Driver/Src/stm32f3xx_hal_crc.o
 .debug_abbrev  0x000000000000208b      0x165 Drivers/STM32F3xx_HAL_Driver/Src/stm32f3xx_hal_crc_ex.o
 .debug_abbrev  0x00000000000021f0      0x1fe Drivers/STM32F3xx_HAL_Driver/Src/stm32f3xx_hal_dma.o
 .debug_abbrev  0x00000000000023ee      0x1c0 Drivers/STM32F3xx_HAL_Driver/Src/stm32f3xx_hal_gpio.o
 .debug_abbrev  0x00000000000025ae      0x22a Drivers/STM32F3xx_HAL_Driver/Src/stm32f3xx_hal_i2c.o
 .debug_abbrev  0x00000000000027d8      0x1b9 Drivers/STM32F3xx_HAL_Driver/Src/stm32f3xx_hal_i2c_ex.o
 .debug_abbrev  0x0000000000002991      0x282 Drivers/STM32F3xx_HAL_Driver/Src/stm32f3xx_hal_pcd.o
 .debug_abbrev  0x0000000000002c13      0x28c Drivers/STM32F3xx_HAL_Driver/Src/stm32f3xx_hal_rcc.o
 .debug_abbrev  0x0000000000002e9f      0x219 Drivers/STM32F3xx_HAL_Driver/Src/stm32f3xx_hal_rcc_ex.o
 .debug_abbrev  0x00000000000030b8      0x228 Drivers/STM32F3xx_HAL_Driver/Src/stm32f3xx_hal_spi.o
 .debug_abbrev  0x00000000000032e0      0x230 Drivers/STM32F3xx_HAL_Driver/Src/stm32f3xx_hal_tim.o
 .debug_abbrev  0x0000000000003510      0x21e Drivers/STM32F3xx_HAL_Driver/Src/stm32f3xx_hal_tim_ex.o
 .debug_abbrev  0x000000000000372e      0x205 Drivers/STM32F3xx_HAL_Driver/Src/stm32f3xx_hal_uart.o
 .debug_abbrev  0x0000000000003933      0x1e2 Drivers/STM32F3xx_HAL_Driver/Src/stm32f3xx_hal_uart_ex.o
 .debug_abbrev  0x0000000000003b15      0x22a Drivers/STM32F3xx_HAL_Driver/Src/stm32f3xx_ll_usb.o

.debug_aranges  0x0000000000000000     0x1980
 .debug_aranges
                0x0000000000000000       0x58 Core/Src/command_parser/commands.o
 .debug_aranges
                0x0000000000000058       0x78 Core/Src/command_parser/commands_parser.o
 .debug_aranges
                0x00000000000000d0       0xa8 Core/Src/lidar/RPlidar.o
 .debug_aranges
                0x0000000000000178       0xb0 Core/Src/main.o
 .debug_aranges
                0x0000000000000228       0x90 Core/Src/stm32f3xx_hal_msp.o
 .debug_aranges
                0x00000000000002b8       0x98 Core/Src/stm32f3xx_it.o
 .debug_aranges
                0x0000000000000350       0x28 Core/Src/system_stm32f3xx.o
 .debug_aranges
                0x0000000000000378       0x80 Core/Src/movement_handler/movement_handler.o
 .debug_aranges
                0x00000000000003f8       0x30 Core/Src/power_handler/current_probe.o
 .debug_aranges
                0x0000000000000428       0x48 Core/Src/spi_handler/spi_handler.o
 .debug_aranges
                0x0000000000000470       0x70 Core/Src/washer/washer_handler.o
 .debug_aranges
                0x00000000000004e0       0x28 Core/Startup/startup_stm32f303vctx.o
 .debug_aranges
                0x0000000000000508       0xe0 Drivers/STM32F3xx_HAL_Driver/Src/stm32f3xx_hal.o
 .debug_aranges
                0x00000000000005e8       0xc8 Drivers/STM32F3xx_HAL_Driver/Src/stm32f3xx_hal_adc.o
 .debug_aranges
                0x00000000000006b0      0x168 Drivers/STM32F3xx_HAL_Driver/Src/stm32f3xx_hal_adc_ex.o
 .debug_aranges
                0x0000000000000818      0x118 Drivers/STM32F3xx_HAL_Driver/Src/stm32f3xx_hal_cortex.o
 .debug_aranges
                0x0000000000000930       0x60 Drivers/STM32F3xx_HAL_Driver/Src/stm32f3xx_hal_crc.o
 .debug_aranges
                0x0000000000000990       0x30 Drivers/STM32F3xx_HAL_Driver/Src/stm32f3xx_hal_crc_ex.o
 .debug_aranges
                0x00000000000009c0       0x88 Drivers/STM32F3xx_HAL_Driver/Src/stm32f3xx_hal_dma.o
 .debug_aranges
                0x0000000000000a48       0x58 Drivers/STM32F3xx_HAL_Driver/Src/stm32f3xx_hal_gpio.o
 .debug_aranges
                0x0000000000000aa0      0x290 Drivers/STM32F3xx_HAL_Driver/Src/stm32f3xx_hal_i2c.o
 .debug_aranges
                0x0000000000000d30       0x48 Drivers/STM32F3xx_HAL_Driver/Src/stm32f3xx_hal_i2c_ex.o
 .debug_aranges
                0x0000000000000d78      0x138 Drivers/STM32F3xx_HAL_Driver/Src/stm32f3xx_hal_pcd.o
 .debug_aranges
                0x0000000000000eb0       0x88 Drivers/STM32F3xx_HAL_Driver/Src/stm32f3xx_hal_rcc.o
 .debug_aranges
                0x0000000000000f38       0x38 Drivers/STM32F3xx_HAL_Driver/Src/stm32f3xx_hal_rcc_ex.o
 .debug_aranges
                0x0000000000000f70      0x1d8 Drivers/STM32F3xx_HAL_Driver/Src/stm32f3xx_hal_spi.o
 .debug_aranges
                0x0000000000001148      0x3c8 Drivers/STM32F3xx_HAL_Driver/Src/stm32f3xx_hal_tim.o
 .debug_aranges
                0x0000000000001510      0x160 Drivers/STM32F3xx_HAL_Driver/Src/stm32f3xx_hal_tim_ex.o
 .debug_aranges
                0x0000000000001670      0x210 Drivers/STM32F3xx_HAL_Driver/Src/stm32f3xx_hal_uart.o
 .debug_aranges
                0x0000000000001880       0x50 Drivers/STM32F3xx_HAL_Driver/Src/stm32f3xx_hal_uart_ex.o
 .debug_aranges
                0x00000000000018d0       0xb0 Drivers/STM32F3xx_HAL_Driver/Src/stm32f3xx_ll_usb.o

.debug_ranges   0x0000000000000000     0x1798
 .debug_ranges  0x0000000000000000       0x48 Core/Src/command_parser/commands.o
 .debug_ranges  0x0000000000000048       0x68 Core/Src/command_parser/commands_parser.o
 .debug_ranges  0x00000000000000b0       0x98 Core/Src/lidar/RPlidar.o
 .debug_ranges  0x0000000000000148       0xa0 Core/Src/main.o
 .debug_ranges  0x00000000000001e8       0x80 Core/Src/stm32f3xx_hal_msp.o
 .debug_ranges  0x0000000000000268       0x88 Core/Src/stm32f3xx_it.o
 .debug_ranges  0x00000000000002f0       0x18 Core/Src/system_stm32f3xx.o
 .debug_ranges  0x0000000000000308       0x70 Core/Src/movement_handler/movement_handler.o
 .debug_ranges  0x0000000000000378       0x20 Core/Src/power_handler/current_probe.o
 .debug_ranges  0x0000000000000398       0x38 Core/Src/spi_handler/spi_handler.o
 .debug_ranges  0x00000000000003d0       0x60 Core/Src/washer/washer_handler.o
 .debug_ranges  0x0000000000000430       0x20 Core/Startup/startup_stm32f303vctx.o
 .debug_ranges  0x0000000000000450       0xd0 Drivers/STM32F3xx_HAL_Driver/Src/stm32f3xx_hal.o
 .debug_ranges  0x0000000000000520       0xb8 Drivers/STM32F3xx_HAL_Driver/Src/stm32f3xx_hal_adc.o
 .debug_ranges  0x00000000000005d8      0x158 Drivers/STM32F3xx_HAL_Driver/Src/stm32f3xx_hal_adc_ex.o
 .debug_ranges  0x0000000000000730      0x108 Drivers/STM32F3xx_HAL_Driver/Src/stm32f3xx_hal_cortex.o
 .debug_ranges  0x0000000000000838       0x50 Drivers/STM32F3xx_HAL_Driver/Src/stm32f3xx_hal_crc.o
 .debug_ranges  0x0000000000000888       0x20 Drivers/STM32F3xx_HAL_Driver/Src/stm32f3xx_hal_crc_ex.o
 .debug_ranges  0x00000000000008a8       0x78 Drivers/STM32F3xx_HAL_Driver/Src/stm32f3xx_hal_dma.o
 .debug_ranges  0x0000000000000920       0x48 Drivers/STM32F3xx_HAL_Driver/Src/stm32f3xx_hal_gpio.o
 .debug_ranges  0x0000000000000968      0x280 Drivers/STM32F3xx_HAL_Driver/Src/stm32f3xx_hal_i2c.o
 .debug_ranges  0x0000000000000be8       0x38 Drivers/STM32F3xx_HAL_Driver/Src/stm32f3xx_hal_i2c_ex.o
 .debug_ranges  0x0000000000000c20      0x128 Drivers/STM32F3xx_HAL_Driver/Src/stm32f3xx_hal_pcd.o
 .debug_ranges  0x0000000000000d48       0x78 Drivers/STM32F3xx_HAL_Driver/Src/stm32f3xx_hal_rcc.o
 .debug_ranges  0x0000000000000dc0       0x28 Drivers/STM32F3xx_HAL_Driver/Src/stm32f3xx_hal_rcc_ex.o
 .debug_ranges  0x0000000000000de8      0x1c8 Drivers/STM32F3xx_HAL_Driver/Src/stm32f3xx_hal_spi.o
 .debug_ranges  0x0000000000000fb0      0x3b8 Drivers/STM32F3xx_HAL_Driver/Src/stm32f3xx_hal_tim.o
 .debug_ranges  0x0000000000001368      0x150 Drivers/STM32F3xx_HAL_Driver/Src/stm32f3xx_hal_tim_ex.o
 .debug_ranges  0x00000000000014b8      0x200 Drivers/STM32F3xx_HAL_Driver/Src/stm32f3xx_hal_uart.o
 .debug_ranges  0x00000000000016b8       0x40 Drivers/STM32F3xx_HAL_Driver/Src/stm32f3xx_hal_uart_ex.o
 .debug_ranges  0x00000000000016f8       0xa0 Drivers/STM32F3xx_HAL_Driver/Src/stm32f3xx_ll_usb.o

.debug_macro    0x0000000000000000    0x1ecc7
 .debug_macro   0x0000000000000000      0x257 Core/Src/command_parser/commands.o
 .debug_macro   0x0000000000000257      0xa5a Core/Src/command_parser/commands.o
 .debug_macro   0x0000000000000cb1      0x175 Core/Src/command_parser/commands.o
 .debug_macro   0x0000000000000e26       0x2e Core/Src/command_parser/commands.o
 .debug_macro   0x0000000000000e54       0x28 Core/Src/command_parser/commands.o
 .debug_macro   0x0000000000000e7c       0x22 Core/Src/command_parser/commands.o
 .debug_macro   0x0000000000000e9e       0x8e Core/Src/command_parser/commands.o
 .debug_macro   0x0000000000000f2c       0x51 Core/Src/command_parser/commands.o
 .debug_macro   0x0000000000000f7d       0xef Core/Src/command_parser/commands.o
 .debug_macro   0x000000000000106c       0x6a Core/Src/command_parser/commands.o
 .debug_macro   0x00000000000010d6      0x1df Core/Src/command_parser/commands.o
 .debug_macro   0x00000000000012b5       0x1c Core/Src/command_parser/commands.o
 .debug_macro   0x00000000000012d1       0x22 Core/Src/command_parser/commands.o
 .debug_macro   0x00000000000012f3       0xdf Core/Src/command_parser/commands.o
 .debug_macro   0x00000000000013d2     0x102d Core/Src/command_parser/commands.o
 .debug_macro   0x00000000000023ff      0x11f Core/Src/command_parser/commands.o
 .debug_macro   0x000000000000251e    0x12a33 Core/Src/command_parser/commands.o
 .debug_macro   0x0000000000014f51       0x43 Core/Src/command_parser/commands.o
 .debug_macro   0x0000000000014f94      0x174 Core/Src/command_parser/commands.o
 .debug_macro   0x0000000000015108       0x53 Core/Src/command_parser/commands.o
 .debug_macro   0x000000000001515b      0x962 Core/Src/command_parser/commands.o
 .debug_macro   0x0000000000015abd      0x5fe Core/Src/command_parser/commands.o
 .debug_macro   0x00000000000160bb      0x12f Core/Src/command_parser/commands.o
 .debug_macro   0x00000000000161ea      0x1fb Core/Src/command_parser/commands.o
 .debug_macro   0x00000000000163e5      0x1dc Core/Src/command_parser/commands.o
 .debug_macro   0x00000000000165c1      0x1bc Core/Src/command_parser/commands.o
 .debug_macro   0x000000000001677d       0x30 Core/Src/command_parser/commands.o
 .debug_macro   0x00000000000167ad       0x3c Core/Src/command_parser/commands.o
 .debug_macro   0x00000000000167e9      0x236 Core/Src/command_parser/commands.o
 .debug_macro   0x0000000000016a1f      0x9b1 Core/Src/command_parser/commands.o
 .debug_macro   0x00000000000173d0       0x77 Core/Src/command_parser/commands.o
 .debug_macro   0x0000000000017447       0xd5 Core/Src/command_parser/commands.o
 .debug_macro   0x000000000001751c       0x4c Core/Src/command_parser/commands.o
 .debug_macro   0x0000000000017568       0xc5 Core/Src/command_parser/commands.o
 .debug_macro   0x000000000001762d      0x21d Core/Src/command_parser/commands.o
 .debug_macro   0x000000000001784a      0x22c Core/Src/command_parser/commands.o
 .debug_macro   0x0000000000017a76       0x5b Core/Src/command_parser/commands.o
 .debug_macro   0x0000000000017ad1       0xa5 Core/Src/command_parser/commands.o