Archive member included to satisfy reference by file (symbol)

d:/programme/cubeide/stm32cubeide_1.3.0/stm32cubeide/plugins/com.st.stm32cube.ide.mcu.externaltools.gnu-tools-for-stm32.7-2018-q2-update.win32_1.0.0.201904181610/tools/bin/../lib/gcc/arm-none-eabi/7.3.1/../../../../arm-none-eabi/lib/thumb/v7e-m/fpv4-sp/hard\libc_nano.a(lib_a-errno.o)
                              Core/Src/syscalls.o (__errno)
d:/programme/cubeide/stm32cubeide_1.3.0/stm32cubeide/plugins/com.st.stm32cube.ide.mcu.externaltools.gnu-tools-for-stm32.7-2018-q2-update.win32_1.0.0.201904181610/tools/bin/../lib/gcc/arm-none-eabi/7.3.1/../../../../arm-none-eabi/lib/thumb/v7e-m/fpv4-sp/hard\libc_nano.a(lib_a-exit.o)
                              d:/programme/cubeide/stm32cubeide_1.3.0/stm32cubeide/plugins/com.st.stm32cube.ide.mcu.externaltools.gnu-tools-for-stm32.7-2018-q2-update.win32_1.0.0.201904181610/tools/bin/../lib/gcc/arm-none-eabi/7.3.1/../../../../arm-none-eabi/lib/thumb/v7e-m/fpv4-sp/hard/crt0.o (exit)
d:/programme/cubeide/stm32cubeide_1.3.0/stm32cubeide/plugins/com.st.stm32cube.ide.mcu.externaltools.gnu-tools-for-stm32.7-2018-q2-update.win32_1.0.0.201904181610/tools/bin/../lib/gcc/arm-none-eabi/7.3.1/../../../../arm-none-eabi/lib/thumb/v7e-m/fpv4-sp/hard\libc_nano.a(lib_a-impure.o)
                              d:/programme/cubeide/stm32cubeide_1.3.0/stm32cubeide/plugins/com.st.stm32cube.ide.mcu.externaltools.gnu-tools-for-stm32.7-2018-q2-update.win32_1.0.0.201904181610/tools/bin/../lib/gcc/arm-none-eabi/7.3.1/../../../../arm-none-eabi/lib/thumb/v7e-m/fpv4-sp/hard\libc_nano.a(lib_a-exit.o) (_global_impure_ptr)
d:/programme/cubeide/stm32cubeide_1.3.0/stm32cubeide/plugins/com.st.stm32cube.ide.mcu.externaltools.gnu-tools-for-stm32.7-2018-q2-update.win32_1.0.0.201904181610/tools/bin/../lib/gcc/arm-none-eabi/7.3.1/../../../../arm-none-eabi/lib/thumb/v7e-m/fpv4-sp/hard\libc_nano.a(lib_a-init.o)
                              d:/programme/cubeide/stm32cubeide_1.3.0/stm32cubeide/plugins/com.st.stm32cube.ide.mcu.externaltools.gnu-tools-for-stm32.7-2018-q2-update.win32_1.0.0.201904181610/tools/bin/../lib/gcc/arm-none-eabi/7.3.1/../../../../arm-none-eabi/lib/thumb/v7e-m/fpv4-sp/hard/crt0.o (__libc_init_array)
d:/programme/cubeide/stm32cubeide_1.3.0/stm32cubeide/plugins/com.st.stm32cube.ide.mcu.externaltools.gnu-tools-for-stm32.7-2018-q2-update.win32_1.0.0.201904181610/tools/bin/../lib/gcc/arm-none-eabi/7.3.1/../../../../arm-none-eabi/lib/thumb/v7e-m/fpv4-sp/hard\libc_nano.a(lib_a-memset.o)
                              d:/programme/cubeide/stm32cubeide_1.3.0/stm32cubeide/plugins/com.st.stm32cube.ide.mcu.externaltools.gnu-tools-for-stm32.7-2018-q2-update.win32_1.0.0.201904181610/tools/bin/../lib/gcc/arm-none-eabi/7.3.1/../../../../arm-none-eabi/lib/thumb/v7e-m/fpv4-sp/hard/crt0.o (memset)
d:/programme/cubeide/stm32cubeide_1.3.0/stm32cubeide/plugins/com.st.stm32cube.ide.mcu.externaltools.gnu-tools-for-stm32.7-2018-q2-update.win32_1.0.0.201904181610/tools/bin/../lib/gcc/arm-none-eabi/7.3.1/thumb/v7e-m/fpv4-sp/hard\libgcc.a(_arm_addsubdf3.o)
                              Core/Src/lidar/RPlidar.o (__aeabi_dsub)
d:/programme/cubeide/stm32cubeide_1.3.0/stm32cubeide/plugins/com.st.stm32cube.ide.mcu.externaltools.gnu-tools-for-stm32.7-2018-q2-update.win32_1.0.0.201904181610/tools/bin/../lib/gcc/arm-none-eabi/7.3.1/thumb/v7e-m/fpv4-sp/hard\libgcc.a(_arm_muldivdf3.o)
                              Core/Src/lidar/RPlidar.o (__aeabi_dmul)
d:/programme/cubeide/stm32cubeide_1.3.0/stm32cubeide/plugins/com.st.stm32cube.ide.mcu.externaltools.gnu-tools-for-stm32.7-2018-q2-update.win32_1.0.0.201904181610/tools/bin/../lib/gcc/arm-none-eabi/7.3.1/thumb/v7e-m/fpv4-sp/hard\libgcc.a(_arm_truncdfsf2.o)
                              Core/Src/lidar/RPlidar.o (__aeabi_d2f)

Allocating common symbols
Common symbol       size              file

hdma_uart4_rx       0x44              Core/Src/main.o
_hspi1              0x4               Core/Src/spi_handler/spi_handler.o
_huart5             0x4               Core/Src/command_parser/commands_parser.o
hi2c1               0x4c              Core/Src/main.o
hiwdg               0x10              Core/Src/main.o
hcrc                0x24              Core/Src/main.o
_huart              0x4               Core/Src/lidar/RPlidar.o
uwTick              0x4               Drivers/STM32F3xx_HAL_Driver/Src/stm32f3xx_hal.o
pFlash              0x20              Drivers/STM32F3xx_HAL_Driver/Src/stm32f3xx_hal_flash.o
fpga_data           0x10              Core/Src/spi_handler/spi_handler.o
huart5              0x80              Core/Src/main.o
hadc1               0x50              Core/Src/main.o
RP_Rx_buffer        0xfc              Core/Src/lidar/RPlidar.o
RPlidar             0xa               Core/Src/main.o
_hcrc               0x4               Core/Src/command_parser/commands_parser.o
acc_data            0x10              Core/Src/spi_handler/spi_handler.o
_htim7              0x4               Core/Src/lidar/RPlidar.o
[...]
Memory Configuration

Name             Origin             Length             Attributes
CCMRAM           0x0000000010000000 0x0000000000002000 xrw
RAM              0x0000000020000000 0x000000000000a000 xrw
FLASH            0x0000000008000000 0x0000000000040000 xr
*default*        0x0000000000000000 0xffffffffffffffff

Linker script and memory map

LOAD d:/programme/cubeide/stm32cubeide_1.3.0/stm32cubeide/plugins/com.st.stm32cube.ide.mcu.externaltools.gnu-tools-for-stm32.7-2018-q2-update.win32_1.0.0.201904181610/tools/bin/../lib/gcc/arm-none-eabi/7.3.1/thumb/v7e-m/fpv4-sp/hard/crti.o
LOAD d:/programme/cubeide/stm32cubeide_1.3.0/stm32cubeide/plugins/com.st.stm32cube.ide.mcu.externaltools.gnu-tools-for-stm32.7-2018-q2-update.win32_1.0.0.201904181610/tools/bin/../lib/gcc/arm-none-eabi/7.3.1/thumb/v7e-m/fpv4-sp/hard/crtbegin.o
LOAD d:/programme/cubeide/stm32cubeide_1.3.0/stm32cubeide/plugins/com.st.stm32cube.ide.mcu.externaltools.gnu-tools-for-stm32.7-2018-q2-update.win32_1.0.0.201904181610/tools/bin/../lib/gcc/arm-none-eabi/7.3.1/../../../../arm-none-eabi/lib/thumb/v7e-m/fpv4-sp/hard/crt0.o
LOAD Core/Src/command_parser/commands.o
LOAD Core/Src/command_parser/commands_parser.o
LOAD Core/Src/lidar/RPlidar.o
LOAD Core/Src/main.o
LOAD Core/Src/stm32f3xx_hal_msp.o
LOAD Core/Src/stm32f3xx_it.o
LOAD Core/Src/syscalls.o
LOAD Core/Src/sysmem.o
LOAD Core/Src/system_stm32f3xx.o
LOAD Core/Src/power_handler/current_probe.o
LOAD Core/Src/spi_handler/spi_handler.o
LOAD Core/Startup/startup_stm32f303vctx.o
LOAD Drivers/STM32F3xx_HAL_Driver/Src/stm32f3xx_hal.o
LOAD Drivers/STM32F3xx_HAL_Driver/Src/stm32f3xx_hal_adc.o
LOAD Drivers/STM32F3xx_HAL_Driver/Src/stm32f3xx_hal_adc_ex.o
LOAD Drivers/STM32F3xx_HAL_Driver/Src/stm32f3xx_hal_cortex.o
LOAD Drivers/STM32F3xx_HAL_Driver/Src/stm32f3xx_hal_crc.o
LOAD Drivers/STM32F3xx_HAL_Driver/Src/stm32f3xx_hal_crc_ex.o
LOAD Drivers/STM32F3xx_HAL_Driver/Src/stm32f3xx_hal_dma.o
LOAD Drivers/STM32F3xx_HAL_Driver/Src/stm32f3xx_hal_exti.o
LOAD Drivers/STM32F3xx_HAL_Driver/Src/stm32f3xx_hal_flash.o
LOAD Drivers/STM32F3xx_HAL_Driver/Src/stm32f3xx_hal_flash_ex.o
LOAD Drivers/STM32F3xx_HAL_Driver/Src/stm32f3xx_hal_gpio.o
LOAD Drivers/STM32F3xx_HAL_Driver/Src/stm32f3xx_hal_i2c.o
LOAD Drivers/STM32F3xx_HAL_Driver/Src/stm32f3xx_hal_i2c_ex.o
LOAD Drivers/STM32F3xx_HAL_Driver/Src/stm32f3xx_hal_iwdg.o
LOAD Drivers/STM32F3xx_HAL_Driver/Src/stm32f3xx_hal_pcd.o
LOAD Drivers/STM32F3xx_HAL_Driver/Src/stm32f3xx_hal_pcd_ex.o
LOAD Drivers/STM32F3xx_HAL_Driver/Src/stm32f3xx_hal_pwr.o
LOAD Drivers/STM32F3xx_HAL_Driver/Src/stm32f3xx_hal_pwr_ex.o
LOAD Drivers/STM32F3xx_HAL_Driver/Src/stm32f3xx_hal_rcc.o
LOAD Drivers/STM32F3xx_HAL_Driver/Src/stm32f3xx_hal_rcc_ex.o
LOAD Drivers/STM32F3xx_HAL_Driver/Src/stm32f3xx_hal_spi.o
LOAD Drivers/STM32F3xx_HAL_Driver/Src/stm32f3xx_hal_spi_ex.o
LOAD Drivers/STM32F3xx_HAL_Driver/Src/stm32f3xx_hal_tim.o
LOAD Drivers/STM32F3xx_HAL_Driver/Src/stm32f3xx_hal_tim_ex.o
LOAD Drivers/STM32F3xx_HAL_Driver/Src/stm32f3xx_hal_uart.o
LOAD Drivers/STM32F3xx_HAL_Driver/Src/stm32f3xx_hal_uart_ex.o
LOAD Drivers/STM32F3xx_HAL_Driver/Src/stm32f3xx_ll_usb.o
START GROUP
LOAD d:/programme/cubeide/stm32cubeide_1.3.0/stm32cubeide/plugins/com.st.stm32cube.ide.mcu.externaltools.gnu-tools-for-stm32.7-2018-q2-update.win32_1.0.0.201904181610/tools/bin/../lib/gcc/arm-none-eabi/7.3.1/../../../../arm-none-eabi/lib/thumb/v7e-m/fpv4-sp/hard\libc_nano.a
LOAD d:/programme/cubeide/stm32cubeide_1.3.0/stm32cubeide/plugins/com.st.stm32cube.ide.mcu.externaltools.gnu-tools-for-stm32.7-2018-q2-update.win32_1.0.0.201904181610/tools/bin/../lib/gcc/arm-none-eabi/7.3.1/../../../../arm-none-eabi/lib/thumb/v7e-m/fpv4-sp/hard\libm.a
END GROUP
START GROUP
LOAD d:/programme/cubeide/stm32cubeide_1.3.0/stm32cubeide/plugins/com.st.stm32cube.ide.mcu.externaltools.gnu-tools-for-stm32.7-2018-q2-update.win32_1.0.0.201904181610/tools/bin/../lib/gcc/arm-none-eabi/7.3.1/thumb/v7e-m/fpv4-sp/hard\libgcc.a
LOAD d:/programme/cubeide/stm32cubeide_1.3.0/stm32cubeide/plugins/com.st.stm32cube.ide.mcu.externaltools.gnu-tools-for-stm32.7-2018-q2-update.win32_1.0.0.201904181610/tools/bin/../lib/gcc/arm-none-eabi/7.3.1/../../../../arm-none-eabi/lib/thumb/v7e-m/fpv4-sp/hard\libc_nano.a
END GROUP
START GROUP
LOAD d:/programme/cubeide/stm32cubeide_1.3.0/stm32cubeide/plugins/com.st.stm32cube.ide.mcu.externaltools.gnu-tools-for-stm32.7-2018-q2-update.win32_1.0.0.201904181610/tools/bin/../lib/gcc/arm-none-eabi/7.3.1/thumb/v7e-m/fpv4-sp/hard\libgcc.a
LOAD d:/programme/cubeide/stm32cubeide_1.3.0/stm32cubeide/plugins/com.st.stm32cube.ide.mcu.externaltools.gnu-tools-for-stm32.7-2018-q2-update.win32_1.0.0.201904181610/tools/bin/../lib/gcc/arm-none-eabi/7.3.1/../../../../arm-none-eabi/lib/thumb/v7e-m/fpv4-sp/hard\libc_nano.a
LOAD d:/programme/cubeide/stm32cubeide_1.3.0/stm32cubeide/plugins/com.st.stm32cube.ide.mcu.externaltools.gnu-tools-for-stm32.7-2018-q2-update.win32_1.0.0.201904181610/tools/bin/../lib/gcc/arm-none-eabi/7.3.1/../../../../arm-none-eabi/lib/thumb/v7e-m/fpv4-sp/hard\libnosys.a
END GROUP
START GROUP
LOAD d:/programme/cubeide/stm32cubeide_1.3.0/stm32cubeide/plugins/com.st.stm32cube.ide.mcu.externaltools.gnu-tools-for-stm32.7-2018-q2-update.win32_1.0.0.201904181610/tools/bin/../lib/gcc/arm-none-eabi/7.3.1/thumb/v7e-m/fpv4-sp/hard\libgcc.a
LOAD d:/programme/cubeide/stm32cubeide_1.3.0/stm32cubeide/plugins/com.st.stm32cube.ide.mcu.externaltools.gnu-tools-for-stm32.7-2018-q2-update.win32_1.0.0.201904181610/tools/bin/../lib/gcc/arm-none-eabi/7.3.1/../../../../arm-none-eabi/lib/thumb/v7e-m/fpv4-sp/hard\libc_nano.a
LOAD d:/programme/cubeide/stm32cubeide_1.3.0/stm32cubeide/plugins/com.st.stm32cube.ide.mcu.externaltools.gnu-tools-for-stm32.7-2018-q2-update.win32_1.0.0.201904181610/tools/bin/../lib/gcc/arm-none-eabi/7.3.1/../../../../arm-none-eabi/lib/thumb/v7e-m/fpv4-sp/hard\libnosys.a
END GROUP
LOAD d:/programme/cubeide/stm32cubeide_1.3.0/stm32cubeide/plugins/com.st.stm32cube.ide.mcu.externaltools.gnu-tools-for-stm32.7-2018-q2-update.win32_1.0.0.201904181610/tools/bin/../lib/gcc/arm-none-eabi/7.3.1/thumb/v7e-m/fpv4-sp/hard/crtend.o
LOAD d:/programme/cubeide/stm32cubeide_1.3.0/stm32cubeide/plugins/com.st.stm32cube.ide.mcu.externaltools.gnu-tools-for-stm32.7-2018-q2-update.win32_1.0.0.201904181610/tools/bin/../lib/gcc/arm-none-eabi/7.3.1/thumb/v7e-m/fpv4-sp/hard/crtn.o
                0x000000002000a000                _estack = (ORIGIN (RAM) + LENGTH (RAM))
                0x0000000000000200                _Min_Heap_Size = 0x200
                0x0000000000000400                _Min_Stack_Size = 0x400

.isr_vector     0x0000000008000000      0x188
                0x0000000008000000                . = ALIGN (0x4)
 *(.isr_vector)
 .isr_vector    0x0000000008000000      0x188 Core/Startup/startup_stm32f303vctx.o
                0x0000000008000000                g_pfnVectors
                0x0000000008000188                . = ALIGN (0x4)

.text           0x0000000008000188     0x80d8
                0x0000000008000188                . = ALIGN (0x4)
 *(.text)
 .text          0x0000000008000188       0x40 d:/programme/cubeide/stm32cubeide_1.3.0/stm32cubeide/plugins/com.st.stm32cube.ide.mcu.externaltools.gnu-tools-for-stm32.7-2018-q2-update.win32_1.0.0.201904181610/tools/bin/../lib/gcc/arm-none-eabi/7.3.1/thumb/v7e-m/fpv4-sp/hard/crtbegin.o
 .text          0x00000000080001c8      0x378 d:/programme/cubeide/stm32cubeide_1.3.0/stm32cubeide/plugins/com.st.stm32cube.ide.mcu.externaltools.gnu-tools-for-stm32.7-2018-q2-update.win32_1.0.0.201904181610/tools/bin/../lib/gcc/arm-none-eabi/7.3.1/thumb/v7e-m/fpv4-sp/hard\libgcc.a(_arm_addsubdf3.o)
                0x00000000080001c8                __aeabi_drsub
                0x00000000080001d0                __aeabi_dsub
                0x00000000080001d0                __subdf3
                0x00000000080001d4                __aeabi_dadd
                0x00000000080001d4                __adddf3
                0x000000000800044c                __floatunsidf
                0x000000000800044c                __aeabi_ui2d
                0x000000000800046c                __floatsidf
                0x000000000800046c                __aeabi_i2d
                0x0000000008000490                __aeabi_f2d
                0x0000000008000490                __extendsfdf2
                0x00000000080004d4                __floatundidf
                0x00000000080004d4                __aeabi_ul2d
                0x00000000080004e4                __floatdidf
                0x00000000080004e4                __aeabi_l2d
 .text          0x0000000008000540      0x424 d:/programme/cubeide/stm32cubeide_1.3.0/stm32cubeide/plugins/com.st.stm32cube.ide.mcu.externaltools.gnu-tools-for-stm32.7-2018-q2-update.win32_1.0.0.201904181610/tools/bin/../lib/gcc/arm-none-eabi/7.3.1/thumb/v7e-m/fpv4-sp/hard\libgcc.a(_arm_muldivdf3.o)
                0x0000000008000540                __aeabi_dmul
                0x0000000008000540                __muldf3
                0x0000000008000794                __divdf3
                0x0000000008000794                __aeabi_ddiv
 .text          0x0000000008000964       0xa0 d:/programme/cubeide/stm32cubeide_1.3.0/stm32cubeide/plugins/com.st.stm32cube.ide.mcu.externaltools.gnu-tools-for-stm32.7-2018-q2-update.win32_1.0.0.201904181610/tools/bin/../lib/gcc/arm-none-eabi/7.3.1/thumb/v7e-m/fpv4-sp/hard\libgcc.a(_arm_truncdfsf2.o)
                0x0000000008000964                __truncdfsf2
                0x0000000008000964                __aeabi_d2f
 *(.text*)
 .text.default_process
                0x0000000008000a04       0x18 Core/Src/command_parser/commands.o
                0x0000000008000a04                default_process
 .text.switch_ON
                0x0000000008000a1c       0x28 Core/Src/command_parser/commands.o
                0x0000000008000a1c                switch_ON
 .text.start_motor
                0x0000000008000a44       0x28 Core/Src/command_parser/commands.o
                0x0000000008000a44                start_motor
 .text.stop_motor
                0x0000000008000a6c       0x28 Core/Src/command_parser/commands.o
                0x0000000008000a6c                stop_motor
 .text.start_lidar
                0x0000000008000a94       0x28 Core/Src/command_parser/commands.o
                0x0000000008000a94                start_lidar
 .text.NVIC_command_parser_INT
                0x0000000008000abc       0x60 Core/Src/command_parser/commands_parser.o
                0x0000000008000abc                NVIC_command_parser_INT
 .text.uart_init
                0x0000000008000b1c       0x38 Core/Src/command_parser/commands_parser.o
                0x0000000008000b1c                uart_init
 .text.cmd_parser_process
                0x0000000008000b54       0x8c Core/Src/command_parser/commands_parser.o
                0x0000000008000b54                cmd_parser_process
 .text.get_command
                0x0000000008000be0       0x94 Core/Src/command_parser/commands_parser.o
                0x0000000008000be0                get_command
 .text.command_integrity
                0x0000000008000c74       0x88 Core/Src/command_parser/commands_parser.o
                0x0000000008000c74                command_integrity
 .text.update_pipeline
                0x0000000008000cfc       0x7c Core/Src/command_parser/commands_parser.o
                0x0000000008000cfc                update_pipeline
 .text.wait     0x0000000008000d78       0x1c Core/Src/command_parser/commands_parser.o
                0x0000000008000d78                wait
 .text.parser_return
                0x0000000008000d94       0x34 Core/Src/command_parser/commands_parser.o
                0x0000000008000d94                parser_return
 .text.parser_OUTPUT_RPlidar
                0x0000000008000dc8       0x8c Core/Src/command_parser/commands_parser.o
                0x0000000008000dc8                parser_OUTPUT_RPlidar
 .text.generate_parser_flag
                0x0000000008000e54       0xd0 Core/Src/command_parser/commands_parser.o
                0x0000000008000e54                generate_parser_flag
 .text.NVIC_RPlidar_INT
                0x0000000008000f24       0x9c Core/Src/lidar/RPlidar.o
                0x0000000008000f24                NVIC_RPlidar_INT
 .text.NVIC_Timout_1ms_INT
                0x0000000008000fc0       0x58 Core/Src/lidar/RPlidar.o
                0x0000000008000fc0                NVIC_Timout_1ms_INT
 .text.RPlidar_init
                0x0000000008001018       0x50 Core/Src/lidar/RPlidar.o
                0x0000000008001018                RPlidar_init
 .text.RPlidar_process
                0x0000000008001068       0x54 Core/Src/lidar/RPlidar.o
                0x0000000008001068                RPlidar_process
 .text.init_state
                0x00000000080010bc       0x84 Core/Src/lidar/RPlidar.o
                0x00000000080010bc                init_state
 .text.health_state
                0x0000000008001140      0x200 Core/Src/lidar/RPlidar.o
                0x0000000008001140                health_state
 .text.reset_state
                0x0000000008001340       0xa0 Core/Src/lidar/RPlidar.o
                0x0000000008001340                reset_state
 .text.start_scan_state
                0x00000000080013e0      0x10c Core/Src/lidar/RPlidar.o
                0x00000000080013e0                start_scan_state
 .text.sampling_state
                0x00000000080014ec       0x88 Core/Src/lidar/RPlidar.o
                0x00000000080014ec                sampling_state
 .text.processing_state
                0x0000000008001574      0x618 Core/Src/lidar/RPlidar.o
                0x0000000008001574                processing_state
 .text.stop_state
                0x0000000008001b8c       0x16 Core/Src/lidar/RPlidar.o
                0x0000000008001b8c                stop_state
 .text.COM_error_state
                0x0000000008001ba2       0x2c Core/Src/lidar/RPlidar.o
                0x0000000008001ba2                COM_error_state
 .text.hardware_error_state
                0x0000000008001bce       0x2c Core/Src/lidar/RPlidar.o
                0x0000000008001bce                hardware_error_state
 *fill*         0x0000000008001bfa        0x2 
 .text.RPlidar_start_timeout
                0x0000000008001bfc       0x20 Core/Src/lidar/RPlidar.o
                0x0000000008001bfc                RPlidar_start_timeout
 .text.RPlidar_abord_timeout
                0x0000000008001c1c       0x18 Core/Src/lidar/RPlidar.o
                0x0000000008001c1c                RPlidar_abord_timeout
 *fill*         0x0000000008001c34        0x4 
 .text.RPlidar_measure_RPM
                0x0000000008001c38       0x94 Core/Src/lidar/RPlidar.o
                0x0000000008001c38                RPlidar_measure_RPM
 .text.RPlidar_checksum
                0x0000000008001ccc       0x40 Core/Src/lidar/RPlidar.o
                0x0000000008001ccc                RPlidar_checksum
 .text.RPlidar_get_descriptor_pck
                0x0000000008001d0c       0x84 Core/Src/lidar/RPlidar.o
                0x0000000008001d0c                RPlidar_get_descriptor_pck
 .text.HAL_UART_RxCpltCallback
                0x0000000008001d90       0x3c Core/Src/main.o
                0x0000000008001d90                HAL_UART_RxCpltCallback
 .text.HAL_TIM_PeriodElapsedCallback
                0x0000000008001dcc       0x38 Core/Src/main.o
                0x0000000008001dcc                HAL_TIM_PeriodElapsedCallback
 .text.update_LEDs
                0x0000000008001e04       0x70 Core/Src/main.o
                0x0000000008001e04                update_LEDs
 .text.main     0x0000000008001e74       0xec Core/Src/main.o
                0x0000000008001e74                main
 .text.SystemClock_Config
                0x0000000008001f60       0xd4 Core/Src/main.o
                0x0000000008001f60                SystemClock_Config
 .text.MX_ADC1_Init
                0x0000000008002034       0xe0 Core/Src/main.o
 .text.MX_CRC_Init
                0x0000000008002114       0x58 Core/Src/main.o
 .text.MX_I2C1_Init
                0x000000000800216c       0x80 Core/Src/main.o
 .text.MX_IWDG_Init
                0x00000000080021ec        0xe Core/Src/main.o
 *fill*         0x00000000080021fa        0x2 
 .text.MX_SPI1_Init
                0x00000000080021fc       0x7c Core/Src/main.o
 .text.MX_TIM7_Init
                0x0000000008002278       0x6c Core/Src/main.o
 .text.MX_UART4_Init
                0x00000000080022e4       0x68 Core/Src/main.o
 .text.MX_UART5_Init
                0x000000000800234c       0x68 Core/Src/main.o
 .text.MX_USB_PCD_Init
                0x00000000080023b4       0x44 Core/Src/main.o
 .text.MX_DMA_Init
                0x00000000080023f8       0x3c Core/Src/main.o
 .text.MX_GPIO_Init
                0x0000000008002434      0x174 Core/Src/main.o
 .text.Error_Handler
                0x00000000080025a8        0xe Core/Src/main.o
                0x00000000080025a8                Error_Handler
 *fill*         0x00000000080025b6        0x2 
 .text.HAL_MspInit
                0x00000000080025b8       0x48 Core/Src/stm32f3xx_hal_msp.o
                0x00000000080025b8                HAL_MspInit
 .text.HAL_ADC_MspInit
                0x0000000008002600       0x78 Core/Src/stm32f3xx_hal_msp.o
                0x0000000008002600                HAL_ADC_MspInit
 .text.HAL_CRC_MspInit
                0x0000000008002678       0x40 Core/Src/stm32f3xx_hal_msp.o
                0x0000000008002678                HAL_CRC_MspInit
 .text.HAL_I2C_MspInit
                0x00000000080026b8       0x88 Core/Src/stm32f3xx_hal_msp.o
                0x00000000080026b8                HAL_I2C_MspInit
 .text.HAL_SPI_MspInit
                0x0000000008002740       0x94 Core/Src/stm32f3xx_hal_msp.o
                0x0000000008002740                HAL_SPI_MspInit
 .text.HAL_TIM_Base_MspInit
                0x00000000080027d4       0x4c Core/Src/stm32f3xx_hal_msp.o
                0x00000000080027d4                HAL_TIM_Base_MspInit
 .text.HAL_UART_MspInit
                0x0000000008002820      0x19c Core/Src/stm32f3xx_hal_msp.o
                0x0000000008002820                HAL_UART_MspInit
 .text.HAL_PCD_MspInit
                0x00000000080029bc       0x88 Core/Src/stm32f3xx_hal_msp.o
                0x00000000080029bc                HAL_PCD_MspInit
 .text.NMI_Handler
                0x0000000008002a44        0xe Core/Src/stm32f3xx_it.o
                0x0000000008002a44                NMI_Handler
 .text.HardFault_Handler
                0x0000000008002a52        0x6 Core/Src/stm32f3xx_it.o
                0x0000000008002a52                HardFault_Handler
 .text.MemManage_Handler
                0x0000000008002a58        0x6 Core/Src/stm32f3xx_it.o
                0x0000000008002a58                MemManage_Handler
 .text.BusFault_Handler
                0x0000000008002a5e        0x6 Core/Src/stm32f3xx_it.o
                0x0000000008002a5e                BusFault_Handler
 .text.UsageFault_Handler
                0x0000000008002a64        0x6 Core/Src/stm32f3xx_it.o
                0x0000000008002a64                UsageFault_Handler
 .text.SVC_Handler
                0x0000000008002a6a        0xe Core/Src/stm32f3xx_it.o
                0x0000000008002a6a                SVC_Handler
 .text.DebugMon_Handler
                0x0000000008002a78        0xe Core/Src/stm32f3xx_it.o
                0x0000000008002a78                DebugMon_Handler
 .text.PendSV_Handler
                0x0000000008002a86        0xe Core/Src/stm32f3xx_it.o
                0x0000000008002a86                PendSV_Handler
 .text.SysTick_Handler
                0x0000000008002a94        0xc Core/Src/stm32f3xx_it.o
                0x0000000008002a94                SysTick_Handler
 .text.SPI1_IRQHandler
                0x0000000008002aa0       0x14 Core/Src/stm32f3xx_it.o
                0x0000000008002aa0                SPI1_IRQHandler
 .text.UART4_IRQHandler
                0x0000000008002ab4       0x14 Core/Src/stm32f3xx_it.o
                0x0000000008002ab4                UART4_IRQHandler
 .text.UART5_IRQHandler
                0x0000000008002ac8       0x14 Core/Src/stm32f3xx_it.o
                0x0000000008002ac8                UART5_IRQHandler
 .text.TIM7_IRQHandler
                0x0000000008002adc       0x14 Core/Src/stm32f3xx_it.o
                0x0000000008002adc                TIM7_IRQHandler
 .text.DMA2_Channel3_IRQHandler
                0x0000000008002af0       0x14 Core/Src/stm32f3xx_it.o
                0x0000000008002af0                DMA2_Channel3_IRQHandler
 .text.SystemInit
                0x0000000008002b04       0x2c Core/Src/system_stm32f3xx.o
                0x0000000008002b04                SystemInit
 .text.HAL_SPI_TxCpltCallback
                0x0000000008002b30       0x20 Core/Src/spi_handler/spi_handler.o
                0x0000000008002b30                HAL_SPI_TxCpltCallback
 .text.spi_driver_init
                0x0000000008002b50       0x38 Core/Src/spi_handler/spi_handler.o
                0x0000000008002b50                spi_driver_init
 .text.spi_request
                0x0000000008002b88       0x94 Core/Src/spi_handler/spi_handler.o
                0x0000000008002b88                spi_request
 .text.FPGA_frame_checker
                0x0000000008002c1c       0x8c Core/Src/spi_handler/spi_handler.o
                0x0000000008002c1c                FPGA_frame_checker
 .text.Reset_Handler
                0x0000000008002ca8       0x50 Core/Startup/startup_stm32f303vctx.o
                0x0000000008002ca8                Reset_Handler
 .text.Default_Handler
                0x0000000008002cf8        0x2 Core/Startup/startup_stm32f303vctx.o
                0x0000000008002cf8                RTC_Alarm_IRQHandler
                0x0000000008002cf8                TIM8_TRG_COM_IRQHandler
                0x0000000008002cf8                TIM8_CC_IRQHandler
                0x0000000008002cf8                TIM1_CC_IRQHandler
                0x0000000008002cf8                USB_HP_IRQHandler
                0x0000000008002cf8                PVD_IRQHandler
                0x0000000008002cf8                TAMP_STAMP_IRQHandler
                0x0000000008002cf8                EXTI3_IRQHandler
                0x0000000008002cf8                USB_HP_CAN_TX_IRQHandler
                0x0000000008002cf8                EXTI0_IRQHandler
                0x0000000008002cf8                I2C2_EV_IRQHandler
                0x0000000008002cf8                FPU_IRQHandler
                0x0000000008002cf8                TIM1_UP_TIM16_IRQHandler
                0x0000000008002cf8                ADC1_2_IRQHandler
                0x0000000008002cf8                CAN_SCE_IRQHandler
                0x0000000008002cf8                TIM6_DAC_IRQHandler
                0x0000000008002cf8                TIM8_UP_IRQHandler
                0x0000000008002cf8                DMA2_Channel2_IRQHandler
                0x0000000008002cf8                DMA1_Channel4_IRQHandler
                0x0000000008002cf8                USART3_IRQHandler
                0x0000000008002cf8                DMA1_Channel7_IRQHandler
                0x0000000008002cf8                ADC3_IRQHandler
                0x0000000008002cf8                TIM4_IRQHandler
                0x0000000008002cf8                CAN_RX1_IRQHandler
                0x0000000008002cf8                DMA2_Channel1_IRQHandler
                0x0000000008002cf8                I2C1_EV_IRQHandler
                0x0000000008002cf8                DMA1_Channel6_IRQHandler
                0x0000000008002cf8                DMA2_Channel4_IRQHandler
                0x0000000008002cf8                TIM3_IRQHandler
                0x0000000008002cf8                RCC_IRQHandler
                0x0000000008002cf8                DMA1_Channel1_IRQHandler
                0x0000000008002cf8                Default_Handler
                0x0000000008002cf8                USBWakeUp_RMP_IRQHandler
                0x0000000008002cf8                EXTI15_10_IRQHandler
                0x0000000008002cf8                EXTI9_5_IRQHandler
                0x0000000008002cf8                RTC_WKUP_IRQHandler
                0x0000000008002cf8                SPI2_IRQHandler
                0x0000000008002cf8                USB_LP_CAN_RX0_IRQHandler
                0x0000000008002cf8                DMA2_Channel5_IRQHandler
                0x0000000008002cf8                DMA1_Channel5_IRQHandler
                0x0000000008002cf8                USB_LP_IRQHandler
                0x0000000008002cf8                EXTI4_IRQHandler
                0x0000000008002cf8                TIM1_TRG_COM_TIM17_IRQHandler
                0x0000000008002cf8                DMA1_Channel3_IRQHandler
                0x0000000008002cf8                ADC4_IRQHandler
                0x0000000008002cf8                WWDG_IRQHandler
                0x0000000008002cf8                TIM2_IRQHandler
                0x0000000008002cf8                COMP7_IRQHandler
                0x0000000008002cf8                COMP1_2_3_IRQHandler
                0x0000000008002cf8                EXTI1_IRQHandler
                0x0000000008002cf8                USART2_IRQHandler
                0x0000000008002cf8                COMP4_5_6_IRQHandler
                0x0000000008002cf8                I2C2_ER_IRQHandler
                0x0000000008002cf8                DMA1_Channel2_IRQHandler
                0x0000000008002cf8                TIM8_BRK_IRQHandler
                0x0000000008002cf8                FLASH_IRQHandler
                0x0000000008002cf8                USART1_IRQHandler
                0x0000000008002cf8                SPI3_IRQHandler
                0x0000000008002cf8                I2C1_ER_IRQHandler
                0x0000000008002cf8                USBWakeUp_IRQHandler
                0x0000000008002cf8                EXTI2_TSC_IRQHandler
                0x0000000008002cf8                TIM1_BRK_TIM15_IRQHandler
 *fill*         0x0000000008002cfa        0x2 
 .text.HAL_Init
                0x0000000008002cfc       0x2c Drivers/STM32F3xx_HAL_Driver/Src/stm32f3xx_hal.o
                0x0000000008002cfc                HAL_Init
 .text.HAL_InitTick
                0x0000000008002d28       0x60 Drivers/STM32F3xx_HAL_Driver/Src/stm32f3xx_hal.o
                0x0000000008002d28                HAL_InitTick
 .text.HAL_IncTick
                0x0000000008002d88       0x28 Drivers/STM32F3xx_HAL_Driver/Src/stm32f3xx_hal.o
                0x0000000008002d88                HAL_IncTick
 .text.HAL_GetTick
                0x0000000008002db0       0x18 Drivers/STM32F3xx_HAL_Driver/Src/stm32f3xx_hal.o
                0x0000000008002db0                HAL_GetTick
 .text.HAL_ADC_Init
                0x0000000008002dc8      0x3c0 Drivers/STM32F3xx_HAL_Driver/Src/stm32f3xx_hal_adc_ex.o
                0x0000000008002dc8                HAL_ADC_Init
 .text.HAL_ADC_ConfigChannel
                0x0000000008003188      0x5d8 Drivers/STM32F3xx_HAL_Driver/Src/stm32f3xx_hal_adc_ex.o
                0x0000000008003188                HAL_ADC_ConfigChannel
 .text.HAL_ADCEx_MultiModeConfigChannel
                0x0000000008003760      0x1e4 Drivers/STM32F3xx_HAL_Driver/Src/stm32f3xx_hal_adc_ex.o
                0x0000000008003760                HAL_ADCEx_MultiModeConfigChannel
 .text.ADC_Disable
                0x0000000008003944       0xbe Drivers/STM32F3xx_HAL_Driver/Src/stm32f3xx_hal_adc_ex.o
 *fill*         0x0000000008003a02        0x2 
 .text.__NVIC_SetPriorityGrouping
                0x0000000008003a04       0x48 Drivers/STM32F3xx_HAL_Driver/Src/stm32f3xx_hal_cortex.o
 .text.__NVIC_GetPriorityGrouping
                0x0000000008003a4c       0x1c Drivers/STM32F3xx_HAL_Driver/Src/stm32f3xx_hal_cortex.o
 .text.__NVIC_EnableIRQ
                0x0000000008003a68       0x3c Drivers/STM32F3xx_HAL_Driver/Src/stm32f3xx_hal_cortex.o
 .text.__NVIC_DisableIRQ
                0x0000000008003aa4       0x44 Drivers/STM32F3xx_HAL_Driver/Src/stm32f3xx_hal_cortex.o
 .text.__NVIC_SetPriority
                0x0000000008003ae8       0x54 Drivers/STM32F3xx_HAL_Driver/Src/stm32f3xx_hal_cortex.o
 .text.NVIC_EncodePriority
                0x0000000008003b3c       0x66 Drivers/STM32F3xx_HAL_Driver/Src/stm32f3xx_hal_cortex.o
 *fill*         0x0000000008003ba2        0x2 
 .text.SysTick_Config
                0x0000000008003ba4       0x44 Drivers/STM32F3xx_HAL_Driver/Src/stm32f3xx_hal_cortex.o
 .text.HAL_NVIC_SetPriorityGrouping
                0x0000000008003be8       0x16 Drivers/STM32F3xx_HAL_Driver/Src/stm32f3xx_hal_cortex.o
                0x0000000008003be8                HAL_NVIC_SetPriorityGrouping
 .text.HAL_NVIC_SetPriority
                0x0000000008003bfe       0x38 Drivers/STM32F3xx_HAL_Driver/Src/stm32f3xx_hal_cortex.o
                0x0000000008003bfe                HAL_NVIC_SetPriority
 .text.HAL_NVIC_EnableIRQ
                0x0000000008003c36       0x1c Drivers/STM32F3xx_HAL_Driver/Src/stm32f3xx_hal_cortex.o
                0x0000000008003c36                HAL_NVIC_EnableIRQ
 .text.HAL_NVIC_DisableIRQ
                0x0000000008003c52       0x1c Drivers/STM32F3xx_HAL_Driver/Src/stm32f3xx_hal_cortex.o
                0x0000000008003c52                HAL_NVIC_DisableIRQ
 .text.HAL_SYSTICK_Config
                0x0000000008003c6e       0x18 Drivers/STM32F3xx_HAL_Driver/Src/stm32f3xx_hal_cortex.o
                0x0000000008003c6e                HAL_SYSTICK_Config
 *fill*         0x0000000008003c86        0x2 
 .text.HAL_CRC_Init
                0x0000000008003c88       0xc8 Drivers/STM32F3xx_HAL_Driver/Src/stm32f3xx_hal_crc.o
                0x0000000008003c88                HAL_CRC_Init
 .text.HAL_CRC_Calculate
                0x0000000008003d50       0x92 Drivers/STM32F3xx_HAL_Driver/Src/stm32f3xx_hal_crc.o
                0x0000000008003d50                HAL_CRC_Calculate
 .text.CRC_Handle_8
                0x0000000008003de2      0x11c Drivers/STM32F3xx_HAL_Driver/Src/stm32f3xx_hal_crc.o
 .text.CRC_Handle_16
                0x0000000008003efe       0x74 Drivers/STM32F3xx_HAL_Driver/Src/stm32f3xx_hal_crc.o
 *fill*         0x0000000008003f72        0x2 
 .text.HAL_CRCEx_Polynomial_Set
                0x0000000008003f74      0x10c Drivers/STM32F3xx_HAL_Driver/Src/stm32f3xx_hal_crc_ex.o
                0x0000000008003f74                HAL_CRCEx_Polynomial_Set
 .text.HAL_DMA_Init
                0x0000000008004080       0x8e Drivers/STM32F3xx_HAL_Driver/Src/stm32f3xx_hal_dma.o
                0x0000000008004080                HAL_DMA_Init
 .text.HAL_DMA_Start_IT
                0x000000000800410e       0xbe Drivers/STM32F3xx_HAL_Driver/Src/stm32f3xx_hal_dma.o
                0x000000000800410e                HAL_DMA_Start_IT
 .text.HAL_DMA_Abort_IT
                0x00000000080041cc       0x7c Drivers/STM32F3xx_HAL_Driver/Src/stm32f3xx_hal_dma.o
                0x00000000080041cc                HAL_DMA_Abort_IT
 .text.HAL_DMA_IRQHandler
                0x0000000008004248      0x146 Drivers/STM32F3xx_HAL_Driver/Src/stm32f3xx_hal_dma.o
                0x0000000008004248                HAL_DMA_IRQHandler
 .text.DMA_SetConfig
                0x000000000800438e       0x5c Drivers/STM32F3xx_HAL_Driver/Src/stm32f3xx_hal_dma.o
 *fill*         0x00000000080043ea        0x2 
 .text.DMA_CalcBaseAndBitshift
                0x00000000080043ec       0x78 Drivers/STM32F3xx_HAL_Driver/Src/stm32f3xx_hal_dma.o
 .text.HAL_GPIO_Init
                0x0000000008004464      0x2f4 Drivers/STM32F3xx_HAL_Driver/Src/stm32f3xx_hal_gpio.o
                0x0000000008004464                HAL_GPIO_Init
 .text.HAL_GPIO_WritePin
                0x0000000008004758       0x30 Drivers/STM32F3xx_HAL_Driver/Src/stm32f3xx_hal_gpio.o
                0x0000000008004758                HAL_GPIO_WritePin
 .text.HAL_I2C_Init
                0x0000000008004788      0x11e Drivers/STM32F3xx_HAL_Driver/Src/stm32f3xx_hal_i2c.o
                0x0000000008004788                HAL_I2C_Init
 .text.HAL_I2CEx_ConfigAnalogFilter
                0x00000000080048a6       0x96 Drivers/STM32F3xx_HAL_Driver/Src/stm32f3xx_hal_i2c_ex.o
                0x00000000080048a6                HAL_I2CEx_ConfigAnalogFilter
 .text.HAL_I2CEx_ConfigDigitalFilter
                0x000000000800493c       0x98 Drivers/STM32F3xx_HAL_Driver/Src/stm32f3xx_hal_i2c_ex.o
                0x000000000800493c                HAL_I2CEx_ConfigDigitalFilter
 .text.HAL_PCD_Init
                0x00000000080049d4      0x1bc Drivers/STM32F3xx_HAL_Driver/Src/stm32f3xx_hal_pcd.o
                0x00000000080049d4                HAL_PCD_Init
 .text.HAL_RCC_OscConfig
                0x0000000008004b90      0xe10 Drivers/STM32F3xx_HAL_Driver/Src/stm32f3xx_hal_rcc.o
                0x0000000008004b90                HAL_RCC_OscConfig
 .text.HAL_RCC_ClockConfig
                0x00000000080059a0      0x2f8 Drivers/STM32F3xx_HAL_Driver/Src/stm32f3xx_hal_rcc.o
                0x00000000080059a0                HAL_RCC_ClockConfig
 .text.HAL_RCC_GetSysClockFreq
                0x0000000008005c98       0xd4 Drivers/STM32F3xx_HAL_Driver/Src/stm32f3xx_hal_rcc.o
                0x0000000008005c98                HAL_RCC_GetSysClockFreq
 .text.HAL_RCC_GetHCLKFreq
                0x0000000008005d6c       0x18 Drivers/STM32F3xx_HAL_Driver/Src/stm32f3xx_hal_rcc.o
                0x0000000008005d6c                HAL_RCC_GetHCLKFreq
 .text.HAL_RCC_GetPCLK1Freq
                0x0000000008005d84       0x44 Drivers/STM32F3xx_HAL_Driver/Src/stm32f3xx_hal_rcc.o
                0x0000000008005d84                HAL_RCC_GetPCLK1Freq
 .text.HAL_RCC_GetPCLK2Freq
                0x0000000008005dc8       0x44 Drivers/STM32F3xx_HAL_Driver/Src/stm32f3xx_hal_rcc.o
                0x0000000008005dc8                HAL_RCC_GetPCLK2Freq
 .text.HAL_RCCEx_PeriphCLKConfig
                0x0000000008005e0c      0x360 Drivers/STM32F3xx_HAL_Driver/Src/stm32f3xx_hal_rcc_ex.o
                0x0000000008005e0c                HAL_RCCEx_PeriphCLKConfig
 .text.HAL_SPI_Init
                0x000000000800616c      0x124 Drivers/STM32F3xx_HAL_Driver/Src/stm32f3xx_hal_spi.o
                0x000000000800616c                HAL_SPI_Init
 .text.HAL_SPI_Transmit_IT
                0x0000000008006290      0x10c Drivers/STM32F3xx_HAL_Driver/Src/stm32f3xx_hal_spi.o
                0x0000000008006290                HAL_SPI_Transmit_IT
 .text.HAL_SPI_IRQHandler
                0x000000000800639c      0x200 Drivers/STM32F3xx_HAL_Driver/Src/stm32f3xx_hal_spi.o
                0x000000000800639c                HAL_SPI_IRQHandler
 .text.HAL_SPI_ErrorCallback
                0x000000000800659c       0x14 Drivers/STM32F3xx_HAL_Driver/Src/stm32f3xx_hal_spi.o
                0x000000000800659c                HAL_SPI_ErrorCallback
 .text.SPI_DMAAbortOnError
                0x00000000080065b0       0x2a Drivers/STM32F3xx_HAL_Driver/Src/stm32f3xx_hal_spi.o
 .text.SPI_TxISR_8BIT
                0x00000000080065da       0x46 Drivers/STM32F3xx_HAL_Driver/Src/stm32f3xx_hal_spi.o
 .text.SPI_TxISR_16BIT
                0x0000000008006620       0x44 Drivers/STM32F3xx_HAL_Driver/Src/stm32f3xx_hal_spi.o
 .text.SPI_WaitFlagStateUntilTimeout
                0x0000000008006664       0xd4 Drivers/STM32F3xx_HAL_Driver/Src/stm32f3xx_hal_spi.o
 .text.SPI_WaitFifoStateUntilTimeout
                0x0000000008006738       0xda Drivers/STM32F3xx_HAL_Driver/Src/stm32f3xx_hal_spi.o
 .text.SPI_EndRxTxTransaction
                0x0000000008006812       0x8c Drivers/STM32F3xx_HAL_Driver/Src/stm32f3xx_hal_spi.o
 .text.SPI_CloseTx_ISR
                0x000000000800689e       0x7e Drivers/STM32F3xx_HAL_Driver/Src/stm32f3xx_hal_spi.o
 .text.HAL_TIM_Base_Init
                0x000000000800691c       0x56 Drivers/STM32F3xx_HAL_Driver/Src/stm32f3xx_hal_tim.o
                0x000000000800691c                HAL_TIM_Base_Init
 *fill*         0x0000000008006972        0x2 
 .text.HAL_TIM_Base_Start_IT
                0x0000000008006974       0x54 Drivers/STM32F3xx_HAL_Driver/Src/stm32f3xx_hal_tim.o
                0x0000000008006974                HAL_TIM_Base_Start_IT
 .text.HAL_TIM_Base_Stop_IT
                0x00000000080069c8       0x56 Drivers/STM32F3xx_HAL_Driver/Src/stm32f3xx_hal_tim.o
                0x00000000080069c8                HAL_TIM_Base_Stop_IT
 .text.HAL_TIM_IRQHandler
                0x0000000008006a1e      0x23e Drivers/STM32F3xx_HAL_Driver/Src/stm32f3xx_hal_tim.o
                0x0000000008006a1e                HAL_TIM_IRQHandler
 .text.HAL_TIM_OC_DelayElapsedCallback
                0x0000000008006c5c       0x14 Drivers/STM32F3xx_HAL_Driver/Src/stm32f3xx_hal_tim.o
                0x0000000008006c5c                HAL_TIM_OC_DelayElapsedCallback
 .text.HAL_TIM_IC_CaptureCallback
                0x0000000008006c70       0x14 Drivers/STM32F3xx_HAL_Driver/Src/stm32f3xx_hal_tim.o
                0x0000000008006c70                HAL_TIM_IC_CaptureCallback
 .text.HAL_TIM_PWM_PulseFinishedCallback
                0x0000000008006c84       0x14 Drivers/STM32F3xx_HAL_Driver/Src/stm32f3xx_hal_tim.o
                0x0000000008006c84                HAL_TIM_PWM_PulseFinishedCallback
 .text.HAL_TIM_TriggerCallback
                0x0000000008006c98       0x14 Drivers/STM32F3xx_HAL_Driver/Src/stm32f3xx_hal_tim.o
                0x0000000008006c98                HAL_TIM_TriggerCallback
 .text.TIM_Base_SetConfig
                0x0000000008006cac      0x120 Drivers/STM32F3xx_HAL_Driver/Src/stm32f3xx_hal_tim.o
                0x0000000008006cac                TIM_Base_SetConfig
 .text.HAL_TIMEx_MasterConfigSynchronization
                0x0000000008006dcc      0x100 Drivers/STM32F3xx_HAL_Driver/Src/stm32f3xx_hal_tim_ex.o
                0x0000000008006dcc                HAL_TIMEx_MasterConfigSynchronization
 .text.HAL_TIMEx_CommutCallback
                0x0000000008006ecc       0x14 Drivers/STM32F3xx_HAL_Driver/Src/stm32f3xx_hal_tim_ex.o
                0x0000000008006ecc                HAL_TIMEx_CommutCallback
 .text.HAL_TIMEx_BreakCallback
                0x0000000008006ee0       0x14 Drivers/STM32F3xx_HAL_Driver/Src/stm32f3xx_hal_tim_ex.o
                0x0000000008006ee0                HAL_TIMEx_BreakCallback
 .text.HAL_TIMEx_Break2Callback
                0x0000000008006ef4       0x14 Drivers/STM32F3xx_HAL_Driver/Src/stm32f3xx_hal_tim_ex.o
                0x0000000008006ef4                HAL_TIMEx_Break2Callback
 .text.HAL_UART_Init
                0x0000000008006f08       0x9c Drivers/STM32F3xx_HAL_Driver/Src/stm32f3xx_hal_uart.o
                0x0000000008006f08                HAL_UART_Init
 .text.HAL_UART_Transmit
                0x0000000008006fa4      0x126 Drivers/STM32F3xx_HAL_Driver/Src/stm32f3xx_hal_uart.o
                0x0000000008006fa4                HAL_UART_Transmit
 *fill*         0x00000000080070ca        0x2 
 .text.HAL_UART_Transmit_IT
                0x00000000080070cc       0xb8 Drivers/STM32F3xx_HAL_Driver/Src/stm32f3xx_hal_uart.o
                0x00000000080070cc                HAL_UART_Transmit_IT
 .text.HAL_UART_Receive_IT
                0x0000000008007184      0x11c Drivers/STM32F3xx_HAL_Driver/Src/stm32f3xx_hal_uart.o
                0x0000000008007184                HAL_UART_Receive_IT
 .text.HAL_UART_Receive_DMA
                0x00000000080072a0      0x108 Drivers/STM32F3xx_HAL_Driver/Src/stm32f3xx_hal_uart.o
                0x00000000080072a0                HAL_UART_Receive_DMA
 .text.HAL_UART_IRQHandler
                0x00000000080073a8      0x28c Drivers/STM32F3xx_HAL_Driver/Src/stm32f3xx_hal_uart.o
                0x00000000080073a8                HAL_UART_IRQHandler
 .text.HAL_UART_TxCpltCallback
                0x0000000008007634       0x14 Drivers/STM32F3xx_HAL_Driver/Src/stm32f3xx_hal_uart.o
                0x0000000008007634                HAL_UART_TxCpltCallback
 .text.HAL_UART_RxHalfCpltCallback
                0x0000000008007648       0x14 Drivers/STM32F3xx_HAL_Driver/Src/stm32f3xx_hal_uart.o
                0x0000000008007648                HAL_UART_RxHalfCpltCallback
 .text.HAL_UART_ErrorCallback
                0x000000000800765c       0x14 Drivers/STM32F3xx_HAL_Driver/Src/stm32f3xx_hal_uart.o
                0x000000000800765c                HAL_UART_ErrorCallback
 .text.UART_SetConfig
                0x0000000008007670      0x434 Drivers/STM32F3xx_HAL_Driver/Src/stm32f3xx_hal_uart.o
                0x0000000008007670                UART_SetConfig
 .text.UART_AdvFeatureConfig
                0x0000000008007aa4      0x144 Drivers/STM32F3xx_HAL_Driver/Src/stm32f3xx_hal_uart.o
                0x0000000008007aa4                UART_AdvFeatureConfig
 .text.UART_CheckIdleState
                0x0000000008007be8       0x8a Drivers/STM32F3xx_HAL_Driver/Src/stm32f3xx_hal_uart.o
                0x0000000008007be8                UART_CheckIdleState
 .text.UART_WaitOnFlagUntilTimeout
                0x0000000008007c72       0xf6 Drivers/STM32F3xx_HAL_Driver/Src/stm32f3xx_hal_uart.o
                0x0000000008007c72                UART_WaitOnFlagUntilTimeout
 .text.UART_EndTxTransfer
                0x0000000008007d68       0x2a Drivers/STM32F3xx_HAL_Driver/Src/stm32f3xx_hal_uart.o
 .text.UART_EndRxTransfer
                0x0000000008007d92       0x40 Drivers/STM32F3xx_HAL_Driver/Src/stm32f3xx_hal_uart.o
 .text.UART_DMAReceiveCplt
                0x0000000008007dd2       0x62 Drivers/STM32F3xx_HAL_Driver/Src/stm32f3xx_hal_uart.o
 .text.UART_DMARxHalfCplt
                0x0000000008007e34       0x1c Drivers/STM32F3xx_HAL_Driver/Src/stm32f3xx_hal_uart.o
 .text.UART_DMAError
                0x0000000008007e50       0x78 Drivers/STM32F3xx_HAL_Driver/Src/stm32f3xx_hal_uart.o
 .text.UART_DMAAbortOnError
                0x0000000008007ec8       0x2c Drivers/STM32F3xx_HAL_Driver/Src/stm32f3xx_hal_uart.o
 .text.UART_TxISR_8BIT
                0x0000000008007ef4       0x74 Drivers/STM32F3xx_HAL_Driver/Src/stm32f3xx_hal_uart.o
 .text.UART_TxISR_16BIT
                0x0000000008007f68       0x7c Drivers/STM32F3xx_HAL_Driver/Src/stm32f3xx_hal_uart.o
 .text.UART_EndTransmit_IT
                0x0000000008007fe4       0x32 Drivers/STM32F3xx_HAL_Driver/Src/stm32f3xx_hal_uart.o
 .text.UART_RxISR_8BIT
                0x0000000008008016       0xa6 Drivers/STM32F3xx_HAL_Driver/Src/stm32f3xx_hal_uart.o
 .text.UART_RxISR_16BIT
                0x00000000080080bc       0xa6 Drivers/STM32F3xx_HAL_Driver/Src/stm32f3xx_hal_uart.o
 .text.HAL_UARTEx_WakeupCallback
                0x0000000008008162       0x14 Drivers/STM32F3xx_HAL_Driver/Src/stm32f3xx_hal_uart_ex.o
                0x0000000008008162                HAL_UARTEx_WakeupCallback
 .text.USB_DisableGlobalInt
                0x0000000008008176       0x36 Drivers/STM32F3xx_HAL_Driver/Src/stm32f3xx_ll_usb.o
                0x0000000008008176                USB_DisableGlobalInt
 .text.USB_DevInit
                0x00000000080081ac       0x42 Drivers/STM32F3xx_HAL_Driver/Src/stm32f3xx_ll_usb.o
                0x00000000080081ac                USB_DevInit
 *fill*         0x00000000080081ee        0x2 
 .text.__libc_init_array
                0x00000000080081f0       0x48 d:/programme/cubeide/stm32cubeide_1.3.0/stm32cubeide/plugins/com.st.stm32cube.ide.mcu.externaltools.gnu-tools-for-stm32.7-2018-q2-update.win32_1.0.0.201904181610/tools/bin/../lib/gcc/arm-none-eabi/7.3.1/../../../../arm-none-eabi/lib/thumb/v7e-m/fpv4-sp/hard\libc_nano.a(lib_a-init.o)
                0x00000000080081f0                __libc_init_array
 .text.memset   0x0000000008008238       0x10 d:/programme/cubeide/stm32cubeide_1.3.0/stm32cubeide/plugins/com.st.stm32cube.ide.mcu.externaltools.gnu-tools-for-stm32.7-2018-q2-update.win32_1.0.0.201904181610/tools/bin/../lib/gcc/arm-none-eabi/7.3.1/../../../../arm-none-eabi/lib/thumb/v7e-m/fpv4-sp/hard\libc_nano.a(lib_a-memset.o)
                0x0000000008008238                memset
 *(.glue_7)
 .glue_7        0x0000000008008248        0x0 linker stubs
 *(.glue_7t)
 .glue_7t       0x0000000008008248        0x0 linker stubs
 *(.eh_frame)
 .eh_frame      0x0000000008008248        0x0 d:/programme/cubeide/stm32cubeide_1.3.0/stm32cubeide/plugins/com.st.stm32cube.ide.mcu.externaltools.gnu-tools-for-stm32.7-2018-q2-update.win32_1.0.0.201904181610/tools/bin/../lib/gcc/arm-none-eabi/7.3.1/thumb/v7e-m/fpv4-sp/hard/crtbegin.o
 *(.init)
 .init          0x0000000008008248        0x4 d:/programme/cubeide/stm32cubeide_1.3.0/stm32cubeide/plugins/com.st.stm32cube.ide.mcu.externaltools.gnu-tools-for-stm32.7-2018-q2-update.win32_1.0.0.201904181610/tools/bin/../lib/gcc/arm-none-eabi/7.3.1/thumb/v7e-m/fpv4-sp/hard/crti.o
                0x0000000008008248                _init
 .init          0x000000000800824c        0x8 d:/programme/cubeide/stm32cubeide_1.3.0/stm32cubeide/plugins/com.st.stm32cube.ide.mcu.externaltools.gnu-tools-for-stm32.7-2018-q2-update.win32_1.0.0.201904181610/tools/bin/../lib/gcc/arm-none-eabi/7.3.1/thumb/v7e-m/fpv4-sp/hard/crtn.o
 *(.fini)
 .fini          0x0000000008008254        0x4 d:/programme/cubeide/stm32cubeide_1.3.0/stm32cubeide/plugins/com.st.stm32cube.ide.mcu.externaltools.gnu-tools-for-stm32.7-2018-q2-update.win32_1.0.0.201904181610/tools/bin/../lib/gcc/arm-none-eabi/7.3.1/thumb/v7e-m/fpv4-sp/hard/crti.o
                0x0000000008008254                _fini
 .fini          0x0000000008008258        0x8 d:/programme/cubeide/stm32cubeide_1.3.0/stm32cubeide/plugins/com.st.stm32cube.ide.mcu.externaltools.gnu-tools-for-stm32.7-2018-q2-update.win32_1.0.0.201904181610/tools/bin/../lib/gcc/arm-none-eabi/7.3.1/thumb/v7e-m/fpv4-sp/hard/crtn.o
                0x0000000008008260                . = ALIGN (0x4)
                0x0000000008008260                _etext = .

.vfp11_veneer   0x0000000008008260        0x0
 .vfp11_veneer  0x0000000008008260        0x0 linker stubs

.v4_bx          0x0000000008008260        0x0
 .v4_bx         0x0000000008008260        0x0 linker stubs

.iplt           0x0000000008008260        0x0
 .iplt          0x0000000008008260        0x0 d:/programme/cubeide/stm32cubeide_1.3.0/stm32cubeide/plugins/com.st.stm32cube.ide.mcu.externaltools.gnu-tools-for-stm32.7-2018-q2-update.win32_1.0.0.201904181610/tools/bin/../lib/gcc/arm-none-eabi/7.3.1/thumb/v7e-m/fpv4-sp/hard/crtbegin.o

.rodata         0x0000000008008260       0xb8
                0x0000000008008260                . = ALIGN (0x4)
 *(.rodata)
 *(.rodata*)
 .rodata.dispatch_table
                0x0000000008008260       0x28 Core/Src/command_parser/commands_parser.o
                0x0000000008008260                dispatch_table
 .rodata.full_state_machine
                0x0000000008008288       0x10 Core/Src/command_parser/commands_parser.o
                0x0000000008008288                full_state_machine
 .rodata.RPlidar_FSM
                0x0000000008008298       0x48 Core/Src/lidar/RPlidar.o
                0x0000000008008298                RPlidar_FSM
 .rodata.AHBPrescTable
                0x00000000080082e0       0x10 Core/Src/system_stm32f3xx.o
                0x00000000080082e0                AHBPrescTable
 .rodata.APBPrescTable
                0x00000000080082f0        0x8 Core/Src/system_stm32f3xx.o
                0x00000000080082f0                APBPrescTable
 .rodata.aPLLMULFactorTable
                0x00000000080082f8       0x10 Drivers/STM32F3xx_HAL_Driver/Src/stm32f3xx_hal_rcc.o
                0x00000000080082f8                aPLLMULFactorTable
 .rodata.aPredivFactorTable
                0x0000000008008308       0x10 Drivers/STM32F3xx_HAL_Driver/Src/stm32f3xx_hal_rcc.o
                0x0000000008008308                aPredivFactorTable
                0x0000000008008318                . = ALIGN (0x4)

.rel.dyn        0x0000000008008318        0x0
 .rel.iplt      0x0000000008008318        0x0 d:/programme/cubeide/stm32cubeide_1.3.0/stm32cubeide/plugins/com.st.stm32cube.ide.mcu.externaltools.gnu-tools-for-stm32.7-2018-q2-update.win32_1.0.0.201904181610/tools/bin/../lib/gcc/arm-none-eabi/7.3.1/thumb/v7e-m/fpv4-sp/hard/crtbegin.o

.ARM.extab      0x0000000008008318        0x0
                0x0000000008008318                . = ALIGN (0x4)
 *(.ARM.extab* .gnu.linkonce.armextab.*)
                0x0000000008008318                . = ALIGN (0x4)

.ARM            0x0000000008008318        0x0
                0x0000000008008318                . = ALIGN (0x4)
                0x0000000008008318                __exidx_start = .
 *(.ARM.exidx*)
                0x0000000008008318                __exidx_end = .
                0x0000000008008318                . = ALIGN (0x4)

.preinit_array  0x0000000008008318        0x0
                0x0000000008008318                . = ALIGN (0x4)
                0x0000000008008318                PROVIDE (__preinit_array_start = .)
 *(.preinit_array*)
                0x0000000008008318                PROVIDE (__preinit_array_end = .)
                0x0000000008008318                . = ALIGN (0x4)

.init_array     0x0000000008008318        0x4
                0x0000000008008318                . = ALIGN (0x4)
                0x0000000008008318                PROVIDE (__init_array_start = .)
 *(SORT_BY_NAME(.init_array.*))
 *(.init_array*)
 .init_array    0x0000000008008318        0x4 d:/programme/cubeide/stm32cubeide_1.3.0/stm32cubeide/plugins/com.st.stm32cube.ide.mcu.externaltools.gnu-tools-for-stm32.7-2018-q2-update.win32_1.0.0.201904181610/tools/bin/../lib/gcc/arm-none-eabi/7.3.1/thumb/v7e-m/fpv4-sp/hard/crtbegin.o
                0x000000000800831c                PROVIDE (__init_array_end = .)
                0x000000000800831c                . = ALIGN (0x4)

.fini_array     0x000000000800831c        0x4
                0x000000000800831c                . = ALIGN (0x4)
                [!provide]                        PROVIDE (__fini_array_start = .)
 *(SORT_BY_NAME(.fini_array.*))
 *(.fini_array*)
 .fini_array    0x000000000800831c        0x4 d:/programme/cubeide/stm32cubeide_1.3.0/stm32cubeide/plugins/com.st.stm32cube.ide.mcu.externaltools.gnu-tools-for-stm32.7-2018-q2-update.win32_1.0.0.201904181610/tools/bin/../lib/gcc/arm-none-eabi/7.3.1/thumb/v7e-m/fpv4-sp/hard/crtbegin.o
                [!provide]                        PROVIDE (__fini_array_end = .)
                0x0000000008008320                . = ALIGN (0x4)
                0x0000000008008320                _sidata = LOADADDR (.data)

.data           0x0000000020000000       0x30 load address 0x0000000008008320
                0x0000000020000000                . = ALIGN (0x4)
                0x0000000020000000                _sdata = .
 *(.data)
 *(.data*)
 .data.CMD_Parser_Log
                0x0000000020000000        0x1 Core/Src/command_parser/commands_parser.o
                0x0000000020000000                CMD_Parser_Log
 .data.previous_log.10134
                0x0000000020000001        0x1 Core/Src/command_parser/commands_parser.o
 *fill*         0x0000000020000002        0x2 
 .data.h_robot6900
                0x0000000020000004       0x10 Core/Src/main.o
                0x0000000020000004                h_robot6900
 .data.LEDs_set.9007
                0x0000000020000014       0x10 Core/Src/main.o
 .data.SystemCoreClock
                0x0000000020000024        0x4 Core/Src/system_stm32f3xx.o
                0x0000000020000024                SystemCoreClock
 .data.uwTickPrio
                0x0000000020000028        0x4 Drivers/STM32F3xx_HAL_Driver/Src/stm32f3xx_hal.o
                0x0000000020000028                uwTickPrio
 .data.uwTickFreq
                0x000000002000002c        0x1 Drivers/STM32F3xx_HAL_Driver/Src/stm32f3xx_hal.o
                0x000000002000002c                uwTickFreq
                0x0000000020000030                . = ALIGN (0x4)
 *fill*         0x000000002000002d        0x3 
                0x0000000020000030                _edata = .

.igot.plt       0x0000000020000030        0x0 load address 0x0000000008008350
 .igot.plt      0x0000000020000030        0x0 d:/programme/cubeide/stm32cubeide_1.3.0/stm32cubeide/plugins/com.st.stm32cube.ide.mcu.externaltools.gnu-tools-for-stm32.7-2018-q2-update.win32_1.0.0.201904181610/tools/bin/../lib/gcc/arm-none-eabi/7.3.1/thumb/v7e-m/fpv4-sp/hard/crtbegin.o
                0x0000000020000030                . = ALIGN (0x4)

.bss            0x0000000020000030     0x15b8 load address 0x0000000008008350
                0x0000000020000030                _sbss = .
                0x0000000020000030                __bss_start__ = _sbss
 *(.bss)
 .bss           0x0000000020000030       0x1c d:/programme/cubeide/stm32cubeide_1.3.0/stm32cubeide/plugins/com.st.stm32cube.ide.mcu.externaltools.gnu-tools-for-stm32.7-2018-q2-update.win32_1.0.0.201904181610/tools/bin/../lib/gcc/arm-none-eabi/7.3.1/thumb/v7e-m/fpv4-sp/hard/crtbegin.o
 *(.bss*)
 .bss.Rx_buffer
                0x000000002000004c        0x5 Core/Src/command_parser/commands_parser.o
                0x000000002000004c                Rx_buffer
 .bss.CMDs_buffer_size
                0x0000000020000051        0x1 Core/Src/command_parser/commands_parser.o
                0x0000000020000051                CMDs_buffer_size
 .bss.CMDs_buffer_full
                0x0000000020000052        0x1 Core/Src/command_parser/commands_parser.o
                0x0000000020000052                CMDs_buffer_full
 .bss.current_state
                0x0000000020000053        0x1 Core/Src/command_parser/commands_parser.o
                0x0000000020000053                current_state
 .bss.rx_last_ID
                0x0000000020000054        0x1 Core/Src/command_parser/commands_parser.o
                0x0000000020000054                rx_last_ID
 .bss.tx_last_ID
                0x0000000020000055        0x1 Core/Src/command_parser/commands_parser.o
                0x0000000020000055                tx_last_ID
 .bss.current_DMA_buffer
                0x0000000020000056        0x1 Core/Src/lidar/RPlidar.o
                0x0000000020000056                current_DMA_buffer
 .bss.buffer_ready
                0x0000000020000057        0x1 Core/Src/lidar/RPlidar.o
                0x0000000020000057                buffer_ready
 .bss.DMA_Rx    0x0000000020000058        0x1 Core/Src/lidar/RPlidar.o
                0x0000000020000058                DMA_Rx
 .bss.NVIC_Rx_next_size
                0x0000000020000059        0x1 Core/Src/lidar/RPlidar.o
                0x0000000020000059                NVIC_Rx_next_size
 .bss.DMA_next_packet_size
                0x000000002000005a        0x2 Core/Src/lidar/RPlidar.o
                0x000000002000005a                DMA_next_packet_size
 .bss.RPlidar_current_state
                0x000000002000005c        0x1 Core/Src/lidar/RPlidar.o
                0x000000002000005c                RPlidar_current_state
 .bss.RPlidar_Log
                0x000000002000005d        0x1 Core/Src/lidar/RPlidar.o
                0x000000002000005d                RPlidar_Log
 .bss.RPlidar_timeout
                0x000000002000005e        0x1 Core/Src/lidar/RPlidar.o
                0x000000002000005e                RPlidar_timeout
 .bss.RPlidar_hard_failure_cnt
                0x000000002000005f        0x1 Core/Src/lidar/RPlidar.o
                0x000000002000005f                RPlidar_hard_failure_cnt
 .bss.RPM_init  0x0000000020000060        0x1 Core/Src/lidar/RPlidar.o
                0x0000000020000060                RPM_init
 *fill*         0x0000000020000061        0x1 
 .bss.RPM_cnt_1ms
                0x0000000020000062        0x2 Core/Src/lidar/RPlidar.o
                0x0000000020000062                RPM_cnt_1ms
 .bss.RPlidar_RPM
                0x0000000020000064        0x4 Core/Src/lidar/RPlidar.o
                0x0000000020000064                RPlidar_RPM
 .bss.RPlidar_OUTPUT_cnt
                0x0000000020000068        0x2 Core/Src/lidar/RPlidar.o
                0x0000000020000068                RPlidar_OUTPUT_cnt
 *fill*         0x000000002000006a        0x2 
 .bss.RPlidar_descriptor_pck
                0x000000002000006c        0x7 Core/Src/lidar/RPlidar.o
                0x000000002000006c                RPlidar_descriptor_pck
 .bss.health_process_step.8936
                0x0000000020000073        0x1 Core/Src/lidar/RPlidar.o
 .bss.descriptor_received.8937
                0x0000000020000074        0x1 Core/Src/lidar/RPlidar.o
 .bss.reset_process_step.8949
                0x0000000020000075        0x1 Core/Src/lidar/RPlidar.o
 .bss.wait_cnt.8950
                0x0000000020000076        0x1 Core/Src/lidar/RPlidar.o
 .bss.reset_process_step.8960
                0x0000000020000077        0x1 Core/Src/lidar/RPlidar.o
 .bss.init_process_buffer.8970
                0x0000000020000078        0x1 Core/Src/lidar/RPlidar.o
 *fill*         0x0000000020000079        0x1 
 .bss.current_data_index.8976
                0x000000002000007a        0x2 Core/Src/lidar/RPlidar.o
 .bss.a_test    0x000000002000007c        0x2 Core/Src/main.o
                0x000000002000007c                a_test
 .bss.spi_driver_current_state
                0x000000002000007e        0x1 Core/Src/spi_handler/spi_handler.o
                0x000000002000007e                spi_driver_current_state
 .bss.spi_data_ready
                0x000000002000007f        0x1 Core/Src/spi_handler/spi_handler.o
                0x000000002000007f                spi_data_ready
 *(COMMON)
 COMMON         0x0000000020000080       0x40 Core/Src/command_parser/commands_parser.o
                0x0000000020000080                _huart5
                0x0000000020000084                _hcrc
                0x0000000020000088                Tx_buffer
                0x00000000200000a8                CMDs_buffer
 COMMON         0x00000000200000c0      0xf44 Core/Src/lidar/RPlidar.o
                0x00000000200000c0                _huart
                0x00000000200000c4                RP_Rx_buffer
                0x00000000200001c0                _htim7
                0x00000000200001c4                RPlidar_data
 COMMON         0x0000000020001004      0x5bc Core/Src/main.o
                0x0000000020001004                hdma_uart4_rx
                0x0000000020001048                hi2c1
                0x0000000020001094                hiwdg
                0x00000000200010a4                hcrc
                0x00000000200010c8                huart5
                0x0000000020001148                hadc1
                0x0000000020001198                RPlidar
                0x00000000200011a4                huart4
                0x0000000020001224                hspi1
                0x0000000020001288                hpcd_USB_FS
                0x0000000020001574                robot_state
                0x0000000020001580                htim7
 COMMON         0x00000000200015c0       0x24 Core/Src/spi_handler/spi_handler.o
                0x00000000200015c0                _hspi1
                0x00000000200015c4                fpga_data
                0x00000000200015d4                acc_data
 COMMON         0x00000000200015e4        0x4 Drivers/STM32F3xx_HAL_Driver/Src/stm32f3xx_hal.o
                0x00000000200015e4                uwTick
                0x00000000200015e8                . = ALIGN (0x4)
                0x00000000200015e8                _ebss = .
                0x00000000200015e8                __bss_end__ = _ebss

._user_heap_stack
                0x00000000200015e8      0x600 load address 0x0000000008008350
                0x00000000200015e8                . = ALIGN (0x8)
                0x00000000200015e8                PROVIDE (end = .)
                [!provide]                        PROVIDE (_end = .)
                0x00000000200017e8                . = (. + _Min_Heap_Size)
 *fill*         0x00000000200015e8      0x200 
                0x0000000020001be8                . = (. + _Min_Stack_Size)
 *fill*         0x00000000200017e8      0x400 
                0x0000000020001be8                . = ALIGN (0x8)

/DISCARD/
 libc.a(*)
 libm.a(*)
 libgcc.a(*)

.ARM.attributes
                0x0000000000000000       0x30
 *(.ARM.attributes)
 .ARM.attributes
                0x0000000000000000       0x22 d:/programme/cubeide/stm32cubeide_1.3.0/stm32cubeide/plugins/com.st.stm32cube.ide.mcu.externaltools.gnu-tools-for-stm32.7-2018-q2-update.win32_1.0.0.201904181610/tools/bin/../lib/gcc/arm-none-eabi/7.3.1/thumb/v7e-m/fpv4-sp/hard/crti.o
 .ARM.attributes
                0x0000000000000022       0x34 d:/programme/cubeide/stm32cubeide_1.3.0/stm32cubeide/plugins/com.st.stm32cube.ide.mcu.externaltools.gnu-tools-for-stm32.7-2018-q2-update.win32_1.0.0.201904181610/tools/bin/../lib/gcc/arm-none-eabi/7.3.1/thumb/v7e-m/fpv4-sp/hard/crtbegin.o
 .ARM.attributes
                0x0000000000000056       0x39 Core/Src/command_parser/commands.o
 .ARM.attributes
                0x000000000000008f       0x39 Core/Src/command_parser/commands_parser.o
 .ARM.attributes
                0x00000000000000c8       0x39 Core/Src/lidar/RPlidar.o
 .ARM.attributes
                0x0000000000000101       0x39 Core/Src/main.o
 .ARM.attributes
                0x000000000000013a       0x39 Core/Src/stm32f3xx_hal_msp.o
 .ARM.attributes
                0x0000000000000173       0x39 Core/Src/stm32f3xx_it.o
 .ARM.attributes
                0x00000000000001ac       0x39 Core/Src/system_stm32f3xx.o
 .ARM.attributes
                0x00000000000001e5       0x39 Core/Src/spi_handler/spi_handler.o
 .ARM.attributes
                0x000000000000021e       0x21 Core/Startup/startup_stm32f303vctx.o
 .ARM.attributes
                0x000000000000023f       0x39 Drivers/STM32F3xx_HAL_Driver/Src/stm32f3xx_hal.o
 .ARM.attributes
                0x0000000000000278       0x39 Drivers/STM32F3xx_HAL_Driver/Src/stm32f3xx_hal_adc_ex.o
 .ARM.attributes
                0x00000000000002b1       0x39 Drivers/STM32F3xx_HAL_Driver/Src/stm32f3xx_hal_cortex.o
 .ARM.attributes
                0x00000000000002ea       0x39 Drivers/STM32F3xx_HAL_Driver/Src/stm32f3xx_hal_crc.o
 .ARM.attributes
                0x0000000000000323       0x39 Drivers/STM32F3xx_HAL_Driver/Src/stm32f3xx_hal_crc_ex.o
 .ARM.attributes
                0x000000000000035c       0x39 Drivers/STM32F3xx_HAL_Driver/Src/stm32f3xx_hal_dma.o
 .ARM.attributes
                0x0000000000000395       0x39 Drivers/STM32F3xx_HAL_Driver/Src/stm32f3xx_hal_gpio.o
 .ARM.attributes
                0x00000000000003ce       0x39 Drivers/STM32F3xx_HAL_Driver/Src/stm32f3xx_hal_i2c.o
 .ARM.attributes
                0x0000000000000407       0x39 Drivers/STM32F3xx_HAL_Driver/Src/stm32f3xx_hal_i2c_ex.o
 .ARM.attributes
                0x0000000000000440       0x39 Drivers/STM32F3xx_HAL_Driver/Src/stm32f3xx_hal_pcd.o
 .ARM.attributes
                0x0000000000000479       0x39 Drivers/STM32F3xx_HAL_Driver/Src/stm32f3xx_hal_rcc.o
 .ARM.attributes
                0x00000000000004b2       0x39 Drivers/STM32F3xx_HAL_Driver/Src/stm32f3xx_hal_rcc_ex.o
 .ARM.attributes
                0x00000000000004eb       0x39 Drivers/STM32F3xx_HAL_Driver/Src/stm32f3xx_hal_spi.o
 .ARM.attributes
                0x0000000000000524       0x39 Drivers/STM32F3xx_HAL_Driver/Src/stm32f3xx_hal_tim.o
 .ARM.attributes
                0x000000000000055d       0x39 Drivers/STM32F3xx_HAL_Driver/Src/stm32f3xx_hal_tim_ex.o
 .ARM.attributes
                0x0000000000000596       0x39 Drivers/STM32F3xx_HAL_Driver/Src/stm32f3xx_hal_uart.o
 .ARM.attributes
                0x00000000000005cf       0x39 Drivers/STM32F3xx_HAL_Driver/Src/stm32f3xx_hal_uart_ex.o
 .ARM.attributes
                0x0000000000000608       0x39 Drivers/STM32F3xx_HAL_Driver/Src/stm32f3xx_ll_usb.o
 .ARM.attributes
                0x0000000000000641       0x34 d:/programme/cubeide/stm32cubeide_1.3.0/stm32cubeide/plugins/com.st.stm32cube.ide.mcu.externaltools.gnu-tools-for-stm32.7-2018-q2-update.win32_1.0.0.201904181610/tools/bin/../lib/gcc/arm-none-eabi/7.3.1/../../../../arm-none-eabi/lib/thumb/v7e-m/fpv4-sp/hard\libc_nano.a(lib_a-init.o)
 .ARM.attributes
                0x0000000000000675       0x34 d:/programme/cubeide/stm32cubeide_1.3.0/stm32cubeide/plugins/com.st.stm32cube.ide.mcu.externaltools.gnu-tools-for-stm32.7-2018-q2-update.win32_1.0.0.201904181610/tools/bin/../lib/gcc/arm-none-eabi/7.3.1/../../../../arm-none-eabi/lib/thumb/v7e-m/fpv4-sp/hard\libc_nano.a(lib_a-memset.o)
 .ARM.attributes
                0x00000000000006a9       0x22 d:/programme/cubeide/stm32cubeide_1.3.0/stm32cubeide/plugins/com.st.stm32cube.ide.mcu.externaltools.gnu-tools-for-stm32.7-2018-q2-update.win32_1.0.0.201904181610/tools/bin/../lib/gcc/arm-none-eabi/7.3.1/thumb/v7e-m/fpv4-sp/hard\libgcc.a(_arm_addsubdf3.o)
 .ARM.attributes
                0x00000000000006cb       0x22 d:/programme/cubeide/stm32cubeide_1.3.0/stm32cubeide/plugins/com.st.stm32cube.ide.mcu.externaltools.gnu-tools-for-stm32.7-2018-q2-update.win32_1.0.0.201904181610/tools/bin/../lib/gcc/arm-none-eabi/7.3.1/thumb/v7e-m/fpv4-sp/hard\libgcc.a(_arm_muldivdf3.o)
 .ARM.attributes
                0x00000000000006ed       0x22 d:/programme/cubeide/stm32cubeide_1.3.0/stm32cubeide/plugins/com.st.stm32cube.ide.mcu.externaltools.gnu-tools-for-stm32.7-2018-q2-update.win32_1.0.0.201904181610/tools/bin/../lib/gcc/arm-none-eabi/7.3.1/thumb/v7e-m/fpv4-sp/hard\libgcc.a(_arm_truncdfsf2.o)
 .ARM.attributes
                0x000000000000070f       0x22 d:/programme/cubeide/stm32cubeide_1.3.0/stm32cubeide/plugins/com.st.stm32cube.ide.mcu.externaltools.gnu-tools-for-stm32.7-2018-q2-update.win32_1.0.0.201904181610/tools/bin/../lib/gcc/arm-none-eabi/7.3.1/thumb/v7e-m/fpv4-sp/hard/crtn.o
OUTPUT(robot_6900_firmware.elf elf32-littlearm)

.debug_info     0x0000000000000000    0x1b378
 .debug_info    0x0000000000000000      0x5b1 Core/Src/command_parser/commands.o
 .debug_info    0x00000000000005b1     0x19e6 Core/Src/command_parser/commands_parser.o
 .debug_info    0x0000000000001f97     0x150f Core/Src/lidar/RPlidar.o
 .debug_info    0x00000000000034a6     0x24fa Core/Src/main.o
 .debug_info    0x00000000000059a0     0x1f5f Core/Src/stm32f3xx_hal_msp.o
 .debug_info    0x00000000000078ff      0xcc3 Core/Src/stm32f3xx_it.o
 .debug_info    0x00000000000085c2      0x45c Core/Src/system_stm32f3xx.o
 .debug_info    0x0000000000008a1e      0x908 Core/Src/spi_handler/spi_handler.o
 .debug_info    0x0000000000009326       0x22 Core/Startup/startup_stm32f303vctx.o
 .debug_info    0x0000000000009348      0x7e2 Drivers/STM32F3xx_HAL_Driver/Src/stm32f3xx_hal.o
 .debug_info    0x0000000000009b2a     0x1571 Drivers/STM32F3xx_HAL_Driver/Src/stm32f3xx_hal_adc_ex.o
 .debug_info    0x000000000000b09b      0xd99 Drivers/STM32F3xx_HAL_Driver/Src/stm32f3xx_hal_cortex.o
 .debug_info    0x000000000000be34      0x5df Drivers/STM32F3xx_HAL_Driver/Src/stm32f3xx_hal_crc.o
 .debug_info    0x000000000000c413      0x429 Drivers/STM32F3xx_HAL_Driver/Src/stm32f3xx_hal_crc_ex.o
 .debug_info    0x000000000000c83c      0x7cb Drivers/STM32F3xx_HAL_Driver/Src/stm32f3xx_hal_dma.o
 .debug_info    0x000000000000d007      0x70b Drivers/STM32F3xx_HAL_Driver/Src/stm32f3xx_hal_gpio.o
 .debug_info    0x000000000000d712     0x1fe5 Drivers/STM32F3xx_HAL_Driver/Src/stm32f3xx_hal_i2c.o
 .debug_info    0x000000000000f6f7      0x8de Drivers/STM32F3xx_HAL_Driver/Src/stm32f3xx_hal_i2c_ex.o
 .debug_info    0x000000000000ffd5     0x124b Drivers/STM32F3xx_HAL_Driver/Src/stm32f3xx_hal_pcd.o
 .debug_info    0x0000000000011220     0x180f Drivers/STM32F3xx_HAL_Driver/Src/stm32f3xx_hal_rcc.o
 .debug_info    0x0000000000012a2f      0x6b7 Drivers/STM32F3xx_HAL_Driver/Src/stm32f3xx_hal_rcc_ex.o
 .debug_info    0x00000000000130e6     0x1625 Drivers/STM32F3xx_HAL_Driver/Src/stm32f3xx_hal_spi.o
 .debug_info    0x000000000001470b     0x2648 Drivers/STM32F3xx_HAL_Driver/Src/stm32f3xx_hal_tim.o
 .debug_info    0x0000000000016d53     0x11d7 Drivers/STM32F3xx_HAL_Driver/Src/stm32f3xx_hal_tim_ex.o
 .debug_info    0x0000000000017f2a     0x1592 Drivers/STM32F3xx_HAL_Driver/Src/stm32f3xx_hal_uart.o
 .debug_info    0x00000000000194bc      0x89e Drivers/STM32F3xx_HAL_Driver/Src/stm32f3xx_hal_uart_ex.o
 .debug_info    0x0000000000019d5a     0x161e Drivers/STM32F3xx_HAL_Driver/Src/stm32f3xx_ll_usb.o

.debug_abbrev   0x0000000000000000     0x359c
 .debug_abbrev  0x0000000000000000      0x15a Core/Src/command_parser/commands.o
 .debug_abbrev  0x000000000000015a      0x2ee Core/Src/command_parser/commands_parser.o
 .debug_abbrev  0x0000000000000448      0x2a4 Core/Src/lidar/RPlidar.o
 .debug_abbrev  0x00000000000006ec      0x289 Core/Src/main.o
 .debug_abbrev  0x0000000000000975      0x21f Core/Src/stm32f3xx_hal_msp.o
 .debug_abbrev  0x0000000000000b94      0x181 Core/Src/stm32f3xx_it.o
 .debug_abbrev  0x0000000000000d15      0x12b Core/Src/system_stm32f3xx.o
 .debug_abbrev  0x0000000000000e40      0x1df Core/Src/spi_handler/spi_handler.o
 .debug_abbrev  0x000000000000101f       0x12 Core/Startup/startup_stm32f303vctx.o
 .debug_abbrev  0x0000000000001031      0x1c7 Drivers/STM32F3xx_HAL_Driver/Src/stm32f3xx_hal.o
 .debug_abbrev  0x00000000000011f8      0x225 Drivers/STM32F3xx_HAL_Driver/Src/stm32f3xx_hal_adc_ex.o
 .debug_abbrev  0x000000000000141d      0x2fa Drivers/STM32F3xx_HAL_Driver/Src/stm32f3xx_hal_cortex.o
 .debug_abbrev  0x0000000000001717      0x1d1 Drivers/STM32F3xx_HAL_Driver/Src/stm32f3xx_hal_crc.o
 .debug_abbrev  0x00000000000018e8      0x165 Drivers/STM32F3xx_HAL_Driver/Src/stm32f3xx_hal_crc_ex.o
 .debug_abbrev  0x0000000000001a4d      0x1fe Drivers/STM32F3xx_HAL_Driver/Src/stm32f3xx_hal_dma.o
 .debug_abbrev  0x0000000000001c4b      0x1c0 Drivers/STM32F3xx_HAL_Driver/Src/stm32f3xx_hal_gpio.o
 .debug_abbrev  0x0000000000001e0b      0x22a Drivers/STM32F3xx_HAL_Driver/Src/stm32f3xx_hal_i2c.o
 .debug_abbrev  0x0000000000002035      0x1b9 Drivers/STM32F3xx_HAL_Driver/Src/stm32f3xx_hal_i2c_ex.o
 .debug_abbrev  0x00000000000021ee      0x282 Drivers/STM32F3xx_HAL_Driver/Src/stm32f3xx_hal_pcd.o
 .debug_abbrev  0x0000000000002470      0x28c Drivers/STM32F3xx_HAL_Driver/Src/stm32f3xx_hal_rcc.o
 .debug_abbrev  0x00000000000026fc      0x219 Drivers/STM32F3xx_HAL_Driver/Src/stm32f3xx_hal_rcc_ex.o
 .debug_abbrev  0x0000000000002915      0x228 Drivers/STM32F3xx_HAL_Driver/Src/stm32f3xx_hal_spi.o
 .debug_abbrev  0x0000000000002b3d      0x230 Drivers/STM32F3xx_HAL_Driver/Src/stm32f3xx_hal_tim.o
 .debug_abbrev  0x0000000000002d6d      0x21e Drivers/STM32F3xx_HAL_Driver/Src/stm32f3xx_hal_tim_ex.o
 .debug_abbrev  0x0000000000002f8b      0x205 Drivers/STM32F3xx_HAL_Driver/Src/stm32f3xx_hal_uart.o
 .debug_abbrev  0x0000000000003190      0x1e2 Drivers/STM32F3xx_HAL_Driver/Src/stm32f3xx_hal_uart_ex.o
 .debug_abbrev  0x0000000000003372      0x22a Drivers/STM32F3xx_HAL_Driver/Src/stm32f3xx_ll_usb.o

.debug_aranges  0x0000000000000000     0x1758
 .debug_aranges
                0x0000000000000000       0x40 Core/Src/command_parser/commands.o
 .debug_aranges
                0x0000000000000040       0x70 Core/Src/command_parser/commands_parser.o
 .debug_aranges
                0x00000000000000b0       0xa8 Core/Src/lidar/RPlidar.o
 .debug_aranges
                0x0000000000000158       0xa0 Core/Src/main.o
 .debug_aranges
                0x00000000000001f8       0x90 Core/Src/stm32f3xx_hal_msp.o
 .debug_aranges
                0x0000000000000288       0x88 Core/Src/stm32f3xx_it.o
 .debug_aranges
                0x0000000000000310       0x28 Core/Src/system_stm32f3xx.o
 .debug_aranges
                0x0000000000000338       0x48 Core/Src/spi_handler/spi_handler.o
 .debug_aranges
                0x0000000000000380       0x28 Core/Startup/startup_stm32f303vctx.o
 .debug_aranges
                0x00000000000003a8       0xe0 Drivers/STM32F3xx_HAL_Driver/Src/stm32f3xx_hal.o
 .debug_aranges
                0x0000000000000488      0x168 Drivers/STM32F3xx_HAL_Driver/Src/stm32f3xx_hal_adc_ex.o
 .debug_aranges
                0x00000000000005f0      0x118 Drivers/STM32F3xx_HAL_Driver/Src/stm32f3xx_hal_cortex.o
 .debug_aranges
                0x0000000000000708       0x60 Drivers/STM32F3xx_HAL_Driver/Src/stm32f3xx_hal_crc.o
 .debug_aranges
                0x0000000000000768       0x30 Drivers/STM32F3xx_HAL_Driver/Src/stm32f3xx_hal_crc_ex.o
 .debug_aranges
                0x0000000000000798       0x88 Drivers/STM32F3xx_HAL_Driver/Src/stm32f3xx_hal_dma.o
 .debug_aranges
                0x0000000000000820       0x58 Drivers/STM32F3xx_HAL_Driver/Src/stm32f3xx_hal_gpio.o
 .debug_aranges
                0x0000000000000878      0x290 Drivers/STM32F3xx_HAL_Driver/Src/stm32f3xx_hal_i2c.o
 .debug_aranges
                0x0000000000000b08       0x48 Drivers/STM32F3xx_HAL_Driver/Src/stm32f3xx_hal_i2c_ex.o
 .debug_aranges
                0x0000000000000b50      0x138 Drivers/STM32F3xx_HAL_Driver/Src/stm32f3xx_hal_pcd.o
 .debug_aranges
                0x0000000000000c88       0x88 Drivers/STM32F3xx_HAL_Driver/Src/stm32f3xx_hal_rcc.o
 .debug_aranges
                0x0000000000000d10       0x38 Drivers/STM32F3xx_HAL_Driver/Src/stm32f3xx_hal_rcc_ex.o
 .debug_aranges
                0x0000000000000d48      0x1d8 Drivers/STM32F3xx_HAL_Driver/Src/stm32f3xx_hal_spi.o
 .debug_aranges
                0x0000000000000f20      0x3c8 Drivers/STM32F3xx_HAL_Driver/Src/stm32f3xx_hal_tim.o
 .debug_aranges
                0x00000000000012e8      0x160 Drivers/STM32F3xx_HAL_Driver/Src/stm32f3xx_hal_tim_ex.o
 .debug_aranges
                0x0000000000001448      0x210 Drivers/STM32F3xx_HAL_Driver/Src/stm32f3xx_hal_uart.o
 .debug_aranges
                0x0000000000001658       0x50 Drivers/STM32F3xx_HAL_Driver/Src/stm32f3xx_hal_uart_ex.o
 .debug_aranges
                0x00000000000016a8       0xb0 Drivers/STM32F3xx_HAL_Driver/Src/stm32f3xx_ll_usb.o

.debug_ranges   0x0000000000000000     0x15b0
 .debug_ranges  0x0000000000000000       0x30 Core/Src/command_parser/commands.o
 .debug_ranges  0x0000000000000030       0x60 Core/Src/command_parser/commands_parser.o
 .debug_ranges  0x0000000000000090       0x98 Core/Src/lidar/RPlidar.o
 .debug_ranges  0x0000000000000128       0x90 Core/Src/main.o
 .debug_ranges  0x00000000000001b8       0x80 Core/Src/stm32f3xx_hal_msp.o
 .debug_ranges  0x0000000000000238       0x78 Core/Src/stm32f3xx_it.o
 .debug_ranges  0x00000000000002b0       0x18 Core/Src/system_stm32f3xx.o
 .debug_ranges  0x00000000000002c8       0x38 Core/Src/spi_handler/spi_handler.o
 .debug_ranges  0x0000000000000300       0x20 Core/Startup/startup_stm32f303vctx.o
 .debug_ranges  0x0000000000000320       0xd0 Drivers/STM32F3xx_HAL_Driver/Src/stm32f3xx_hal.o
 .debug_ranges  0x00000000000003f0      0x158 Drivers/STM32F3xx_HAL_Driver/Src/stm32f3xx_hal_adc_ex.o
 .debug_ranges  0x0000000000000548      0x108 Drivers/STM32F3xx_HAL_Driver/Src/stm32f3xx_hal_cortex.o
 .debug_ranges  0x0000000000000650       0x50 Drivers/STM32F3xx_HAL_Driver/Src/stm32f3xx_hal_crc.o
 .debug_ranges  0x00000000000006a0       0x20 Drivers/STM32F3xx_HAL_Driver/Src/stm32f3xx_hal_crc_ex.o
 .debug_ranges  0x00000000000006c0       0x78 Drivers/STM32F3xx_HAL_Driver/Src/stm32f3xx_hal_dma.o
 .debug_ranges  0x0000000000000738       0x48 Drivers/STM32F3xx_HAL_Driver/Src/stm32f3xx_hal_gpio.o
 .debug_ranges  0x0000000000000780      0x280 Drivers/STM32F3xx_HAL_Driver/Src/stm32f3xx_hal_i2c.o
 .debug_ranges  0x0000000000000a00       0x38 Drivers/STM32F3xx_HAL_Driver/Src/stm32f3xx_hal_i2c_ex.o
 .debug_ranges  0x0000000000000a38      0x128 Drivers/STM32F3xx_HAL_Driver/Src/stm32f3xx_hal_pcd.o
 .debug_ranges  0x0000000000000b60       0x78 Drivers/STM32F3xx_HAL_Driver/Src/stm32f3xx_hal_rcc.o
 .debug_ranges  0x0000000000000bd8       0x28 Drivers/STM32F3xx_HAL_Driver/Src/stm32f3xx_hal_rcc_ex.o
 .debug_ranges  0x0000000000000c00      0x1c8 Drivers/STM32F3xx_HAL_Driver/Src/stm32f3xx_hal_spi.o
 .debug_ranges  0x0000000000000dc8      0x3b8 Drivers/STM32F3xx_HAL_Driver/Src/stm32f3xx_hal_tim.o
 .debug_ranges  0x0000000000001180      0x150 Drivers/STM32F3xx_HAL_Driver/Src/stm32f3xx_hal_tim_ex.o
 .debug_ranges  0x00000000000012d0      0x200 Drivers/STM32F3xx_HAL_Driver/Src/stm32f3xx_hal_uart.o
 .debug_ranges  0x00000000000014d0       0x40 Drivers/STM32F3xx_HAL_Driver/Src/stm32f3xx_hal_uart_ex.o
 .debug_ranges  0x0000000000001510       0xa0 Drivers/STM32F3xx_HAL_Driver/Src/stm32f3xx_ll_usb.o

.debug_macro    0x0000000000000000    0x1e227
 .debug_macro   0x0000000000000000      0x257 Core/Src/command_parser/commands.o
 .debug_macro   0x0000000000000257      0xa5a Core/Src/command_parser/commands.o
 .debug_macro   0x0000000000000cb1      0x175 Core/Src/command_parser/commands.o
 .debug_macro   0x0000000000000e26       0x2e Core/Src/command_parser/commands.o
 .debug_macro   0x0000000000000e54       0x28 Core/Src/command_parser/commands.o
 .debug_macro   0x0000000000000e7c       0x22 Core/Src/command_parser/commands.o
 .debug_macro   0x0000000000000e9e       0x8e Core/Src/command_parser/commands.o
 .debug_macro   0x0000000000000f2c       0x51 Core/Src/command_parser/commands.o
 .debug_macro   0x0000000000000f7d       0xef Core/Src/command_parser/commands.o
 .debug_macro   0x000000000000106c       0x6a Core/Src/command_parser/commands.o
 .debug_macro   0x00000000000010d6      0x1df Core/Src/command_parser/commands.o
 .debug_macro   0x00000000000012b5       0x1c Core/Src/command_parser/commands.o
 .debug_macro   0x00000000000012d1       0x22 Core/Src/command_parser/commands.o
 .debug_macro   0x00000000000012f3       0xdf Core/Src/command_parser/commands.o
 .debug_macro   0x00000000000013d2     0x102d Core/Src/command_parser/commands.o
 .debug_macro   0x00000000000023ff      0x11f Core/Src/command_parser/commands.o
 .debug_macro   0x000000000000251e    0x12a33 Core/Src/command_parser/commands.o
 .debug_macro   0x0000000000014f51       0x43 Core/Src/command_parser/commands.o
 .debug_macro   0x0000000000014f94      0x174 Core/Src/command_parser/commands.o
 .debug_macro   0x0000000000015108       0x53 Core/Src/command_parser/commands.o
 .debug_macro   0x000000000001515b      0x962 Core/Src/command_parser/commands.o
 .debug_macro   0x0000000000015abd      0x5fe Core/Src/command_parser/commands.o
 .debug_macro   0x00000000000160bb      0x12f Core/Src/command_parser/commands.o
 .debug_macro   0x00000000000161ea      0x1fb Core/Src/command_parser/commands.o
 .debug_macro   0x00000000000163e5      0x1dc Core/Src/command_parser/commands.o
 .debug_macro   0x00000000000165c1      0x1bc Core/Src/command_parser/commands.o
 .debug_macro   0x000000000001677d       0x30 Core/Src/command_parser/commands.o
 .debug_macro   0x00000000000167ad       0x3c Core/Src/command_parser/commands.o
 .debug_macro   0x00000000000167e9      0x236 Core/Src/command_parser/commands.o
 .debug_macro   0x0000000000016a1f      0x9b1 Core/Src/command_parser/commands.o
 .debug_macro   0x00000000000173d0       0x77 Core/Src/command_parser/commands.o
 .debug_macro   0x0000000000017447       0xd5 Core/Src/command_parser/commands.o
 .debug_macro   0x000000000001751c       0x4c Core/Src/command_parser/commands.o
 .debug_macro   0x0000000000017568       0xc5 Core/Src/command_parser/commands.o
 .debug_macro   0x000000000001762d      0x21d Core/Src/command_parser/commands.o
 .debug_macro   0x000000000001784a      0x22c Core/Src/command_parser/commands.o
 .debug_macro   0x0000000000017a76       0x5b Core/Src/command_parser/commands.o
 .debug_macro   0x0000000000017ad1       0xa5 Core/Src/command_parser/commands.o
 .debug_macro   0x0000000000017b76       0x85 Core/Src/command_parser/commands.o
 .debug_macro   0x0000000000017bfb       0x65 Core/Src/command_parser/commands.o
 .debug_macro   0x0000000000017c60      0x249 Core/Src/command_parser/commands.o
 .debug_macro   0x0000000000017ea9       0x81 Core/Src/command_parser/commands.o
 .debug_macro   0x0000000000017f2a       0xd3 Core/Src/command_parser/commands.o
 .debug_macro   0x0000000000017ffd      0x2fe Core/Src/command_parser/commands.o
 .debug_macro   0x00000000000182fb      0x9e9 Core/Src/command_parser/commands.o
 .debug_macro   0x0000000000018ce4       0x89 Core/Src/command_parser/commands.o
 .debug_macro   0x0000000000018d6d      0x589 Core/Src/command_parser/commands.o
 .debug_macro   0x00000000000192f6       0x3e Core/Src/command_parser/commands.o
 .debug_macro   0x0000000000019334      0x275 Core/Src/command_parser/commands.o
 .debug_macro   0x00000000000195a9       0x6a Core/Src/command_parser/commands.o
 .debug_macro   0x0000000000019613      0x3fb Core/Src/command_parser/commands_parser.o
 .debug_macro   0x0000000000019a0e      0x19d Core/Src/command_parser/commands_parser.o
 .debug_macro   0x0000000000019bab       0x1c Core/Src/command_parser/commands_parser.o
 .debug_macro   0x0000000000019bc7       0x46 Core/Src/command_parser/commands_parser.o
 .debug_macro   0x0000000000019c0d       0x18 Core/Src/command_parser/commands_parser.o
 .debug_macro   0x0000000000019c25       0x3c Core/Src/command_parser/commands_parser.o
 .debug_macro   0x0000000000019c61       0x34 Core/Src/command_parser/commands_parser.o
 .debug_macro   0x0000000000019c95       0x52 Core/Src/command_parser/commands_parser.o
 .debug_macro   0x0000000000019ce7       0x1f Core/Src/command_parser/commands_parser.o
 .debug_macro   0x0000000000019d06       0x43 Core/Src/command_parser/commands_parser.o
 .debug_macro   0x0000000000019d49       0x20 Core/Src/command_parser/commands_parser.o
 .debug_macro   0x0000000000019d69      0x1a3 Core/Src/command_parser/commands_parser.o
 .debug_macro   0x0000000000019f0c      0x32a Core/Src/command_parser/commands_parser.o
 .debug_macro   0x000000000001a236       0x10 Core/Src/command_parser/commands_parser.o
 .debug_macro   0x000000000001a246       0x35 Core/Src/command_parser/commands_parser.o
 .debug_macro   0x000000000001a27b       0x20 Core/Src/command_parser/commands_parser.o
 .debug_macro   0x000000000001a29b       0x1c Core/Src/command_parser/commands_parser.o
 .debug_macro   0x000000000001a2b7       0x10 Core/Src/command_parser/commands_parser.o
 .debug_macro   0x000000000001a2c7       0x10 Core/Src/command_parser/commands_parser.o
 .debug_macro   0x000000000001a2d7       0x1c Core/Src/command_parser/commands_parser.o
 .debug_macro   0x000000000001a2f3       0x52 Core/Src/command_parser/commands_parser.o
 .debug_macro   0x000000000001a345       0x40 Core/Src/command_parser/commands_parser.o
 .debug_macro   0x000000000001a385       0x10 Core/Src/command_parser/commands_parser.o
 .debug_macro   0x000000000001a395       0x40 Core/Src/command_parser/commands_parser.o
 .debug_macro   0x000000000001a3d5       0xd7 Core/Src/command_parser/commands_parser.o
 .debug_macro   0x000000000001a4ac       0x1c Core/Src/command_parser/commands_parser.o
 .debug_macro   0x000000000001a4c8       0x3d Core/Src/command_parser/commands_parser.o
 .debug_macro   0x000000000001a505       0x16 Core/Src/command_parser/commands_parser.o
 .debug_macro   0x000000000001a51b      0x145 Core/Src/command_parser/commands_parser.o
 .debug_macro   0x000000000001a660      0x2ae Core/Src/lidar/RPlidar.o
 .debug_macro   0x000000000001a90e       0xa6 Core/Src/lidar/RPlidar.o
 .debug_macro   0x000000000001a9b4      0x29f Core/Src/main.o
 .debug_macro   0x000000000001ac53       0xac Core/Src/main.o
 .debug_macro   0x000000000001acff       0x40 Core/Src/main.o
 .debug_macro   0x000000000001ad3f      0x24d Core/Src/stm32f3xx_hal_msp.o
 .debug_macro   0x000000000001af8c      0x257 Core/Src/stm32f3xx_it.o
 .debug_macro   0x000000000001b1e3      0x244 Core/Src/system_stm32f3xx.o
 .debug_macro   0x000000000001b427      0x260 Core/Src/spi_handler/spi_handler.o
 .debug_macro   0x000000000001b687      0x1a3 Core/Src/spi_handler/spi_handler.o
 .debug_macro   0x000000000001b82a      0x262 Drivers/STM32F3xx_HAL_Driver/Src/stm32f3xx_hal.o
 .debug_macro   0x000000000001ba8c      0x268 Drivers/STM32F3xx_HAL_Driver/Src/stm32f3xx_hal_adc_ex.o
 .debug_macro   0x000000000001bcf4      0x23e Drivers/STM32F3xx_HAL_Driver/Src/stm32f3xx_hal_cortex.o
 .debug_macro   0x000000000001bf32      0x23e Drivers/STM32F3xx_HAL_Driver/Src/stm32f3xx_hal_crc.o
 .debug_macro   0x000000000001c170      0x23e Drivers/STM32F3xx_HAL_Driver/Src/stm32f3xx_hal_crc_ex.o
 .debug_macro   0x000000000001c3ae      0x23e Drivers/STM32F3xx_HAL_Driver/Src/stm32f3xx_hal_dma.o
 .debug_macro   0x000000000001c5ec      0x276 Drivers/STM32F3xx_HAL_Driver/Src/stm32f3xx_hal_gpio.o
 .debug_macro   0x000000000001c862      0x303 Drivers/STM32F3xx_HAL_Driver/Src/stm32f3xx_hal_i2c.o
 .debug_macro   0x000000000001cb65      0x23e Drivers/STM32F3xx_HAL_Driver/Src/stm32f3xx_hal_i2c_ex.o
 .debug_macro   0x000000000001cda3      0x24a Drivers/STM32F3xx_HAL_Driver/Src/stm32f3xx_hal_pcd.o
 .debug_macro   0x000000000001cfed      0x262 Drivers/STM32F3xx_HAL_Driver/Src/stm32f3xx_hal_rcc.o
 .debug_macro   0x000000000001d24f      0x23e Drivers/STM32F3xx_HAL_Driver/Src/stm32f3xx_hal_rcc_ex.o
 .debug_macro   0x000000000001d48d      0x246 Drivers/STM32F3xx_HAL_Driver/Src/stm32f3xx_hal_spi.o
 .debug_macro   0x000000000001d6d3      0x23f Drivers/STM32F3xx_HAL_Driver/Src/stm32f3xx_hal_tim.o
 .debug_macro   0x000000000001d912      0x23e Drivers/STM32F3xx_HAL_Driver/Src/stm32f3xx_hal_tim_ex.o
 .debug_macro   0x000000000001db50      0x25b Drivers/STM32F3xx_HAL_Driver/Src/stm32f3xx_hal_uart.o
 .debug_macro   0x000000000001ddab      0x23e Drivers/STM32F3xx_HAL_Driver/Src/stm32f3xx_hal_uart_ex.o
 .debug_macro   0x000000000001dfe9      0x23e Drivers/STM32F3xx_HAL_Driver/Src/stm32f3xx_ll_usb.o

.debug_line     0x0000000000000000    0x15902
 .debug_line    0x0000000000000000      0x880 Core/Src/command_parser/commands.o
 .debug_line    0x0000000000000880      0xc8c Core/Src/command_parser/commands_parser.o
 .debug_line    0x000000000000150c      0xabc Core/Src/lidar/RPlidar.o
 .debug_line    0x0000000000001fc8      0xa9d Core/Src/main.o
 .debug_line    0x0000000000002a65      0x974 Core/Src/stm32f3xx_hal_msp.o
 .debug_line    0x00000000000033d9      0x906 Core/Src/stm32f3xx_it.o
 .debug_line    0x0000000000003cdf      0x826 Core/Src/system_stm32f3xx.o
 .debug_line    0x0000000000004505      0x8bc Core/Src/spi_handler/spi_handler.o
 .debug_line    0x0000000000004dc1       0x89 Core/Startup/startup_stm32f303vctx.o
 .debug_line    0x0000000000004e4a      0x9e3 Drivers/STM32F3xx_HAL_Driver/Src/stm32f3xx_hal.o
 .debug_line    0x000000000000582d     0x1ae1 Drivers/STM32F3xx_HAL_Driver/Src/stm32f3xx_hal_adc_ex.o
 .debug_line    0x000000000000730e      0xb18 Drivers/STM32F3xx_HAL_Driver/Src/stm32f3xx_hal_cortex.o
 .debug_line    0x0000000000007e26      0x95e Drivers/STM32F3xx_HAL_Driver/Src/stm32f3xx_hal_crc.o
 .debug_line    0x0000000000008784      0x86c Drivers/STM32F3xx_HAL_Driver/Src/stm32f3xx_hal_crc_ex.o
 .debug_line    0x0000000000008ff0      0xa22 Drivers/STM32F3xx_HAL_Driver/Src/stm32f3xx_hal_dma.o
 .debug_line    0x0000000000009a12      0x996 Drivers/STM32F3xx_HAL_Driver/Src/stm32f3xx_hal_gpio.o
 .debug_line    0x000000000000a3a8     0x1beb Drivers/STM32F3xx_HAL_Driver/Src/stm32f3xx_hal_i2c.o
 .debug_line    0x000000000000bf93      0x94c Drivers/STM32F3xx_HAL_Driver/Src/stm32f3xx_hal_i2c_ex.o
 .debug_line    0x000000000000c8df      0xdf8 Drivers/STM32F3xx_HAL_Driver/Src/stm32f3xx_hal_pcd.o
 .debug_line    0x000000000000d6d7      0xf5b Drivers/STM32F3xx_HAL_Driver/Src/stm32f3xx_hal_rcc.o
 .debug_line    0x000000000000e632      0xad4 Drivers/STM32F3xx_HAL_Driver/Src/stm32f3xx_hal_rcc_ex.o
 .debug_line    0x000000000000f106     0x1299 Drivers/STM32F3xx_HAL_Driver/Src/stm32f3xx_hal_spi.o
 .debug_line    0x000000000001039f     0x1caf Drivers/STM32F3xx_HAL_Driver/Src/stm32f3xx_hal_tim.o
 .debug_line    0x000000000001204e      0xea9 Drivers/STM32F3xx_HAL_Driver/Src/stm32f3xx_hal_tim_ex.o
 .debug_line    0x0000000000012ef7     0x1321 Drivers/STM32F3xx_HAL_Driver/Src/stm32f3xx_hal_uart.o
 .debug_line    0x0000000000014218      0x901 Drivers/STM32F3xx_HAL_Driver/Src/stm32f3xx_hal_uart_ex.o
 .debug_line    0x0000000000014b19      0xde9 Drivers/STM32F3xx_HAL_Driver/Src/stm32f3xx_ll_usb.o

.debug_str      0x0000000000000000    0xaea28
 .debug_str     0x0000000000000000    0xa2805 Core/Src/command_parser/commands.o
                                      0xa2e5e (size before relaxing)
 .debug_str     0x00000000000a2805     0x51e7 Core/Src/command_parser/commands_parser.o
                                      0xa820a (size before relaxing)
 .debug_str     0x00000000000a79ec      0xd30 Core/Src/lidar/RPlidar.o
                                      0xa457f (size before relaxing)
 .debug_str     0x00000000000a871c      0xe9f Core/Src/main.o
                                      0xa528e (size before relaxing)
 .debug_str     0x00000000000a95bb      0x144 Core/Src/stm32f3xx_hal_msp.o
                                      0xa46db (size before relaxing)
 .debug_str     0x00000000000a96ff      0x108 Core/Src/stm32f3xx_it.o
                                      0xa38ea (size before relaxing)
 .debug_str     0x00000000000a9807       0xc7 Core/Src/system_stm32f3xx.o
                                      0xa2b00 (size before relaxing)
 .debug_str     0x00000000000a98ce      0x14c Core/Src/spi_handler/spi_handler.o
                                      0xa36f4 (size before relaxing)
 .debug_str     0x00000000000a9a1a       0x36 Core/Startup/startup_stm32f303vctx.o
                                         0x97 (size before relaxing)
 .debug_str     0x00000000000a9a50      0x3c2 Drivers/STM32F3xx_HAL_Driver/Src/stm32f3xx_hal.o
                                      0xa3288 (size before relaxing)
 .debug_str     0x00000000000a9e12      0x817 Drivers/STM32F3xx_HAL_Driver/Src/stm32f3xx_hal_adc_ex.o
                                      0xa3744 (size before relaxing)
 .debug_str     0x00000000000aa629      0x3a3 Drivers/STM32F3xx_HAL_Driver/Src/stm32f3xx_hal_cortex.o
                                      0xa3396 (size before relaxing)
 .debug_str     0x00000000000aa9cc       0xbf Drivers/STM32F3xx_HAL_Driver/Src/stm32f3xx_hal_crc.o
                                      0xa2cbb (size before relaxing)
 .debug_str     0x00000000000aaa8b       0x82 Drivers/STM32F3xx_HAL_Driver/Src/stm32f3xx_hal_crc_ex.o
                                      0xa2c8e (size before relaxing)
 .debug_str     0x00000000000aab0d      0x248 Drivers/STM32F3xx_HAL_Driver/Src/stm32f3xx_hal_dma.o
                                      0xa2e66 (size before relaxing)
 .debug_str     0x00000000000aad55      0x224 Drivers/STM32F3xx_HAL_Driver/Src/stm32f3xx_hal_gpio.o
                                      0xa2d52 (size before relaxing)
 .debug_str     0x00000000000aaf79      0xe27 Drivers/STM32F3xx_HAL_Driver/Src/stm32f3xx_hal_i2c.o
                                      0xa3d40 (size before relaxing)
 .debug_str     0x00000000000abda0       0xf3 Drivers/STM32F3xx_HAL_Driver/Src/stm32f3xx_hal_i2c_ex.o
                                      0xa3023 (size before relaxing)
 .debug_str     0x00000000000abe93      0x3e1 Drivers/STM32F3xx_HAL_Driver/Src/stm32f3xx_hal_pcd.o
                                      0xa31ca (size before relaxing)
 .debug_str     0x00000000000ac274      0x2f9 Drivers/STM32F3xx_HAL_Driver/Src/stm32f3xx_hal_rcc.o
                                      0xa2f5a (size before relaxing)
 .debug_str     0x00000000000ac56d       0xd8 Drivers/STM32F3xx_HAL_Driver/Src/stm32f3xx_hal_rcc_ex.o
                                      0xa2d1e (size before relaxing)
 .debug_str     0x00000000000ac645      0x545 Drivers/STM32F3xx_HAL_Driver/Src/stm32f3xx_hal_spi.o
                                      0xa33c7 (size before relaxing)
 .debug_str     0x00000000000acb8a      0xdfa Drivers/STM32F3xx_HAL_Driver/Src/stm32f3xx_hal_tim.o
                                      0xa3ced (size before relaxing)
 .debug_str     0x00000000000ad984      0x591 Drivers/STM32F3xx_HAL_Driver/Src/stm32f3xx_hal_tim_ex.o
                                      0xa34f4 (size before relaxing)
 .debug_str     0x00000000000adf15      0x7c4 Drivers/STM32F3xx_HAL_Driver/Src/stm32f3xx_hal_uart.o
                                      0xa36ba (size before relaxing)
 .debug_str     0x00000000000ae6d9      0x160 Drivers/STM32F3xx_HAL_Driver/Src/stm32f3xx_hal_uart_ex.o
                                      0xa2f82 (size before relaxing)
 .debug_str     0x00000000000ae839      0x1ef Drivers/STM32F3xx_HAL_Driver/Src/stm32f3xx_ll_usb.o
                                      0xa2e7e (size before relaxing)

.comment        0x0000000000000000       0x7b
 .comment       0x0000000000000000       0x7b Core/Src/command_parser/commands.o
                                         0x7c (size before relaxing)
 .comment       0x000000000000007b       0x7c Core/Src/command_parser/commands_parser.o
 .comment       0x000000000000007b       0x7c Core/Src/lidar/RPlidar.o
 .comment       0x000000000000007b       0x7c Core/Src/main.o
 .comment       0x000000000000007b       0x7c Core/Src/stm32f3xx_hal_msp.o
 .comment       0x000000000000007b       0x7c Core/Src/stm32f3xx_it.o
 .comment       0x000000000000007b       0x7c Core/Src/system_stm32f3xx.o
 .comment       0x000000000000007b       0x7c Core/Src/spi_handler/spi_handler.o
 .comment       0x000000000000007b       0x7c Drivers/STM32F3xx_HAL_Driver/Src/stm32f3xx_hal.o
 .comment       0x000000000000007b       0x7c Drivers/STM32F3xx_HAL_Driver/Src/stm32f3xx_hal_adc_ex.o
 .comment       0x000000000000007b       0x7c Drivers/STM32F3xx_HAL_Driver/Src/stm32f3xx_hal_cortex.o
 .comment       0x000000000000007b       0x7c Drivers/STM32F3xx_HAL_Driver/Src/stm32f3xx_hal_crc.o
 .comment       0x000000000000007b       0x7c Drivers/STM32F3xx_HAL_Driver/Src/stm32f3xx_hal_crc_ex.o
 .comment       0x000000000000007b       0x7c Drivers/STM32F3xx_HAL_Driver/Src/stm32f3xx_hal_dma.o
 .comment       0x000000000000007b       0x7c Drivers/STM32F3xx_HAL_Driver/Src/stm32f3xx_hal_gpio.o
 .comment       0x000000000000007b       0x7c Drivers/STM32F3xx_HAL_Driver/Src/stm32f3xx_hal_i2c.o
 .comment       0x000000000000007b       0x7c Drivers/STM32F3xx_HAL_Driver/Src/stm32f3xx_hal_i2c_ex.o
 .comment       0x000000000000007b       0x7c Drivers/STM32F3xx_HAL_Driver/Src/stm32f3xx_hal_pcd.o
 .comment       0x000000000000007b       0x7c Drivers/STM32F3xx_HAL_Driver/Src/stm32f3xx_hal_rcc.o
 .comment       0x000000000000007b       0x7c Drivers/STM32F3xx_HAL_Driver/Src/stm32f3xx_hal_rcc_ex.o
 .comment       0x000000000000007b       0x7c Drivers/STM32F3xx_HAL_Driver/Src/stm32f3xx_hal_spi.o
 .comment       0x000000000000007b       0x7c Drivers/STM32F3xx_HAL_Driver/Src/stm32f3xx_hal_tim.o
 .comment       0x000000000000007b       0x7c Drivers/STM32F3xx_HAL_Driver/Src/stm32f3xx_hal_tim_ex.o
 .comment       0x000000000000007b       0x7c Drivers/STM32F3xx_HAL_Driver/Src/stm32f3xx_hal_uart.o
 .comment       0x000000000000007b       0x7c Drivers/STM32F3xx_HAL_Driver/Src/stm32f3xx_hal_uart_ex.o
 .comment       0x000000000000007b       0x7c Drivers/STM32F3xx_HAL_Driver/Src/stm32f3xx_ll_usb.o

.debug_frame    0x0000000000000000     0x6428
 .debug_frame   0x0000000000000000       0xd8 Core/Src/command_parser/commands.o