main.c:117:6:HAL_UART_RxCpltCallback	16	static
main.c:125:6:update_LEDs	24	static
main.c:146:5:main	8	static
main.c:213:6:SystemClock_Config	128	static
main.c:267:13:MX_ADC1_Init	48	static
main.c:330:13:MX_CRC_Init	8	static
main.c:363:13:MX_I2C1_Init	8	static
main.c:409:13:MX_IWDG_Init	8	static
main.c:439:13:MX_SPI1_Init	8	static
main.c:479:13:MX_UART4_Init	8	static
main.c:514:13:MX_UART5_Init	8	static
main.c:549:13:MX_USB_PCD_Init	8	static
main.c:578:13:MX_DMA_Init	16	static
main.c:596:13:MX_GPIO_Init	56	static
main.c:668:6:Error_Handler	4	static
