stm32f3xx_it.c:76:6:NMI_Handler	4	static
stm32f3xx_it.c:89:6:HardFault_Handler	4	static
stm32f3xx_it.c:104:6:MemManage_Handler	4	static
stm32f3xx_it.c:119:6:BusFault_Handler	4	static
stm32f3xx_it.c:134:6:UsageFault_Handler	4	static
stm32f3xx_it.c:149:6:SVC_Handler	4	static
stm32f3xx_it.c:162:6:DebugMon_Handler	4	static
stm32f3xx_it.c:175:6:PendSV_Handler	4	static
stm32f3xx_it.c:188:6:SysTick_Handler	8	static
stm32f3xx_it.c:209:6:DMA1_Channel4_IRQHandler	8	static
stm32f3xx_it.c:223:6:ADC1_2_IRQHandler	8	static
stm32f3xx_it.c:237:6:SPI1_IRQHandler	8	static
stm32f3xx_it.c:251:6:USART1_IRQHandler	8	static
stm32f3xx_it.c:265:6:UART4_IRQHandler	8	static
stm32f3xx_it.c:279:6:TIM7_IRQHandler	8	static
stm32f3xx_it.c:293:6:DMA2_Channel3_IRQHandler	8	static
